Warning: TTY mode is not supported on Windows platform.
[INFO] No existing driver data to migrate.
Starting data migration from drivers to drivers_normalized...
Migrating 0 driver records...
Data migration completed successfully!
Starting data migration from drivers to transactional tables...
Data migration completed successfully!
[INFO] No existing driver data to migrate.
Starting data migration from drivers to drivers_normalized...
Migrating 0 driver records...
Data migration completed successfully!
Starting data migration from drivers to transactional tables...
Data migration completed successfully!
[INFO] No existing driver data to migrate.
Starting data migration from drivers to drivers_normalized...
Migrating 0 driver records...
Data migration completed successfully!
Starting data migration from drivers to transactional tables...
Data migration completed successfully!
[INFO] No existing driver data to migrate.
Starting data migration from drivers to drivers_normalized...
Migrating 0 driver records...
Data migration completed successfully!
Starting data migration from drivers to transactional tables...
Data migration completed successfully!
[INFO] No existing driver data to migrate.
Starting data migration from drivers to drivers_normalized...
Migrating 0 driver records...
Data migration completed successfully!
Starting data migration from drivers to transactional tables...
Data migration completed successfully!
[INFO] No existing driver data to migrate.
Starting data migration from drivers to drivers_normalized...
Migrating 0 driver records...
Data migration completed successfully!
Starting data migration from drivers to transactional tables...
Data migration completed successfully!
[INFO] No existing driver data to migrate.
Starting data migration from drivers to drivers_normalized...
Migrating 0 driver records...
Data migration completed successfully!
Starting data migration from drivers to transactional tables...
Data migration completed successfully!
[INFO] No existing driver data to migrate.
Starting data migration from drivers to drivers_normalized...
Migrating 0 driver records...
Data migration completed successfully!
Starting data migration from drivers to transactional tables...
Data migration completed successfully!
[INFO] No existing driver data to migrate.
Starting data migration from drivers to drivers_normalized...
Migrating 0 driver records...
Data migration completed successfully!
Starting data migration from drivers to transactional tables...
Data migration completed successfully!

  [37;41;1m FAIL [39;49;22m[39m Tests\Unit\ModelRelationshipsTest[39m
  [31;1m⨯[39;22m[39m [2mdriver has banking details relationship[22m[39m
  [31;1m⨯[39;22m[39m [2mdriver has documents relationship[22m[39m
  [31;1m⨯[39;22m[39m [2mdriver has next of kin relationship[22m[39m
  [31;1m⨯[39;22m[39m [2mdriver has performance relationship[22m[39m
  [31;1m⨯[39;22m[39m [2mdriver has matches relationship[22m[39m
  [31;1m⨯[39;22m[39m [2mdriver has category requirements relationship[22m[39m
  [31;1m⨯[39;22m[39m [2mdriver banking detail belongs to driver[22m[39m
  [31;1m⨯[39;22m[39m [2mdriver document belongs to driver[22m[39m
  [31;1m⨯[39;22m[39m [2mdriver next of kin belongs to driver[22m[39m
  [31;1m⨯[39;22m[39m [2mdriver performance belongs to driver[22m[39m
  [31;1m⨯[39;22m[39m [2mdriver match belongs to driver[22m[39m
  [31;1m⨯[39;22m[39m [2mdriver category requirement belongs to driver[22m[39m
  [31;1m⨯[39;22m[39m [2mdriver can create transactional data[22m[39m
  [31;1m⨯[39;22m[39m [2mdriver cascading delete works[22m[39m

  [2m---[22m

  [31;1m• Tests\Unit\ModelRelationshipsTest [39;22m> [31;1mdriver has banking details relationship[39;22m
  [41;1m Illuminate\Database\QueryException [49;22m

[39;1m  SQLSTATE[42S02]: Base table or view not found: 1146 Table 'drivelink_db.personal_access_tokens' doesn't exist (SQL: alter table `personal_access_tokens` add index `personal_access_tokens_tokenable_type_tokenable_id_index`(`tokenable_type`, `tokenable_id`))[39;22m

  at [32mC:\xampp\htdocs\drivelink\vendor\laravel\framework\src\Illuminate\Database\Connection.php[39m:[32m760[39m
    756▕         // If an exception occurs when attempting to run a query, we'll format the error
    757▕         // message to include the bindings with SQL, which will make this exception a
    758▕         // lot more helpful to the developer instead of just the database's errors.
    759▕         catch (Exception $e) {
  ➜ 760▕             throw new QueryException(
    761▕                 $query, $this->prepareBindings($bindings), $e
    762▕             );
    763▕         }
    764▕     }

  [33m1   [39m[39;1mC:\xampp\htdocs\drivelink\vendor\laravel\framework\src\Illuminate\Database\Connection.php[39;22m:[39;1m545[39;22m
  [90m    PDOException::("SQLSTATE[42S02]: Base table or view not found: 1146 Table 'drivelink_db.personal_access_tokens' doesn't exist")[39m

  [33m2   [39m[39;1mC:\xampp\htdocs\drivelink\vendor\laravel\framework\src\Illuminate\Database\Connection.php[39;22m:[39;1m545[39;22m
  [90m    PDOStatement::execute()[39m

  [33m3   [39m[39;1mC:\xampp\htdocs\drivelink\vendor\laravel\framework\src\Illuminate\Database\Connection.php[39;22m:[39;1m753[39;22m
  [90m    Illuminate\Database\Connection::Illuminate\Database\{closure}("alter table `personal_access_tokens` add index `personal_access_tokens_tokenable_type_tokenable_id_index`(`tokenable_type`, `tokenable_id`)", [])[39m

  [33m4   [39m[39;1mC:\xampp\htdocs\drivelink\vendor\laravel\framework\src\Illuminate\Database\Connection.php[39;22m:[39;1m720[39;22m
  [90m    Illuminate\Database\Connection::runQueryCallback("alter table `personal_access_tokens` add index `personal_access_tokens_tokenable_type_tokenable_id_index`(`tokenable_type`, `tokenable_id`)", [], Object(Closure))[39m

  [33m5   [39m[39;1mC:\xampp\htdocs\drivelink\vendor\laravel\framework\src\Illuminate\Database\Connection.php[39;22m:[39;1m534[39;22m
  [90m    Illuminate\Database\Connection::run("alter table `personal_access_tokens` add index `personal_access_tokens_tokenable_type_tokenable_id_index`(`tokenable_type`, `tokenable_id`)", [], Object(Closure))[39m

  [33m6   [39m[39;1mC:\xampp\htdocs\drivelink\vendor\laravel\framework\src\Illuminate\Database\Schema\Blueprint.php[39;22m:[39;1m109[39;22m
  [90m    Illuminate\Database\Connection::statement("alter table `personal_access_tokens` add index `personal_access_tokens_tokenable_type_tokenable_id_index`(`tokenable_type`, `tokenable_id`)")[39m

  [33m7   [39m[39;1mC:\xampp\htdocs\drivelink\vendor\laravel\framework\src\Illuminate\Database\Schema\Builder.php[39;22m:[39;1m439[39;22m
  [90m    Illuminate\Database\Schema\Blueprint::build(Object(Illuminate\Database\MySqlConnection), Object(Illuminate\Database\Schema\Grammars\MySqlGrammar))[39m

  [33m8   [39m[39;1mC:\xampp\htdocs\drivelink\vendor\laravel\framework\src\Illuminate\Database\Schema\Builder.php[39;22m:[39;1m281[39;22m
  [90m    Illuminate\Database\Schema\Builder::build(Object(Illuminate\Database\Schema\Blueprint))[39m

  [33m9   [39m[39;1mC:\xampp\htdocs\drivelink\vendor\laravel\framework\src\Illuminate\Support\Facades\Facade.php[39;22m:[39;1m338[39;22m
  [90m    Illuminate\Database\Schema\Builder::create("personal_access_tokens", Object(Closure))[39m

  [33m10  [39m[39;1mC:\xampp\htdocs\drivelink\database\migrations\2019_12_14_000001_create_personal_access_tokens_table.php[39;22m:[39;1m16[39;22m
  [90m    Illuminate\Support\Facades\Facade::__callStatic("create")[39m

  [33m11  [39m[39;1mC:\xampp\htdocs\drivelink\vendor\laravel\framework\src\Illuminate\Database\Migrations\Migrator.php[39;22m:[39;1m496[39;22m
  [90m    Illuminate\Database\Migrations\Migration@anonymous\C:\xampp\htdocs\drivelink\database\migrations\2019_12_14_000001_create_personal_access_tokens_table.php:7$160::up()[39m

  [33m12  [39m[39;1mC:\xampp\htdocs\drivelink\vendor\laravel\framework\src\Illuminate\Database\Migrations\Migrator.php[39;22m:[39;1m414[39;22m
  [90m    Illuminate\Database\Migrations\Migrator::runMethod(Object(Illuminate\Database\MySqlConnection), Object(Illuminate\Database\Migrations\Migration@anonymous\C:\xampp\htdocs\drivelink\database\migrations\2019_12_14_000001_create_personal_access_tokens_table.php:7$160), "up")[39m

  [33m13  [39m[39;1mC:\xampp\htdocs\drivelink\vendor\laravel\framework\src\Illuminate\Database\Migrations\Migrator.php[39;22m:[39;1m423[39;22m
  [90m    Illuminate\Database\Migrations\Migrator::Illuminate\Database\Migrations\{closure}()[39m

  [33m14  [39m[39;1mC:\xampp\htdocs\drivelink\vendor\laravel\framework\src\Illuminate\Database\Migrations\Migrator.php[39;22m:[39;1m224[39;22m
  [90m    Illuminate\Database\Migrations\Migrator::runMigration(Object(Illuminate\Database\Migrations\Migration@anonymous\C:\xampp\htdocs\drivelink\database\migrations\2019_12_14_000001_create_personal_access_tokens_table.php:7$160), "up")[39m

  [33m15  [39m[39;1mC:\xampp\htdocs\drivelink\vendor\laravel\framework\src\Illuminate\Console\View\Components\Task.php[39;22m:[39;1m37[39;22m
  [90m    Illuminate\Database\Migrations\Migrator::Illuminate\Database\Migrations\{closure}()[39m

  [33m16  [39m[39;1mC:\xampp\htdocs\drivelink\vendor\laravel\framework\src\Illuminate\Database\Migrations\Migrator.php[39;22m:[39;1m778[39;22m
  [90m    Illuminate\Console\View\Components\Task::render("2019_12_14_000001_create_personal_access_tokens_table", Object(Closure))[39m

  [33m17  [39m[39;1mC:\xampp\htdocs\drivelink\vendor\laravel\framework\src\Illuminate\Database\Migrations\Migrator.php[39;22m:[39;1m224[39;22m
  [90m    Illuminate\Database\Migrations\Migrator::write("Illuminate\Console\View\Components\Task", "2019_12_14_000001_create_personal_access_tokens_table", Object(Closure))[39m

  [33m18  [39m[39;1mC:\xampp\htdocs\drivelink\vendor\laravel\framework\src\Illuminate\Database\Migrations\Migrator.php[39;22m:[39;1m189[39;22m
  [90m    Illuminate\Database\Migrations\Migrator::runUp("C:\xampp\htdocs\drivelink\database\migrations/2019_12_14_000001_create_personal_access_tokens_table.php")[39m

  [33m19  [39m[39;1mC:\xampp\htdocs\drivelink\vendor\laravel\framework\src\Illuminate\Database\Migrations\Migrator.php[39;22m:[39;1m132[39;22m
  [90m    Illuminate\Database\Migrations\Migrator::runPending([])[39m

  [33m20  [39m[39;1mC:\xampp\htdocs\drivelink\vendor\laravel\framework\src\Illuminate\Database\Console\Migrations\MigrateCommand.php[39;22m:[39;1m88[39;22m
  [90m    Illuminate\Database\Migrations\Migrator::run([])[39m

  [33m21  [39m[39;1mC:\xampp\htdocs\drivelink\vendor\laravel\framework\src\Illuminate\Database\Migrations\Migrator.php[39;22m:[39;1m636[39;22m
  [90m    Illuminate\Database\Console\Migrations\MigrateCommand::Illuminate\Database\Console\Migrations\{closure}()[39m

  [33m22  [39m[39;1mC:\xampp\htdocs\drivelink\vendor\laravel\framework\src\Illuminate\Database\Console\Migrations\MigrateCommand.php[39;22m:[39;1m81[39;22m
  [90m    Illuminate\Database\Migrations\Migrator::usingConnection(Object(Closure))[39m

  [33m23  [39m[39;1mC:\xampp\htdocs\drivelink\vendor\laravel\framework\src\Illuminate\Container\BoundMethod.php[39;22m:[39;1m36[39;22m
  [90m    Illuminate\Database\Console\Migrations\MigrateCommand::handle()[39m

  [33m24  [39m[39;1mC:\xampp\htdocs\drivelink\vendor\laravel\framework\src\Illuminate\Container\Util.php[39;22m:[39;1m41[39;22m
  [90m    Illuminate\Container\BoundMethod::Illuminate\Container\{closure}()[39m

  [33m25  [39m[39;1mC:\xampp\htdocs\drivelink\vendor\laravel\framework\src\Illuminate\Container\BoundMethod.php[39;22m:[39;1m93[39;22m
  [90m    Illuminate\Container\Util::unwrapIfClosure(Object(Closure))[39m

  [33m26  [39m[39;1mC:\xampp\htdocs\drivelink\vendor\laravel\framework\src\Illuminate\Container\BoundMethod.php[39;22m:[39;1m35[39;22m
  [90m    Illuminate\Container\BoundMethod::callBoundMethod(Object(Illuminate\Foundation\Application), Object(Closure))[39m

  [33m27  [39m[39;1mC:\xampp\htdocs\drivelink\vendor\laravel\framework\src\Illuminate\Container\Container.php[39;22m:[39;1m661[39;22m
  [90m    Illuminate\Container\BoundMethod::call(Object(Illuminate\Foundation\Application), [])[39m

  [33m28  [39m[39;1mC:\xampp\htdocs\drivelink\vendor\laravel\framework\src\Illuminate\Console\Command.php[39;22m:[39;1m183[39;22m
  [90m    Illuminate\Container\Container::call()[39m

  [33m29  [39m[39;1mC:\xampp\htdocs\drivelink\vendor\symfony\console\Command\Command.php[39;22m:[39;1m291[39;22m
  [90m    Illuminate\Console\Command::execute(Object(Symfony\Component\Console\Input\ArrayInput), Object(Mockery_1_Illuminate_Console_OutputStyle))[39m

  [33m30  [39m[39;1mC:\xampp\htdocs\drivelink\vendor\laravel\framework\src\Illuminate\Console\Command.php[39;22m:[39;1m152[39;22m
  [90m    Symfony\Component\Console\Command\Command::run(Object(Symfony\Component\Console\Input\ArrayInput), Object(Mockery_1_Illuminate_Console_OutputStyle))[39m

  [33m31  [39m[39;1mC:\xampp\htdocs\drivelink\vendor\laravel\framework\src\Illuminate\Console\Concerns\CallsCommands.php[39;22m:[39;1m67[39;22m
  [90m    Illuminate\Console\Command::run(Object(Symfony\Component\Console\Input\ArrayInput), Object(Mockery_1_Illuminate_Console_OutputStyle))[39m

  [33m32  [39m[39;1mC:\xampp\htdocs\drivelink\vendor\laravel\framework\src\Illuminate\Console\Concerns\CallsCommands.php[39;22m:[39;1m28[39;22m
  [90m    Illuminate\Console\Command::runCommand("migrate", ["migrate"], Object(Mockery_1_Illuminate_Console_OutputStyle))[39m

  [33m33  [39m[39;1mC:\xampp\htdocs\drivelink\vendor\laravel\framework\src\Illuminate\Database\Console\Migrations\FreshCommand.php[39;22m:[39;1m53[39;22m
  [90m    Illuminate\Console\Command::call("migrate", [])[39m

  [33m34  [39m[39;1mC:\xampp\htdocs\drivelink\vendor\laravel\framework\src\Illuminate\Container\BoundMethod.php[39;22m:[39;1m36[39;22m
  [90m    Illuminate\Database\Console\Migrations\FreshCommand::handle()[39m

  [33m35  [39m[39;1mC:\xampp\htdocs\drivelink\vendor\laravel\framework\src\Illuminate\Container\Util.php[39;22m:[39;1m41[39;22m
  [90m    Illuminate\Container\BoundMethod::Illuminate\Container\{closure}()[39m

  [33m36  [39m[39;1mC:\xampp\htdocs\drivelink\vendor\laravel\framework\src\Illuminate\Container\BoundMethod.php[39;22m:[39;1m93[39;22m
  [90m    Illuminate\Container\Util::unwrapIfClosure(Object(Closure))[39m

  [33m37  [39m[39;1mC:\xampp\htdocs\drivelink\vendor\laravel\framework\src\Illuminate\Container\BoundMethod.php[39;22m:[39;1m35[39;22m
  [90m    Illuminate\Container\BoundMethod::callBoundMethod(Object(Illuminate\Foundation\Application), Object(Closure))[39m

  [33m38  [39m[39;1mC:\xampp\htdocs\drivelink\vendor\laravel\framework\src\Illuminate\Container\Container.php[39;22m:[39;1m661[39;22m
  [90m    Illuminate\Container\BoundMethod::call(Object(Illuminate\Foundation\Application), [])[39m

  [33m39  [39m[39;1mC:\xampp\htdocs\drivelink\vendor\laravel\framework\src\Illuminate\Console\Command.php[39;22m:[39;1m183[39;22m
  [90m    Illuminate\Container\Container::call()[39m

  [33m40  [39m[39;1mC:\xampp\htdocs\drivelink\vendor\symfony\console\Command\Command.php[39;22m:[39;1m291[39;22m
  [90m    Illuminate\Console\Command::execute(Object(Symfony\Component\Console\Input\ArrayInput), Object(Mockery_1_Illuminate_Console_OutputStyle))[39m

  [33m41  [39m[39;1mC:\xampp\htdocs\drivelink\vendor\laravel\framework\src\Illuminate\Console\Command.php[39;22m:[39;1m152[39;22m
  [90m    Symfony\Component\Console\Command\Command::run(Object(Symfony\Component\Console\Input\ArrayInput), Object(Mockery_1_Illuminate_Console_OutputStyle))[39m

  [33m42  [39m[39;1mC:\xampp\htdocs\drivelink\vendor\symfony\console\Application.php[39;22m:[39;1m1014[39;22m
  [90m    Illuminate\Console\Command::run(Object(Symfony\Component\Console\Input\ArrayInput), Object(Mockery_1_Illuminate_Console_OutputStyle))[39m

  [33m43  [39m[39;1mC:\xampp\htdocs\drivelink\vendor\symfony\console\Application.php[39;22m:[39;1m301[39;22m
  [90m    Symfony\Component\Console\Application::doRunCommand(Object(Illuminate\Database\Console\Migrations\FreshCommand), Object(Symfony\Component\Console\Input\ArrayInput), Object(Mockery_1_Illuminate_Console_OutputStyle))[39m

  [33m44  [39m[39;1mC:\xampp\htdocs\drivelink\vendor\symfony\console\Application.php[39;22m:[39;1m171[39;22m
  [90m    Symfony\Component\Console\Application::doRun(Object(Symfony\Component\Console\Input\ArrayInput), Object(Mockery_1_Illuminate_Console_OutputStyle))[39m

  [33m45  [39m[39;1mC:\xampp\htdocs\drivelink\vendor\laravel\framework\src\Illuminate\Console\Application.php[39;22m:[39;1m102[39;22m
  [90m    Symfony\Component\Console\Application::run(Object(Symfony\Component\Console\Input\ArrayInput), Object(Mockery_1_Illuminate_Console_OutputStyle))[39m

  [33m46  [39m[39;1mC:\xampp\htdocs\drivelink\vendor\laravel\framework\src\Illuminate\Console\Application.php[39;22m:[39;1m193[39;22m
  [90m    Illuminate\Console\Application::run(Object(Symfony\Component\Console\Input\ArrayInput), Object(Mockery_1_Illuminate_Console_OutputStyle))[39m

  [33m47  [39m[39;1mC:\xampp\htdocs\drivelink\vendor\laravel\framework\src\Illuminate\Foundation\Console\Kernel.php[39;22m:[39;1m336[39;22m
  [90m    Illuminate\Console\Application::call("migrate:fresh", [], Object(Mockery_1_Illuminate_Console_OutputStyle))[39m

  [33m48  [39m[39;1mC:\xampp\htdocs\drivelink\vendor\laravel\framework\src\Illuminate\Testing\PendingCommand.php[39;22m:[39;1m296[39;22m
  [90m    Illuminate\Foundation\Console\Kernel::call("migrate:fresh", [], Object(Mockery_1_Illuminate_Console_OutputStyle))[39m

  [33m49  [39m[39;1mC:\xampp\htdocs\drivelink\vendor\laravel\framework\src\Illuminate\Testing\PendingCommand.php[39;22m:[39;1m481[39;22m
  [90m    Illuminate\Testing\PendingCommand::run()[39m

  [33m50  [39m[39;1mC:\xampp\htdocs\drivelink\vendor\laravel\framework\src\Illuminate\Foundation\Testing\Concerns\InteractsWithConsole.php[39;22m:[39;1m80[39;22m
  [90m    Illuminate\Testing\PendingCommand::__destruct()[39m

  [33m51  [39m[39;1mC:\xampp\htdocs\drivelink\vendor\laravel\framework\src\Illuminate\Foundation\Testing\RefreshDatabase.php[39;22m:[39;1m73[39;22m
  [90m    Illuminate\Foundation\Testing\TestCase::artisan("migrate:fresh", [])[39m

  [33m52  [39m[39;1mC:\xampp\htdocs\drivelink\vendor\laravel\framework\src\Illuminate\Foundation\Testing\RefreshDatabase.php[39;22m:[39;1m23[39;22m
  [90m    Tests\Unit\ModelRelationshipsTest::refreshTestDatabase()[39m

  [33m53  [39m[39;1mC:\xampp\htdocs\drivelink\vendor\laravel\framework\src\Illuminate\Foundation\Testing\TestCase.php[39;22m:[39;1m127[39;22m
  [90m    Tests\Unit\ModelRelationshipsTest::refreshDatabase()[39m

  [33m54  [39m[39;1mC:\xampp\htdocs\drivelink\vendor\laravel\framework\src\Illuminate\Foundation\Testing\TestCase.php[39;22m:[39;1m96[39;22m
  [90m    Illuminate\Foundation\Testing\TestCase::setUpTraits()[39m

  [33m55  [39m[39;1mC:\xampp\htdocs\drivelink\tests\TestCase.php[39;22m:[39;1m29[39;22m
  [90m    Illuminate\Foundation\Testing\TestCase::setUp()[39m

  [33m56  [39m[39;1mC:\xampp\htdocs\drivelink\vendor\phpunit\phpunit\src\Framework\TestCase.php[39;22m:[39;1m1216[39;22m
  [90m    Tests\TestCase::setUp()[39m

  [33m57  [39m[39;1mC:\xampp\htdocs\drivelink\vendor\phpunit\phpunit\src\Framework\TestResult.php[39;22m:[39;1m729[39;22m
  [90m    PHPUnit\Framework\TestCase::runBare()[39m

  [33m58  [39m[39;1mC:\xampp\htdocs\drivelink\vendor\phpunit\phpunit\src\Framework\TestCase.php[39;22m:[39;1m973[39;22m
  [90m    PHPUnit\Framework\TestResult::run(Object(Tests\Unit\ModelRelationshipsTest))[39m

  [33m59  [39m[39;1mC:\xampp\htdocs\drivelink\vendor\phpunit\phpunit\src\Framework\TestSuite.php[39;22m:[39;1m685[39;22m
  [90m    PHPUnit\Framework\TestCase::run(Object(PHPUnit\Framework\TestResult))[39m

  [33m60  [39m[39;1mC:\xampp\htdocs\drivelink\vendor\phpunit\phpunit\src\Framework\TestSuite.php[39;22m:[39;1m685[39;22m
  [90m    PHPUnit\Framework\TestSuite::run(Object(PHPUnit\Framework\TestResult))[39m

  [33m61  [39m[39;1mC:\xampp\htdocs\drivelink\vendor\phpunit\phpunit\src\Framework\TestSuite.php[39;22m:[39;1m685[39;22m
  [90m    PHPUnit\Framework\TestSuite::run(Object(PHPUnit\Framework\TestResult))[39m

  [33m62  [39m[39;1mC:\xampp\htdocs\drivelink\vendor\phpunit\phpunit\src\TextUI\TestRunner.php[39;22m:[39;1m651[39;22m
  [90m    PHPUnit\Framework\TestSuite::run(Object(PHPUnit\Framework\TestResult))[39m

  [33m63  [39m[39;1mC:\xampp\htdocs\drivelink\vendor\phpunit\phpunit\src\TextUI\Command.php[39;22m:[39;1m146[39;22m
  [90m    PHPUnit\TextUI\TestRunner::run(Object(PHPUnit\Framework\TestSuite), [])[39m

  [33m64  [39m[39;1mC:\xampp\htdocs\drivelink\vendor\phpunit\phpunit\src\TextUI\Command.php[39;22m:[39;1m99[39;22m
  [90m    PHPUnit\TextUI\Command::run()[39m

  [33m65  [39m[39;1mC:\xampp\htdocs\drivelink\vendor\phpunit\phpunit\phpunit[39;22m:[39;1m107[39;22m
  [90m    PHPUnit\TextUI\Command::main()[39m

  [31;1m• Tests\Unit\ModelRelationshipsTest [39;22m> [31;1mdriver has documents relationship[39;22m
  [41;1m Illuminate\Database\QueryException [49;22m

[39;1m  SQLSTATE[HY000]: General error: 1005 Can't create table `drivelink_db`.`local_governments` (errno: 150 "Foreign key constraint is incorrectly formed") (SQL: alter table `local_governments` add constraint `local_governments_state_id_foreign` foreign key (`state_id`) references `states` (`id`) on delete cascade)[39;22m

  at [32mC:\xampp\htdocs\drivelink\vendor\laravel\framework\src\Illuminate\Database\Connection.php[39m:[32m760[39m
    756▕         // If an exception occurs when attempting to run a query, we'll format the error
    757▕         // message to include the bindings with SQL, which will make this exception a
    758▕         // lot more helpful to the developer instead of just the database's errors.
    759▕         catch (Exception $e) {
  ➜ 760▕             throw new QueryException(
    761▕                 $query, $this->prepareBindings($bindings), $e
    762▕             );
    763▕         }
    764▕     }

  [33m1   [39m[39;1mC:\xampp\htdocs\drivelink\vendor\laravel\framework\src\Illuminate\Database\Connection.php[39;22m:[39;1m545[39;22m
  [90m    PDOException::("SQLSTATE[HY000]: General error: 1005 Can't create table `drivelink_db`.`local_governments` (errno: 150 "Foreign key constraint is incorrectly formed")")[39m

  [33m2   [39m[39;1mC:\xampp\htdocs\drivelink\vendor\laravel\framework\src\Illuminate\Database\Connection.php[39;22m:[39;1m545[39;22m
  [90m    PDOStatement::execute()[39m

  [33m3   [39m[39;1mC:\xampp\htdocs\drivelink\vendor\laravel\framework\src\Illuminate\Database\Connection.php[39;22m:[39;1m753[39;22m
  [90m    Illuminate\Database\Connection::Illuminate\Database\{closure}("alter table `local_governments` add constraint `local_governments_state_id_foreign` foreign key (`state_id`) references `states` (`id`) on delete cascade", [])[39m

  [33m4   [39m[39;1mC:\xampp\htdocs\drivelink\vendor\laravel\framework\src\Illuminate\Database\Connection.php[39;22m:[39;1m720[39;22m
  [90m    Illuminate\Database\Connection::runQueryCallback("alter table `local_governments` add constraint `local_governments_state_id_foreign` foreign key (`state_id`) references `states` (`id`) on delete cascade", [], Object(Closure))[39m

  [33m5   [39m[39;1mC:\xampp\htdocs\drivelink\vendor\laravel\framework\src\Illuminate\Database\Connection.php[39;22m:[39;1m534[39;22m
  [90m    Illuminate\Database\Connection::run("alter table `local_governments` add constraint `local_governments_state_id_foreign` foreign key (`state_id`) references `states` (`id`) on delete cascade", [], Object(Closure))[39m

  [33m6   [39m[39;1mC:\xampp\htdocs\drivelink\vendor\laravel\framework\src\Illuminate\Database\Schema\Blueprint.php[39;22m:[39;1m109[39;22m
  [90m    Illuminate\Database\Connection::statement("alter table `local_governments` add constraint `local_governments_state_id_foreign` foreign key (`state_id`) references `states` (`id`) on delete cascade")[39m

  [33m7   [39m[39;1mC:\xampp\htdocs\drivelink\vendor\laravel\framework\src\Illuminate\Database\Schema\Builder.php[39;22m:[39;1m439[39;22m
  [90m    Illuminate\Database\Schema\Blueprint::build(Object(Illuminate\Database\MySqlConnection), Object(Illuminate\Database\Schema\Grammars\MySqlGrammar))[39m

  [33m8   [39m[39;1mC:\xampp\htdocs\drivelink\vendor\laravel\framework\src\Illuminate\Database\Schema\Builder.php[39;22m:[39;1m281[39;22m
  [90m    Illuminate\Database\Schema\Builder::build(Object(Illuminate\Database\Schema\Blueprint))[39m

  [33m9   [39m[39;1mC:\xampp\htdocs\drivelink\vendor\laravel\framework\src\Illuminate\Support\Facades\Facade.php[39;22m:[39;1m338[39;22m
  [90m    Illuminate\Database\Schema\Builder::create("local_governments", Object(Closure))[39m

  [33m10  [39m[39;1mC:\xampp\htdocs\drivelink\database\migrations\2025_01_10_100000_ensure_lookup_tables_exist.php[39;22m:[39;1m27[39;22m
  [90m    Illuminate\Support\Facades\Facade::__callStatic("create")[39m

  [33m11  [39m[39;1mC:\xampp\htdocs\drivelink\vendor\laravel\framework\src\Illuminate\Database\Migrations\Migrator.php[39;22m:[39;1m496[39;22m
  [90m    Illuminate\Database\Migrations\Migration@anonymous\C:\xampp\htdocs\drivelink\database\migrations\2025_01_10_100000_ensure_lookup_tables_exist.php:8$16a::up()[39m

  [33m12  [39m[39;1mC:\xampp\htdocs\drivelink\vendor\laravel\framework\src\Illuminate\Database\Migrations\Migrator.php[39;22m:[39;1m414[39;22m
  [90m    Illuminate\Database\Migrations\Migrator::runMethod(Object(Illuminate\Database\MySqlConnection), Object(Illuminate\Database\Migrations\Migration@anonymous\C:\xampp\htdocs\drivelink\database\migrations\2025_01_10_100000_ensure_lookup_tables_exist.php:8$16a), "up")[39m

  [33m13  [39m[39;1mC:\xampp\htdocs\drivelink\vendor\laravel\framework\src\Illuminate\Database\Migrations\Migrator.php[39;22m:[39;1m423[39;22m
  [90m    Illuminate\Database\Migrations\Migrator::Illuminate\Database\Migrations\{closure}()[39m

  [33m14  [39m[39;1mC:\xampp\htdocs\drivelink\vendor\laravel\framework\src\Illuminate\Database\Migrations\Migrator.php[39;22m:[39;1m224[39;22m
  [90m    Illuminate\Database\Migrations\Migrator::runMigration(Object(Illuminate\Database\Migrations\Migration@anonymous\C:\xampp\htdocs\drivelink\database\migrations\2025_01_10_100000_ensure_lookup_tables_exist.php:8$16a), "up")[39m

  [33m15  [39m[39;1mC:\xampp\htdocs\drivelink\vendor\laravel\framework\src\Illuminate\Console\View\Components\Task.php[39;22m:[39;1m37[39;22m
  [90m    Illuminate\Database\Migrations\Migrator::Illuminate\Database\Migrations\{closure}()[39m

  [33m16  [39m[39;1mC:\xampp\htdocs\drivelink\vendor\laravel\framework\src\Illuminate\Database\Migrations\Migrator.php[39;22m:[39;1m778[39;22m
  [90m    Illuminate\Console\View\Components\Task::render("2025_01_10_100000_ensure_lookup_tables_exist", Object(Closure))[39m

  [33m17  [39m[39;1mC:\xampp\htdocs\drivelink\vendor\laravel\framework\src\Illuminate\Database\Migrations\Migrator.php[39;22m:[39;1m224[39;22m
  [90m    Illuminate\Database\Migrations\Migrator::write("Illuminate\Console\View\Components\Task", "2025_01_10_100000_ensure_lookup_tables_exist", Object(Closure))[39m

  [33m18  [39m[39;1mC:\xampp\htdocs\drivelink\vendor\laravel\framework\src\Illuminate\Database\Migrations\Migrator.php[39;22m:[39;1m189[39;22m
  [90m    Illuminate\Database\Migrations\Migrator::runUp("C:\xampp\htdocs\drivelink\database\migrations/2025_01_10_100000_ensure_lookup_tables_exist.php")[39m

  [33m19  [39m[39;1mC:\xampp\htdocs\drivelink\vendor\laravel\framework\src\Illuminate\Database\Migrations\Migrator.php[39;22m:[39;1m132[39;22m
  [90m    Illuminate\Database\Migrations\Migrator::runPending([])[39m

  [33m20  [39m[39;1mC:\xampp\htdocs\drivelink\vendor\laravel\framework\src\Illuminate\Database\Console\Migrations\MigrateCommand.php[39;22m:[39;1m88[39;22m
  [90m    Illuminate\Database\Migrations\Migrator::run([])[39m

  [33m21  [39m[39;1mC:\xampp\htdocs\drivelink\vendor\laravel\framework\src\Illuminate\Database\Migrations\Migrator.php[39;22m:[39;1m636[39;22m
  [90m    Illuminate\Database\Console\Migrations\MigrateCommand::Illuminate\Database\Console\Migrations\{closure}()[39m

  [33m22  [39m[39;1mC:\xampp\htdocs\drivelink\vendor\laravel\framework\src\Illuminate\Database\Console\Migrations\MigrateCommand.php[39;22m:[39;1m81[39;22m
  [90m    Illuminate\Database\Migrations\Migrator::usingConnection(Object(Closure))[39m

  [33m23  [39m[39;1mC:\xampp\htdocs\drivelink\vendor\laravel\framework\src\Illuminate\Container\BoundMethod.php[39;22m:[39;1m36[39;22m
  [90m    Illuminate\Database\Console\Migrations\MigrateCommand::handle()[39m

  [33m24  [39m[39;1mC:\xampp\htdocs\drivelink\vendor\laravel\framework\src\Illuminate\Container\Util.php[39;22m:[39;1m41[39;22m
  [90m    Illuminate\Container\BoundMethod::Illuminate\Container\{closure}()[39m

  [33m25  [39m[39;1mC:\xampp\htdocs\drivelink\vendor\laravel\framework\src\Illuminate\Container\BoundMethod.php[39;22m:[39;1m93[39;22m
  [90m    Illuminate\Container\Util::unwrapIfClosure(Object(Closure))[39m

  [33m26  [39m[39;1mC:\xampp\htdocs\drivelink\vendor\laravel\framework\src\Illuminate\Container\BoundMethod.php[39;22m:[39;1m35[39;22m
  [90m    Illuminate\Container\BoundMethod::callBoundMethod(Object(Illuminate\Foundation\Application), Object(Closure))[39m

  [33m27  [39m[39;1mC:\xampp\htdocs\drivelink\vendor\laravel\framework\src\Illuminate\Container\Container.php[39;22m:[39;1m661[39;22m
  [90m    Illuminate\Container\BoundMethod::call(Object(Illuminate\Foundation\Application), [])[39m

  [33m28  [39m[39;1mC:\xampp\htdocs\drivelink\vendor\laravel\framework\src\Illuminate\Console\Command.php[39;22m:[39;1m183[39;22m
  [90m    Illuminate\Container\Container::call()[39m

  [33m29  [39m[39;1mC:\xampp\htdocs\drivelink\vendor\symfony\console\Command\Command.php[39;22m:[39;1m291[39;22m
  [90m    Illuminate\Console\Command::execute(Object(Symfony\Component\Console\Input\ArrayInput), Object(Mockery_1_Illuminate_Console_OutputStyle))[39m

  [33m30  [39m[39;1mC:\xampp\htdocs\drivelink\vendor\laravel\framework\src\Illuminate\Console\Command.php[39;22m:[39;1m152[39;22m
  [90m    Symfony\Component\Console\Command\Command::run(Object(Symfony\Component\Console\Input\ArrayInput), Object(Mockery_1_Illuminate_Console_OutputStyle))[39m

  [33m31  [39m[39;1mC:\xampp\htdocs\drivelink\vendor\laravel\framework\src\Illuminate\Console\Concerns\CallsCommands.php[39;22m:[39;1m67[39;22m
  [90m    Illuminate\Console\Command::run(Object(Symfony\Component\Console\Input\ArrayInput), Object(Mockery_1_Illuminate_Console_OutputStyle))[39m

  [33m32  [39m[39;1mC:\xampp\htdocs\drivelink\vendor\laravel\framework\src\Illuminate\Console\Concerns\CallsCommands.php[39;22m:[39;1m28[39;22m
  [90m    Illuminate\Console\Command::runCommand("migrate", ["migrate"], Object(Mockery_1_Illuminate_Console_OutputStyle))[39m

  [33m33  [39m[39;1mC:\xampp\htdocs\drivelink\vendor\laravel\framework\src\Illuminate\Database\Console\Migrations\FreshCommand.php[39;22m:[39;1m53[39;22m
  [90m    Illuminate\Console\Command::call("migrate", [])[39m

  [33m34  [39m[39;1mC:\xampp\htdocs\drivelink\vendor\laravel\framework\src\Illuminate\Container\BoundMethod.php[39;22m:[39;1m36[39;22m
  [90m    Illuminate\Database\Console\Migrations\FreshCommand::handle()[39m

  [33m35  [39m[39;1mC:\xampp\htdocs\drivelink\vendor\laravel\framework\src\Illuminate\Container\Util.php[39;22m:[39;1m41[39;22m
  [90m    Illuminate\Container\BoundMethod::Illuminate\Container\{closure}()[39m

  [33m36  [39m[39;1mC:\xampp\htdocs\drivelink\vendor\laravel\framework\src\Illuminate\Container\BoundMethod.php[39;22m:[39;1m93[39;22m
  [90m    Illuminate\Container\Util::unwrapIfClosure(Object(Closure))[39m

  [33m37  [39m[39;1mC:\xampp\htdocs\drivelink\vendor\laravel\framework\src\Illuminate\Container\BoundMethod.php[39;22m:[39;1m35[39;22m
  [90m    Illuminate\Container\BoundMethod::callBoundMethod(Object(Illuminate\Foundation\Application), Object(Closure))[39m

  [33m38  [39m[39;1mC:\xampp\htdocs\drivelink\vendor\laravel\framework\src\Illuminate\Container\Container.php[39;22m:[39;1m661[39;22m
  [90m    Illuminate\Container\BoundMethod::call(Object(Illuminate\Foundation\Application), [])[39m

  [33m39  [39m[39;1mC:\xampp\htdocs\drivelink\vendor\laravel\framework\src\Illuminate\Console\Command.php[39;22m:[39;1m183[39;22m
  [90m    Illuminate\Container\Container::call()[39m

  [33m40  [39m[39;1mC:\xampp\htdocs\drivelink\vendor\symfony\console\Command\Command.php[39;22m:[39;1m291[39;22m
  [90m    Illuminate\Console\Command::execute(Object(Symfony\Component\Console\Input\ArrayInput), Object(Mockery_1_Illuminate_Console_OutputStyle))[39m

  [33m41  [39m[39;1mC:\xampp\htdocs\drivelink\vendor\laravel\framework\src\Illuminate\Console\Command.php[39;22m:[39;1m152[39;22m
  [90m    Symfony\Component\Console\Command\Command::run(Object(Symfony\Component\Console\Input\ArrayInput), Object(Mockery_1_Illuminate_Console_OutputStyle))[39m

  [33m42  [39m[39;1mC:\xampp\htdocs\drivelink\vendor\symfony\console\Application.php[39;22m:[39;1m1014[39;22m
  [90m    Illuminate\Console\Command::run(Object(Symfony\Component\Console\Input\ArrayInput), Object(Mockery_1_Illuminate_Console_OutputStyle))[39m

  [33m43  [39m[39;1mC:\xampp\htdocs\drivelink\vendor\symfony\console\Application.php[39;22m:[39;1m301[39;22m
  [90m    Symfony\Component\Console\Application::doRunCommand(Object(Illuminate\Database\Console\Migrations\FreshCommand), Object(Symfony\Component\Console\Input\ArrayInput), Object(Mockery_1_Illuminate_Console_OutputStyle))[39m

  [33m44  [39m[39;1mC:\xampp\htdocs\drivelink\vendor\symfony\console\Application.php[39;22m:[39;1m171[39;22m
  [90m    Symfony\Component\Console\Application::doRun(Object(Symfony\Component\Console\Input\ArrayInput), Object(Mockery_1_Illuminate_Console_OutputStyle))[39m

  [33m45  [39m[39;1mC:\xampp\htdocs\drivelink\vendor\laravel\framework\src\Illuminate\Console\Application.php[39;22m:[39;1m102[39;22m
  [90m    Symfony\Component\Console\Application::run(Object(Symfony\Component\Console\Input\ArrayInput), Object(Mockery_1_Illuminate_Console_OutputStyle))[39m

  [33m46  [39m[39;1mC:\xampp\htdocs\drivelink\vendor\laravel\framework\src\Illuminate\Console\Application.php[39;22m:[39;1m193[39;22m
  [90m    Illuminate\Console\Application::run(Object(Symfony\Component\Console\Input\ArrayInput), Object(Mockery_1_Illuminate_Console_OutputStyle))[39m

  [33m47  [39m[39;1mC:\xampp\htdocs\drivelink\vendor\laravel\framework\src\Illuminate\Foundation\Console\Kernel.php[39;22m:[39;1m336[39;22m
  [90m    Illuminate\Console\Application::call("migrate:fresh", [], Object(Mockery_1_Illuminate_Console_OutputStyle))[39m

  [33m48  [39m[39;1mC:\xampp\htdocs\drivelink\vendor\laravel\framework\src\Illuminate\Testing\PendingCommand.php[39;22m:[39;1m296[39;22m
  [90m    Illuminate\Foundation\Console\Kernel::call("migrate:fresh", [], Object(Mockery_1_Illuminate_Console_OutputStyle))[39m

  [33m49  [39m[39;1mC:\xampp\htdocs\drivelink\vendor\laravel\framework\src\Illuminate\Testing\PendingCommand.php[39;22m:[39;1m481[39;22m
  [90m    Illuminate\Testing\PendingCommand::run()[39m

  [33m50  [39m[39;1mC:\xampp\htdocs\drivelink\vendor\laravel\framework\src\Illuminate\Foundation\Testing\Concerns\InteractsWithConsole.php[39;22m:[39;1m80[39;22m
  [90m    Illuminate\Testing\PendingCommand::__destruct()[39m

  [33m51  [39m[39;1mC:\xampp\htdocs\drivelink\vendor\laravel\framework\src\Illuminate\Foundation\Testing\RefreshDatabase.php[39;22m:[39;1m73[39;22m
  [90m    Illuminate\Foundation\Testing\TestCase::artisan("migrate:fresh", [])[39m

  [33m52  [39m[39;1mC:\xampp\htdocs\drivelink\vendor\laravel\framework\src\Illuminate\Foundation\Testing\RefreshDatabase.php[39;22m:[39;1m23[39;22m
  [90m    Tests\Unit\ModelRelationshipsTest::refreshTestDatabase()[39m

  [33m53  [39m[39;1mC:\xampp\htdocs\drivelink\vendor\laravel\framework\src\Illuminate\Foundation\Testing\TestCase.php[39;22m:[39;1m127[39;22m
  [90m    Tests\Unit\ModelRelationshipsTest::refreshDatabase()[39m

  [33m54  [39m[39;1mC:\xampp\htdocs\drivelink\vendor\laravel\framework\src\Illuminate\Foundation\Testing\TestCase.php[39;22m:[39;1m96[39;22m
  [90m    Illuminate\Foundation\Testing\TestCase::setUpTraits()[39m

  [33m55  [39m[39;1mC:\xampp\htdocs\drivelink\tests\TestCase.php[39;22m:[39;1m29[39;22m
  [90m    Illuminate\Foundation\Testing\TestCase::setUp()[39m

  [33m56  [39m[39;1mC:\xampp\htdocs\drivelink\vendor\phpunit\phpunit\src\Framework\TestCase.php[39;22m:[39;1m1216[39;22m
  [90m    Tests\TestCase::setUp()[39m

  [33m57  [39m[39;1mC:\xampp\htdocs\drivelink\vendor\phpunit\phpunit\src\Framework\TestResult.php[39;22m:[39;1m729[39;22m
  [90m    PHPUnit\Framework\TestCase::runBare()[39m

  [33m58  [39m[39;1mC:\xampp\htdocs\drivelink\vendor\phpunit\phpunit\src\Framework\TestCase.php[39;22m:[39;1m973[39;22m
  [90m    PHPUnit\Framework\TestResult::run(Object(Tests\Unit\ModelRelationshipsTest))[39m

  [33m59  [39m[39;1mC:\xampp\htdocs\drivelink\vendor\phpunit\phpunit\src\Framework\TestSuite.php[39;22m:[39;1m685[39;22m
  [90m    PHPUnit\Framework\TestCase::run(Object(PHPUnit\Framework\TestResult))[39m

  [33m60  [39m[39;1mC:\xampp\htdocs\drivelink\vendor\phpunit\phpunit\src\Framework\TestSuite.php[39;22m:[39;1m685[39;22m
  [90m    PHPUnit\Framework\TestSuite::run(Object(PHPUnit\Framework\TestResult))[39m

  [33m61  [39m[39;1mC:\xampp\htdocs\drivelink\vendor\phpunit\phpunit\src\Framework\TestSuite.php[39;22m:[39;1m685[39;22m
  [90m    PHPUnit\Framework\TestSuite::run(Object(PHPUnit\Framework\TestResult))[39m

  [33m62  [39m[39;1mC:\xampp\htdocs\drivelink\vendor\phpunit\phpunit\src\TextUI\TestRunner.php[39;22m:[39;1m651[39;22m
  [90m    PHPUnit\Framework\TestSuite::run(Object(PHPUnit\Framework\TestResult))[39m

  [33m63  [39m[39;1mC:\xampp\htdocs\drivelink\vendor\phpunit\phpunit\src\TextUI\Command.php[39;22m:[39;1m146[39;22m
  [90m    PHPUnit\TextUI\TestRunner::run(Object(PHPUnit\Framework\TestSuite), [])[39m

  [33m64  [39m[39;1mC:\xampp\htdocs\drivelink\vendor\phpunit\phpunit\src\TextUI\Command.php[39;22m:[39;1m99[39;22m
  [90m    PHPUnit\TextUI\Command::run()[39m

  [33m65  [39m[39;1mC:\xampp\htdocs\drivelink\vendor\phpunit\phpunit\phpunit[39;22m:[39;1m107[39;22m
  [90m    PHPUnit\TextUI\Command::main()[39m

  [31;1m• Tests\Unit\ModelRelationshipsTest [39;22m> [31;1mdriver has next of kin relationship[39;22m
  [41;1m Illuminate\Database\QueryException [49;22m

[39;1m  SQLSTATE[42S01]: Base table or view already exists: 1050 Table 'personal_access_tokens' already exists (SQL: create table `personal_access_tokens` (`id` bigint unsigned not null auto_increment primary key, `tokenable_type` varchar(255) not null, `tokenable_id` bigint unsigned not null, `name` varchar(255) not null, `token` varchar(64) not null, `abilities` text null, `last_used_at` timestamp null, `expires_at` timestamp null, `created_at` timestamp null, `updated_at` timestamp null) default character set utf8mb4 collate 'utf8mb4_unicode_ci')[39;22m

  at [32mC:\xampp\htdocs\drivelink\vendor\laravel\framework\src\Illuminate\Database\Connection.php[39m:[32m760[39m
    756▕         // If an exception occurs when attempting to run a query, we'll format the error
    757▕         // message to include the bindings with SQL, which will make this exception a
    758▕         // lot more helpful to the developer instead of just the database's errors.
    759▕         catch (Exception $e) {
  ➜ 760▕             throw new QueryException(
    761▕                 $query, $this->prepareBindings($bindings), $e
    762▕             );
    763▕         }
    764▕     }

  [33m1   [39m[39;1mC:\xampp\htdocs\drivelink\vendor\laravel\framework\src\Illuminate\Database\Connection.php[39;22m:[39;1m545[39;22m
  [90m    PDOException::("SQLSTATE[42S01]: Base table or view already exists: 1050 Table 'personal_access_tokens' already exists")[39m

  [33m2   [39m[39;1mC:\xampp\htdocs\drivelink\vendor\laravel\framework\src\Illuminate\Database\Connection.php[39;22m:[39;1m545[39;22m
  [90m    PDOStatement::execute()[39m

  [33m3   [39m[39;1mC:\xampp\htdocs\drivelink\vendor\laravel\framework\src\Illuminate\Database\Connection.php[39;22m:[39;1m753[39;22m
  [90m    Illuminate\Database\Connection::Illuminate\Database\{closure}("create table `personal_access_tokens` (`id` bigint unsigned not null auto_increment primary key, `tokenable_type` varchar(255) not null, `tokenable_id` bigint unsigned not null, `name` varchar(255) not null, `token` varchar(64) not null, `abilities` text null, `last_used_at` timestamp null, `expires_at` timestamp null, `created_at` timestamp null, `updated_at` timestamp null) default character set utf8mb4 collate 'utf8mb4_unicode_ci'", [])[39m

  [33m4   [39m[39;1mC:\xampp\htdocs\drivelink\vendor\laravel\framework\src\Illuminate\Database\Connection.php[39;22m:[39;1m720[39;22m
  [90m    Illuminate\Database\Connection::runQueryCallback("create table `personal_access_tokens` (`id` bigint unsigned not null auto_increment primary key, `tokenable_type` varchar(255) not null, `tokenable_id` bigint unsigned not null, `name` varchar(255) not null, `token` varchar(64) not null, `abilities` text null, `last_used_at` timestamp null, `expires_at` timestamp null, `created_at` timestamp null, `updated_at` timestamp null) default character set utf8mb4 collate 'utf8mb4_unicode_ci'", [], Object(Closure))[39m

  [33m5   [39m[39;1mC:\xampp\htdocs\drivelink\vendor\laravel\framework\src\Illuminate\Database\Connection.php[39;22m:[39;1m534[39;22m
  [90m    Illuminate\Database\Connection::run("create table `personal_access_tokens` (`id` bigint unsigned not null auto_increment primary key, `tokenable_type` varchar(255) not null, `tokenable_id` bigint unsigned not null, `name` varchar(255) not null, `token` varchar(64) not null, `abilities` text null, `last_used_at` timestamp null, `expires_at` timestamp null, `created_at` timestamp null, `updated_at` timestamp null) default character set utf8mb4 collate 'utf8mb4_unicode_ci'", [], Object(Closure))[39m

  [33m6   [39m[39;1mC:\xampp\htdocs\drivelink\vendor\laravel\framework\src\Illuminate\Database\Schema\Blueprint.php[39;22m:[39;1m109[39;22m
  [90m    Illuminate\Database\Connection::statement("create table `personal_access_tokens` (`id` bigint unsigned not null auto_increment primary key, `tokenable_type` varchar(255) not null, `tokenable_id` bigint unsigned not null, `name` varchar(255) not null, `token` varchar(64) not null, `abilities` text null, `last_used_at` timestamp null, `expires_at` timestamp null, `created_at` timestamp null, `updated_at` timestamp null) default character set utf8mb4 collate 'utf8mb4_unicode_ci'")[39m

  [33m7   [39m[39;1mC:\xampp\htdocs\drivelink\vendor\laravel\framework\src\Illuminate\Database\Schema\Builder.php[39;22m:[39;1m439[39;22m
  [90m    Illuminate\Database\Schema\Blueprint::build(Object(Illuminate\Database\MySqlConnection), Object(Illuminate\Database\Schema\Grammars\MySqlGrammar))[39m

  [33m8   [39m[39;1mC:\xampp\htdocs\drivelink\vendor\laravel\framework\src\Illuminate\Database\Schema\Builder.php[39;22m:[39;1m281[39;22m
  [90m    Illuminate\Database\Schema\Builder::build(Object(Illuminate\Database\Schema\Blueprint))[39m

  [33m9   [39m[39;1mC:\xampp\htdocs\drivelink\vendor\laravel\framework\src\Illuminate\Support\Facades\Facade.php[39;22m:[39;1m338[39;22m
  [90m    Illuminate\Database\Schema\Builder::create("personal_access_tokens", Object(Closure))[39m

  [33m10  [39m[39;1mC:\xampp\htdocs\drivelink\database\migrations\2019_12_14_000001_create_personal_access_tokens_table.php[39;22m:[39;1m16[39;22m
  [90m    Illuminate\Support\Facades\Facade::__callStatic("create")[39m

  [33m11  [39m[39;1mC:\xampp\htdocs\drivelink\vendor\laravel\framework\src\Illuminate\Database\Migrations\Migrator.php[39;22m:[39;1m496[39;22m
  [90m    Illuminate\Database\Migrations\Migration@anonymous\C:\xampp\htdocs\drivelink\database\migrations\2019_12_14_000001_create_personal_access_tokens_table.php:7$160::up()[39m

  [33m12  [39m[39;1mC:\xampp\htdocs\drivelink\vendor\laravel\framework\src\Illuminate\Database\Migrations\Migrator.php[39;22m:[39;1m414[39;22m
  [90m    Illuminate\Database\Migrations\Migrator::runMethod(Object(Illuminate\Database\MySqlConnection), Object(Illuminate\Database\Migrations\Migration@anonymous\C:\xampp\htdocs\drivelink\database\migrations\2019_12_14_000001_create_personal_access_tokens_table.php:7$160), "up")[39m

  [33m13  [39m[39;1mC:\xampp\htdocs\drivelink\vendor\laravel\framework\src\Illuminate\Database\Migrations\Migrator.php[39;22m:[39;1m423[39;22m
  [90m    Illuminate\Database\Migrations\Migrator::Illuminate\Database\Migrations\{closure}()[39m

  [33m14  [39m[39;1mC:\xampp\htdocs\drivelink\vendor\laravel\framework\src\Illuminate\Database\Migrations\Migrator.php[39;22m:[39;1m224[39;22m
  [90m    Illuminate\Database\Migrations\Migrator::runMigration(Object(Illuminate\Database\Migrations\Migration@anonymous\C:\xampp\htdocs\drivelink\database\migrations\2019_12_14_000001_create_personal_access_tokens_table.php:7$160), "up")[39m

  [33m15  [39m[39;1mC:\xampp\htdocs\drivelink\vendor\laravel\framework\src\Illuminate\Console\View\Components\Task.php[39;22m:[39;1m37[39;22m
  [90m    Illuminate\Database\Migrations\Migrator::Illuminate\Database\Migrations\{closure}()[39m

  [33m16  [39m[39;1mC:\xampp\htdocs\drivelink\vendor\laravel\framework\src\Illuminate\Database\Migrations\Migrator.php[39;22m:[39;1m778[39;22m
  [90m    Illuminate\Console\View\Components\Task::render("2019_12_14_000001_create_personal_access_tokens_table", Object(Closure))[39m

  [33m17  [39m[39;1mC:\xampp\htdocs\drivelink\vendor\laravel\framework\src\Illuminate\Database\Migrations\Migrator.php[39;22m:[39;1m224[39;22m
  [90m    Illuminate\Database\Migrations\Migrator::write("Illuminate\Console\View\Components\Task", "2019_12_14_000001_create_personal_access_tokens_table", Object(Closure))[39m

  [33m18  [39m[39;1mC:\xampp\htdocs\drivelink\vendor\laravel\framework\src\Illuminate\Database\Migrations\Migrator.php[39;22m:[39;1m189[39;22m
  [90m    Illuminate\Database\Migrations\Migrator::runUp("C:\xampp\htdocs\drivelink\database\migrations/2019_12_14_000001_create_personal_access_tokens_table.php")[39m

  [33m19  [39m[39;1mC:\xampp\htdocs\drivelink\vendor\laravel\framework\src\Illuminate\Database\Migrations\Migrator.php[39;22m:[39;1m132[39;22m
  [90m    Illuminate\Database\Migrations\Migrator::runPending([])[39m

  [33m20  [39m[39;1mC:\xampp\htdocs\drivelink\vendor\laravel\framework\src\Illuminate\Database\Console\Migrations\MigrateCommand.php[39;22m:[39;1m88[39;22m
  [90m    Illuminate\Database\Migrations\Migrator::run([])[39m

  [33m21  [39m[39;1mC:\xampp\htdocs\drivelink\vendor\laravel\framework\src\Illuminate\Database\Migrations\Migrator.php[39;22m:[39;1m636[39;22m
  [90m    Illuminate\Database\Console\Migrations\MigrateCommand::Illuminate\Database\Console\Migrations\{closure}()[39m

  [33m22  [39m[39;1mC:\xampp\htdocs\drivelink\vendor\laravel\framework\src\Illuminate\Database\Console\Migrations\MigrateCommand.php[39;22m:[39;1m81[39;22m
  [90m    Illuminate\Database\Migrations\Migrator::usingConnection(Object(Closure))[39m

  [33m23  [39m[39;1mC:\xampp\htdocs\drivelink\vendor\laravel\framework\src\Illuminate\Container\BoundMethod.php[39;22m:[39;1m36[39;22m
  [90m    Illuminate\Database\Console\Migrations\MigrateCommand::handle()[39m

  [33m24  [39m[39;1mC:\xampp\htdocs\drivelink\vendor\laravel\framework\src\Illuminate\Container\Util.php[39;22m:[39;1m41[39;22m
  [90m    Illuminate\Container\BoundMethod::Illuminate\Container\{closure}()[39m

  [33m25  [39m[39;1mC:\xampp\htdocs\drivelink\vendor\laravel\framework\src\Illuminate\Container\BoundMethod.php[39;22m:[39;1m93[39;22m
  [90m    Illuminate\Container\Util::unwrapIfClosure(Object(Closure))[39m

  [33m26  [39m[39;1mC:\xampp\htdocs\drivelink\vendor\laravel\framework\src\Illuminate\Container\BoundMethod.php[39;22m:[39;1m35[39;22m
  [90m    Illuminate\Container\BoundMethod::callBoundMethod(Object(Illuminate\Foundation\Application), Object(Closure))[39m

  [33m27  [39m[39;1mC:\xampp\htdocs\drivelink\vendor\laravel\framework\src\Illuminate\Container\Container.php[39;22m:[39;1m661[39;22m
  [90m    Illuminate\Container\BoundMethod::call(Object(Illuminate\Foundation\Application), [])[39m

  [33m28  [39m[39;1mC:\xampp\htdocs\drivelink\vendor\laravel\framework\src\Illuminate\Console\Command.php[39;22m:[39;1m183[39;22m
  [90m    Illuminate\Container\Container::call()[39m

  [33m29  [39m[39;1mC:\xampp\htdocs\drivelink\vendor\symfony\console\Command\Command.php[39;22m:[39;1m291[39;22m
  [90m    Illuminate\Console\Command::execute(Object(Symfony\Component\Console\Input\ArrayInput), Object(Mockery_1_Illuminate_Console_OutputStyle))[39m

  [33m30  [39m[39;1mC:\xampp\htdocs\drivelink\vendor\laravel\framework\src\Illuminate\Console\Command.php[39;22m:[39;1m152[39;22m
  [90m    Symfony\Component\Console\Command\Command::run(Object(Symfony\Component\Console\Input\ArrayInput), Object(Mockery_1_Illuminate_Console_OutputStyle))[39m

  [33m31  [39m[39;1mC:\xampp\htdocs\drivelink\vendor\laravel\framework\src\Illuminate\Console\Concerns\CallsCommands.php[39;22m:[39;1m67[39;22m
  [90m    Illuminate\Console\Command::run(Object(Symfony\Component\Console\Input\ArrayInput), Object(Mockery_1_Illuminate_Console_OutputStyle))[39m

  [33m32  [39m[39;1mC:\xampp\htdocs\drivelink\vendor\laravel\framework\src\Illuminate\Console\Concerns\CallsCommands.php[39;22m:[39;1m28[39;22m
  [90m    Illuminate\Console\Command::runCommand("migrate", ["migrate"], Object(Mockery_1_Illuminate_Console_OutputStyle))[39m

  [33m33  [39m[39;1mC:\xampp\htdocs\drivelink\vendor\laravel\framework\src\Illuminate\Database\Console\Migrations\FreshCommand.php[39;22m:[39;1m53[39;22m
  [90m    Illuminate\Console\Command::call("migrate", [])[39m

  [33m34  [39m[39;1mC:\xampp\htdocs\drivelink\vendor\laravel\framework\src\Illuminate\Container\BoundMethod.php[39;22m:[39;1m36[39;22m
  [90m    Illuminate\Database\Console\Migrations\FreshCommand::handle()[39m

  [33m35  [39m[39;1mC:\xampp\htdocs\drivelink\vendor\laravel\framework\src\Illuminate\Container\Util.php[39;22m:[39;1m41[39;22m
  [90m    Illuminate\Container\BoundMethod::Illuminate\Container\{closure}()[39m

  [33m36  [39m[39;1mC:\xampp\htdocs\drivelink\vendor\laravel\framework\src\Illuminate\Container\BoundMethod.php[39;22m:[39;1m93[39;22m
  [90m    Illuminate\Container\Util::unwrapIfClosure(Object(Closure))[39m

  [33m37  [39m[39;1mC:\xampp\htdocs\drivelink\vendor\laravel\framework\src\Illuminate\Container\BoundMethod.php[39;22m:[39;1m35[39;22m
  [90m    Illuminate\Container\BoundMethod::callBoundMethod(Object(Illuminate\Foundation\Application), Object(Closure))[39m

  [33m38  [39m[39;1mC:\xampp\htdocs\drivelink\vendor\laravel\framework\src\Illuminate\Container\Container.php[39;22m:[39;1m661[39;22m
  [90m    Illuminate\Container\BoundMethod::call(Object(Illuminate\Foundation\Application), [])[39m

  [33m39  [39m[39;1mC:\xampp\htdocs\drivelink\vendor\laravel\framework\src\Illuminate\Console\Command.php[39;22m:[39;1m183[39;22m
  [90m    Illuminate\Container\Container::call()[39m

  [33m40  [39m[39;1mC:\xampp\htdocs\drivelink\vendor\symfony\console\Command\Command.php[39;22m:[39;1m291[39;22m
  [90m    Illuminate\Console\Command::execute(Object(Symfony\Component\Console\Input\ArrayInput), Object(Mockery_1_Illuminate_Console_OutputStyle))[39m

  [33m41  [39m[39;1mC:\xampp\htdocs\drivelink\vendor\laravel\framework\src\Illuminate\Console\Command.php[39;22m:[39;1m152[39;22m
  [90m    Symfony\Component\Console\Command\Command::run(Object(Symfony\Component\Console\Input\ArrayInput), Object(Mockery_1_Illuminate_Console_OutputStyle))[39m

  [33m42  [39m[39;1mC:\xampp\htdocs\drivelink\vendor\symfony\console\Application.php[39;22m:[39;1m1014[39;22m
  [90m    Illuminate\Console\Command::run(Object(Symfony\Component\Console\Input\ArrayInput), Object(Mockery_1_Illuminate_Console_OutputStyle))[39m

  [33m43  [39m[39;1mC:\xampp\htdocs\drivelink\vendor\symfony\console\Application.php[39;22m:[39;1m301[39;22m
  [90m    Symfony\Component\Console\Application::doRunCommand(Object(Illuminate\Database\Console\Migrations\FreshCommand), Object(Symfony\Component\Console\Input\ArrayInput), Object(Mockery_1_Illuminate_Console_OutputStyle))[39m

  [33m44  [39m[39;1mC:\xampp\htdocs\drivelink\vendor\symfony\console\Application.php[39;22m:[39;1m171[39;22m
  [90m    Symfony\Component\Console\Application::doRun(Object(Symfony\Component\Console\Input\ArrayInput), Object(Mockery_1_Illuminate_Console_OutputStyle))[39m

  [33m45  [39m[39;1mC:\xampp\htdocs\drivelink\vendor\laravel\framework\src\Illuminate\Console\Application.php[39;22m:[39;1m102[39;22m
  [90m    Symfony\Component\Console\Application::run(Object(Symfony\Component\Console\Input\ArrayInput), Object(Mockery_1_Illuminate_Console_OutputStyle))[39m

  [33m46  [39m[39;1mC:\xampp\htdocs\drivelink\vendor\laravel\framework\src\Illuminate\Console\Application.php[39;22m:[39;1m193[39;22m
  [90m    Illuminate\Console\Application::run(Object(Symfony\Component\Console\Input\ArrayInput), Object(Mockery_1_Illuminate_Console_OutputStyle))[39m

  [33m47  [39m[39;1mC:\xampp\htdocs\drivelink\vendor\laravel\framework\src\Illuminate\Foundation\Console\Kernel.php[39;22m:[39;1m336[39;22m
  [90m    Illuminate\Console\Application::call("migrate:fresh", [], Object(Mockery_1_Illuminate_Console_OutputStyle))[39m

  [33m48  [39m[39;1mC:\xampp\htdocs\drivelink\vendor\laravel\framework\src\Illuminate\Testing\PendingCommand.php[39;22m:[39;1m296[39;22m
  [90m    Illuminate\Foundation\Console\Kernel::call("migrate:fresh", [], Object(Mockery_1_Illuminate_Console_OutputStyle))[39m

  [33m49  [39m[39;1mC:\xampp\htdocs\drivelink\vendor\laravel\framework\src\Illuminate\Testing\PendingCommand.php[39;22m:[39;1m481[39;22m
  [90m    Illuminate\Testing\PendingCommand::run()[39m

  [33m50  [39m[39;1mC:\xampp\htdocs\drivelink\vendor\laravel\framework\src\Illuminate\Foundation\Testing\Concerns\InteractsWithConsole.php[39;22m:[39;1m80[39;22m
  [90m    Illuminate\Testing\PendingCommand::__destruct()[39m

  [33m51  [39m[39;1mC:\xampp\htdocs\drivelink\vendor\laravel\framework\src\Illuminate\Foundation\Testing\RefreshDatabase.php[39;22m:[39;1m73[39;22m
  [90m    Illuminate\Foundation\Testing\TestCase::artisan("migrate:fresh", [])[39m

  [33m52  [39m[39;1mC:\xampp\htdocs\drivelink\vendor\laravel\framework\src\Illuminate\Foundation\Testing\RefreshDatabase.php[39;22m:[39;1m23[39;22m
  [90m    Tests\Unit\ModelRelationshipsTest::refreshTestDatabase()[39m

  [33m53  [39m[39;1mC:\xampp\htdocs\drivelink\vendor\laravel\framework\src\Illuminate\Foundation\Testing\TestCase.php[39;22m:[39;1m127[39;22m
  [90m    Tests\Unit\ModelRelationshipsTest::refreshDatabase()[39m

  [33m54  [39m[39;1mC:\xampp\htdocs\drivelink\vendor\laravel\framework\src\Illuminate\Foundation\Testing\TestCase.php[39;22m:[39;1m96[39;22m
  [90m    Illuminate\Foundation\Testing\TestCase::setUpTraits()[39m

  [33m55  [39m[39;1mC:\xampp\htdocs\drivelink\tests\TestCase.php[39;22m:[39;1m29[39;22m
  [90m    Illuminate\Foundation\Testing\TestCase::setUp()[39m

  [33m56  [39m[39;1mC:\xampp\htdocs\drivelink\vendor\phpunit\phpunit\src\Framework\TestCase.php[39;22m:[39;1m1216[39;22m
  [90m    Tests\TestCase::setUp()[39m

  [33m57  [39m[39;1mC:\xampp\htdocs\drivelink\vendor\phpunit\phpunit\src\Framework\TestResult.php[39;22m:[39;1m729[39;22m
  [90m    PHPUnit\Framework\TestCase::runBare()[39m

  [33m58  [39m[39;1mC:\xampp\htdocs\drivelink\vendor\phpunit\phpunit\src\Framework\TestCase.php[39;22m:[39;1m973[39;22m
  [90m    PHPUnit\Framework\TestResult::run(Object(Tests\Unit\ModelRelationshipsTest))[39m

  [33m59  [39m[39;1mC:\xampp\htdocs\drivelink\vendor\phpunit\phpunit\src\Framework\TestSuite.php[39;22m:[39;1m685[39;22m
  [90m    PHPUnit\Framework\TestCase::run(Object(PHPUnit\Framework\TestResult))[39m

  [33m60  [39m[39;1mC:\xampp\htdocs\drivelink\vendor\phpunit\phpunit\src\Framework\TestSuite.php[39;22m:[39;1m685[39;22m
  [90m    PHPUnit\Framework\TestSuite::run(Object(PHPUnit\Framework\TestResult))[39m

  [33m61  [39m[39;1mC:\xampp\htdocs\drivelink\vendor\phpunit\phpunit\src\Framework\TestSuite.php[39;22m:[39;1m685[39;22m
  [90m    PHPUnit\Framework\TestSuite::run(Object(PHPUnit\Framework\TestResult))[39m

  [33m62  [39m[39;1mC:\xampp\htdocs\drivelink\vendor\phpunit\phpunit\src\TextUI\TestRunner.php[39;22m:[39;1m651[39;22m
  [90m    PHPUnit\Framework\TestSuite::run(Object(PHPUnit\Framework\TestResult))[39m

  [33m63  [39m[39;1mC:\xampp\htdocs\drivelink\vendor\phpunit\phpunit\src\TextUI\Command.php[39;22m:[39;1m146[39;22m
  [90m    PHPUnit\TextUI\TestRunner::run(Object(PHPUnit\Framework\TestSuite), [])[39m

  [33m64  [39m[39;1mC:\xampp\htdocs\drivelink\vendor\phpunit\phpunit\src\TextUI\Command.php[39;22m:[39;1m99[39;22m
  [90m    PHPUnit\TextUI\Command::run()[39m

  [33m65  [39m[39;1mC:\xampp\htdocs\drivelink\vendor\phpunit\phpunit\phpunit[39;22m:[39;1m107[39;22m
  [90m    PHPUnit\TextUI\Command::main()[39m

  [31;1m• Tests\Unit\ModelRelationshipsTest [39;22m> [31;1mdriver has performance relationship[39;22m
  [41;1m Illuminate\Database\QueryException [49;22m

[39;1m  SQLSTATE[42S02]: Base table or view not found: 1146 Table 'drivelink_db.migrations' doesn't exist (SQL: insert into `migrations` (`migration`, `batch`) values (2014_10_12_100000_create_password_resets_table, 1))[39;22m

  at [32mC:\xampp\htdocs\drivelink\vendor\laravel\framework\src\Illuminate\Database\Connection.php[39m:[32m760[39m
    756▕         // If an exception occurs when attempting to run a query, we'll format the error
    757▕         // message to include the bindings with SQL, which will make this exception a
    758▕         // lot more helpful to the developer instead of just the database's errors.
    759▕         catch (Exception $e) {
  ➜ 760▕             throw new QueryException(
    761▕                 $query, $this->prepareBindings($bindings), $e
    762▕             );
    763▕         }
    764▕     }

  [33m1   [39m[39;1mC:\xampp\htdocs\drivelink\vendor\laravel\framework\src\Illuminate\Database\Connection.php[39;22m:[39;1m539[39;22m
  [90m    PDOException::("SQLSTATE[42S02]: Base table or view not found: 1146 Table 'drivelink_db.migrations' doesn't exist")[39m

  [33m2   [39m[39;1mC:\xampp\htdocs\drivelink\vendor\laravel\framework\src\Illuminate\Database\Connection.php[39;22m:[39;1m539[39;22m
  [90m    PDO::prepare("insert into `migrations` (`migration`, `batch`) values (?, ?)")[39m

  [33m3   [39m[39;1mC:\xampp\htdocs\drivelink\vendor\laravel\framework\src\Illuminate\Database\Connection.php[39;22m:[39;1m753[39;22m
  [90m    Illuminate\Database\Connection::Illuminate\Database\{closure}("insert into `migrations` (`migration`, `batch`) values (?, ?)")[39m

  [33m4   [39m[39;1mC:\xampp\htdocs\drivelink\vendor\laravel\framework\src\Illuminate\Database\Connection.php[39;22m:[39;1m720[39;22m
  [90m    Illuminate\Database\Connection::runQueryCallback("insert into `migrations` (`migration`, `batch`) values (?, ?)", Object(Closure))[39m

  [33m5   [39m[39;1mC:\xampp\htdocs\drivelink\vendor\laravel\framework\src\Illuminate\Database\Connection.php[39;22m:[39;1m534[39;22m
  [90m    Illuminate\Database\Connection::run("insert into `migrations` (`migration`, `batch`) values (?, ?)", Object(Closure))[39m

  [33m6   [39m[39;1mC:\xampp\htdocs\drivelink\vendor\laravel\framework\src\Illuminate\Database\Connection.php[39;22m:[39;1m498[39;22m
  [90m    Illuminate\Database\Connection::statement("insert into `migrations` (`migration`, `batch`) values (?, ?)")[39m

  [33m7   [39m[39;1mC:\xampp\htdocs\drivelink\vendor\laravel\framework\src\Illuminate\Database\Query\Builder.php[39;22m:[39;1m3272[39;22m
  [90m    Illuminate\Database\Connection::insert("insert into `migrations` (`migration`, `batch`) values (?, ?)")[39m

  [33m8   [39m[39;1mC:\xampp\htdocs\drivelink\vendor\laravel\framework\src\Illuminate\Database\Migrations\DatabaseMigrationRepository.php[39;22m:[39;1m107[39;22m
  [90m    Illuminate\Database\Query\Builder::insert()[39m

  [33m9   [39m[39;1mC:\xampp\htdocs\drivelink\vendor\laravel\framework\src\Illuminate\Database\Migrations\Migrator.php[39;22m:[39;1m229[39;22m
  [90m    Illuminate\Database\Migrations\DatabaseMigrationRepository::log("2014_10_12_100000_create_password_resets_table")[39m

  [33m10  [39m[39;1mC:\xampp\htdocs\drivelink\vendor\laravel\framework\src\Illuminate\Database\Migrations\Migrator.php[39;22m:[39;1m189[39;22m
  [90m    Illuminate\Database\Migrations\Migrator::runUp("C:\xampp\htdocs\drivelink\database\migrations/2014_10_12_100000_create_password_resets_table.php")[39m

  [33m11  [39m[39;1mC:\xampp\htdocs\drivelink\vendor\laravel\framework\src\Illuminate\Database\Migrations\Migrator.php[39;22m:[39;1m132[39;22m
  [90m    Illuminate\Database\Migrations\Migrator::runPending([])[39m

  [33m12  [39m[39;1mC:\xampp\htdocs\drivelink\vendor\laravel\framework\src\Illuminate\Database\Console\Migrations\MigrateCommand.php[39;22m:[39;1m88[39;22m
  [90m    Illuminate\Database\Migrations\Migrator::run([])[39m

  [33m13  [39m[39;1mC:\xampp\htdocs\drivelink\vendor\laravel\framework\src\Illuminate\Database\Migrations\Migrator.php[39;22m:[39;1m636[39;22m
  [90m    Illuminate\Database\Console\Migrations\MigrateCommand::Illuminate\Database\Console\Migrations\{closure}()[39m

  [33m14  [39m[39;1mC:\xampp\htdocs\drivelink\vendor\laravel\framework\src\Illuminate\Database\Console\Migrations\MigrateCommand.php[39;22m:[39;1m81[39;22m
  [90m    Illuminate\Database\Migrations\Migrator::usingConnection(Object(Closure))[39m

  [33m15  [39m[39;1mC:\xampp\htdocs\drivelink\vendor\laravel\framework\src\Illuminate\Container\BoundMethod.php[39;22m:[39;1m36[39;22m
  [90m    Illuminate\Database\Console\Migrations\MigrateCommand::handle()[39m

  [33m16  [39m[39;1mC:\xampp\htdocs\drivelink\vendor\laravel\framework\src\Illuminate\Container\Util.php[39;22m:[39;1m41[39;22m
  [90m    Illuminate\Container\BoundMethod::Illuminate\Container\{closure}()[39m

  [33m17  [39m[39;1mC:\xampp\htdocs\drivelink\vendor\laravel\framework\src\Illuminate\Container\BoundMethod.php[39;22m:[39;1m93[39;22m
  [90m    Illuminate\Container\Util::unwrapIfClosure(Object(Closure))[39m

  [33m18  [39m[39;1mC:\xampp\htdocs\drivelink\vendor\laravel\framework\src\Illuminate\Container\BoundMethod.php[39;22m:[39;1m35[39;22m
  [90m    Illuminate\Container\BoundMethod::callBoundMethod(Object(Illuminate\Foundation\Application), Object(Closure))[39m

  [33m19  [39m[39;1mC:\xampp\htdocs\drivelink\vendor\laravel\framework\src\Illuminate\Container\Container.php[39;22m:[39;1m661[39;22m
  [90m    Illuminate\Container\BoundMethod::call(Object(Illuminate\Foundation\Application), [])[39m

  [33m20  [39m[39;1mC:\xampp\htdocs\drivelink\vendor\laravel\framework\src\Illuminate\Console\Command.php[39;22m:[39;1m183[39;22m
  [90m    Illuminate\Container\Container::call()[39m

  [33m21  [39m[39;1mC:\xampp\htdocs\drivelink\vendor\symfony\console\Command\Command.php[39;22m:[39;1m291[39;22m
  [90m    Illuminate\Console\Command::execute(Object(Symfony\Component\Console\Input\ArrayInput), Object(Mockery_1_Illuminate_Console_OutputStyle))[39m

  [33m22  [39m[39;1mC:\xampp\htdocs\drivelink\vendor\laravel\framework\src\Illuminate\Console\Command.php[39;22m:[39;1m152[39;22m
  [90m    Symfony\Component\Console\Command\Command::run(Object(Symfony\Component\Console\Input\ArrayInput), Object(Mockery_1_Illuminate_Console_OutputStyle))[39m

  [33m23  [39m[39;1mC:\xampp\htdocs\drivelink\vendor\laravel\framework\src\Illuminate\Console\Concerns\CallsCommands.php[39;22m:[39;1m67[39;22m
  [90m    Illuminate\Console\Command::run(Object(Symfony\Component\Console\Input\ArrayInput), Object(Mockery_1_Illuminate_Console_OutputStyle))[39m

  [33m24  [39m[39;1mC:\xampp\htdocs\drivelink\vendor\laravel\framework\src\Illuminate\Console\Concerns\CallsCommands.php[39;22m:[39;1m28[39;22m
  [90m    Illuminate\Console\Command::runCommand("migrate", ["migrate"], Object(Mockery_1_Illuminate_Console_OutputStyle))[39m

  [33m25  [39m[39;1mC:\xampp\htdocs\drivelink\vendor\laravel\framework\src\Illuminate\Database\Console\Migrations\FreshCommand.php[39;22m:[39;1m53[39;22m
  [90m    Illuminate\Console\Command::call("migrate", [])[39m

  [33m26  [39m[39;1mC:\xampp\htdocs\drivelink\vendor\laravel\framework\src\Illuminate\Container\BoundMethod.php[39;22m:[39;1m36[39;22m
  [90m    Illuminate\Database\Console\Migrations\FreshCommand::handle()[39m

  [33m27  [39m[39;1mC:\xampp\htdocs\drivelink\vendor\laravel\framework\src\Illuminate\Container\Util.php[39;22m:[39;1m41[39;22m
  [90m    Illuminate\Container\BoundMethod::Illuminate\Container\{closure}()[39m

  [33m28  [39m[39;1mC:\xampp\htdocs\drivelink\vendor\laravel\framework\src\Illuminate\Container\BoundMethod.php[39;22m:[39;1m93[39;22m
  [90m    Illuminate\Container\Util::unwrapIfClosure(Object(Closure))[39m

  [33m29  [39m[39;1mC:\xampp\htdocs\drivelink\vendor\laravel\framework\src\Illuminate\Container\BoundMethod.php[39;22m:[39;1m35[39;22m
  [90m    Illuminate\Container\BoundMethod::callBoundMethod(Object(Illuminate\Foundation\Application), Object(Closure))[39m

  [33m30  [39m[39;1mC:\xampp\htdocs\drivelink\vendor\laravel\framework\src\Illuminate\Container\Container.php[39;22m:[39;1m661[39;22m
  [90m    Illuminate\Container\BoundMethod::call(Object(Illuminate\Foundation\Application), [])[39m

  [33m31  [39m[39;1mC:\xampp\htdocs\drivelink\vendor\laravel\framework\src\Illuminate\Console\Command.php[39;22m:[39;1m183[39;22m
  [90m    Illuminate\Container\Container::call()[39m

  [33m32  [39m[39;1mC:\xampp\htdocs\drivelink\vendor\symfony\console\Command\Command.php[39;22m:[39;1m291[39;22m
  [90m    Illuminate\Console\Command::execute(Object(Symfony\Component\Console\Input\ArrayInput), Object(Mockery_1_Illuminate_Console_OutputStyle))[39m

  [33m33  [39m[39;1mC:\xampp\htdocs\drivelink\vendor\laravel\framework\src\Illuminate\Console\Command.php[39;22m:[39;1m152[39;22m
  [90m    Symfony\Component\Console\Command\Command::run(Object(Symfony\Component\Console\Input\ArrayInput), Object(Mockery_1_Illuminate_Console_OutputStyle))[39m

  [33m34  [39m[39;1mC:\xampp\htdocs\drivelink\vendor\symfony\console\Application.php[39;22m:[39;1m1014[39;22m
  [90m    Illuminate\Console\Command::run(Object(Symfony\Component\Console\Input\ArrayInput), Object(Mockery_1_Illuminate_Console_OutputStyle))[39m

  [33m35  [39m[39;1mC:\xampp\htdocs\drivelink\vendor\symfony\console\Application.php[39;22m:[39;1m301[39;22m
  [90m    Symfony\Component\Console\Application::doRunCommand(Object(Illuminate\Database\Console\Migrations\FreshCommand), Object(Symfony\Component\Console\Input\ArrayInput), Object(Mockery_1_Illuminate_Console_OutputStyle))[39m

  [33m36  [39m[39;1mC:\xampp\htdocs\drivelink\vendor\symfony\console\Application.php[39;22m:[39;1m171[39;22m
  [90m    Symfony\Component\Console\Application::doRun(Object(Symfony\Component\Console\Input\ArrayInput), Object(Mockery_1_Illuminate_Console_OutputStyle))[39m

  [33m37  [39m[39;1mC:\xampp\htdocs\drivelink\vendor\laravel\framework\src\Illuminate\Console\Application.php[39;22m:[39;1m102[39;22m
  [90m    Symfony\Component\Console\Application::run(Object(Symfony\Component\Console\Input\ArrayInput), Object(Mockery_1_Illuminate_Console_OutputStyle))[39m

  [33m38  [39m[39;1mC:\xampp\htdocs\drivelink\vendor\laravel\framework\src\Illuminate\Console\Application.php[39;22m:[39;1m193[39;22m
  [90m    Illuminate\Console\Application::run(Object(Symfony\Component\Console\Input\ArrayInput), Object(Mockery_1_Illuminate_Console_OutputStyle))[39m

  [33m39  [39m[39;1mC:\xampp\htdocs\drivelink\vendor\laravel\framework\src\Illuminate\Foundation\Console\Kernel.php[39;22m:[39;1m336[39;22m
  [90m    Illuminate\Console\Application::call("migrate:fresh", [], Object(Mockery_1_Illuminate_Console_OutputStyle))[39m

  [33m40  [39m[39;1mC:\xampp\htdocs\drivelink\vendor\laravel\framework\src\Illuminate\Testing\PendingCommand.php[39;22m:[39;1m296[39;22m
  [90m    Illuminate\Foundation\Console\Kernel::call("migrate:fresh", [], Object(Mockery_1_Illuminate_Console_OutputStyle))[39m

  [33m41  [39m[39;1mC:\xampp\htdocs\drivelink\vendor\laravel\framework\src\Illuminate\Testing\PendingCommand.php[39;22m:[39;1m481[39;22m
  [90m    Illuminate\Testing\PendingCommand::run()[39m

  [33m42  [39m[39;1mC:\xampp\htdocs\drivelink\vendor\laravel\framework\src\Illuminate\Foundation\Testing\Concerns\InteractsWithConsole.php[39;22m:[39;1m80[39;22m
  [90m    Illuminate\Testing\PendingCommand::__destruct()[39m

  [33m43  [39m[39;1mC:\xampp\htdocs\drivelink\vendor\laravel\framework\src\Illuminate\Foundation\Testing\RefreshDatabase.php[39;22m:[39;1m73[39;22m
  [90m    Illuminate\Foundation\Testing\TestCase::artisan("migrate:fresh", [])[39m

  [33m44  [39m[39;1mC:\xampp\htdocs\drivelink\vendor\laravel\framework\src\Illuminate\Foundation\Testing\RefreshDatabase.php[39;22m:[39;1m23[39;22m
  [90m    Tests\Unit\ModelRelationshipsTest::refreshTestDatabase()[39m

  [33m45  [39m[39;1mC:\xampp\htdocs\drivelink\vendor\laravel\framework\src\Illuminate\Foundation\Testing\TestCase.php[39;22m:[39;1m127[39;22m
  [90m    Tests\Unit\ModelRelationshipsTest::refreshDatabase()[39m

  [33m46  [39m[39;1mC:\xampp\htdocs\drivelink\vendor\laravel\framework\src\Illuminate\Foundation\Testing\TestCase.php[39;22m:[39;1m96[39;22m
  [90m    Illuminate\Foundation\Testing\TestCase::setUpTraits()[39m

  [33m47  [39m[39;1mC:\xampp\htdocs\drivelink\tests\TestCase.php[39;22m:[39;1m29[39;22m
  [90m    Illuminate\Foundation\Testing\TestCase::setUp()[39m

  [33m48  [39m[39;1mC:\xampp\htdocs\drivelink\vendor\phpunit\phpunit\src\Framework\TestCase.php[39;22m:[39;1m1216[39;22m
  [90m    Tests\TestCase::setUp()[39m

  [33m49  [39m[39;1mC:\xampp\htdocs\drivelink\vendor\phpunit\phpunit\src\Framework\TestResult.php[39;22m:[39;1m729[39;22m
  [90m    PHPUnit\Framework\TestCase::runBare()[39m

  [33m50  [39m[39;1mC:\xampp\htdocs\drivelink\vendor\phpunit\phpunit\src\Framework\TestCase.php[39;22m:[39;1m973[39;22m
  [90m    PHPUnit\Framework\TestResult::run(Object(Tests\Unit\ModelRelationshipsTest))[39m

  [33m51  [39m[39;1mC:\xampp\htdocs\drivelink\vendor\phpunit\phpunit\src\Framework\TestSuite.php[39;22m:[39;1m685[39;22m
  [90m    PHPUnit\Framework\TestCase::run(Object(PHPUnit\Framework\TestResult))[39m

  [33m52  [39m[39;1mC:\xampp\htdocs\drivelink\vendor\phpunit\phpunit\src\Framework\TestSuite.php[39;22m:[39;1m685[39;22m
  [90m    PHPUnit\Framework\TestSuite::run(Object(PHPUnit\Framework\TestResult))[39m

  [33m53  [39m[39;1mC:\xampp\htdocs\drivelink\vendor\phpunit\phpunit\src\Framework\TestSuite.php[39;22m:[39;1m685[39;22m
  [90m    PHPUnit\Framework\TestSuite::run(Object(PHPUnit\Framework\TestResult))[39m

  [33m54  [39m[39;1mC:\xampp\htdocs\drivelink\vendor\phpunit\phpunit\src\TextUI\TestRunner.php[39;22m:[39;1m651[39;22m
  [90m    PHPUnit\Framework\TestSuite::run(Object(PHPUnit\Framework\TestResult))[39m

  [33m55  [39m[39;1mC:\xampp\htdocs\drivelink\vendor\phpunit\phpunit\src\TextUI\Command.php[39;22m:[39;1m146[39;22m
  [90m    PHPUnit\TextUI\TestRunner::run(Object(PHPUnit\Framework\TestSuite), [])[39m

  [33m56  [39m[39;1mC:\xampp\htdocs\drivelink\vendor\phpunit\phpunit\src\TextUI\Command.php[39;22m:[39;1m99[39;22m
  [90m    PHPUnit\TextUI\Command::run()[39m

  [33m57  [39m[39;1mC:\xampp\htdocs\drivelink\vendor\phpunit\phpunit\phpunit[39;22m:[39;1m107[39;22m
  [90m    PHPUnit\TextUI\Command::main()[39m

  [31;1m• Tests\Unit\ModelRelationshipsTest [39;22m> [31;1mdriver has matches relationship[39;22m
  [41;1m Illuminate\Database\QueryException [49;22m

[39;1m  SQLSTATE[42S02]: Base table or view not found: 1146 Table 'drivelink_db.migrations' doesn't exist (SQL: insert into `migrations` (`migration`, `batch`) values (2014_10_12_000000_create_users_table, 1))[39;22m

  at [32mC:\xampp\htdocs\drivelink\vendor\laravel\framework\src\Illuminate\Database\Connection.php[39m:[32m760[39m
    756▕         // If an exception occurs when attempting to run a query, we'll format the error
    757▕         // message to include the bindings with SQL, which will make this exception a
    758▕         // lot more helpful to the developer instead of just the database's errors.
    759▕         catch (Exception $e) {
  ➜ 760▕             throw new QueryException(
    761▕                 $query, $this->prepareBindings($bindings), $e
    762▕             );
    763▕         }
    764▕     }

  [33m1   [39m[39;1mC:\xampp\htdocs\drivelink\vendor\laravel\framework\src\Illuminate\Database\Connection.php[39;22m:[39;1m539[39;22m
  [90m    PDOException::("SQLSTATE[42S02]: Base table or view not found: 1146 Table 'drivelink_db.migrations' doesn't exist")[39m

  [33m2   [39m[39;1mC:\xampp\htdocs\drivelink\vendor\laravel\framework\src\Illuminate\Database\Connection.php[39;22m:[39;1m539[39;22m
  [90m    PDO::prepare("insert into `migrations` (`migration`, `batch`) values (?, ?)")[39m

  [33m3   [39m[39;1mC:\xampp\htdocs\drivelink\vendor\laravel\framework\src\Illuminate\Database\Connection.php[39;22m:[39;1m753[39;22m
  [90m    Illuminate\Database\Connection::Illuminate\Database\{closure}("insert into `migrations` (`migration`, `batch`) values (?, ?)")[39m

  [33m4   [39m[39;1mC:\xampp\htdocs\drivelink\vendor\laravel\framework\src\Illuminate\Database\Connection.php[39;22m:[39;1m720[39;22m
  [90m    Illuminate\Database\Connection::runQueryCallback("insert into `migrations` (`migration`, `batch`) values (?, ?)", Object(Closure))[39m

  [33m5   [39m[39;1mC:\xampp\htdocs\drivelink\vendor\laravel\framework\src\Illuminate\Database\Connection.php[39;22m:[39;1m534[39;22m
  [90m    Illuminate\Database\Connection::run("insert into `migrations` (`migration`, `batch`) values (?, ?)", Object(Closure))[39m

  [33m6   [39m[39;1mC:\xampp\htdocs\drivelink\vendor\laravel\framework\src\Illuminate\Database\Connection.php[39;22m:[39;1m498[39;22m
  [90m    Illuminate\Database\Connection::statement("insert into `migrations` (`migration`, `batch`) values (?, ?)")[39m

  [33m7   [39m[39;1mC:\xampp\htdocs\drivelink\vendor\laravel\framework\src\Illuminate\Database\Query\Builder.php[39;22m:[39;1m3272[39;22m
  [90m    Illuminate\Database\Connection::insert("insert into `migrations` (`migration`, `batch`) values (?, ?)")[39m

  [33m8   [39m[39;1mC:\xampp\htdocs\drivelink\vendor\laravel\framework\src\Illuminate\Database\Migrations\DatabaseMigrationRepository.php[39;22m:[39;1m107[39;22m
  [90m    Illuminate\Database\Query\Builder::insert()[39m

  [33m9   [39m[39;1mC:\xampp\htdocs\drivelink\vendor\laravel\framework\src\Illuminate\Database\Migrations\Migrator.php[39;22m:[39;1m229[39;22m
  [90m    Illuminate\Database\Migrations\DatabaseMigrationRepository::log("2014_10_12_000000_create_users_table")[39m

  [33m10  [39m[39;1mC:\xampp\htdocs\drivelink\vendor\laravel\framework\src\Illuminate\Database\Migrations\Migrator.php[39;22m:[39;1m189[39;22m
  [90m    Illuminate\Database\Migrations\Migrator::runUp("C:\xampp\htdocs\drivelink\database\migrations/2014_10_12_000000_create_users_table.php")[39m

  [33m11  [39m[39;1mC:\xampp\htdocs\drivelink\vendor\laravel\framework\src\Illuminate\Database\Migrations\Migrator.php[39;22m:[39;1m132[39;22m
  [90m    Illuminate\Database\Migrations\Migrator::runPending([])[39m

  [33m12  [39m[39;1mC:\xampp\htdocs\drivelink\vendor\laravel\framework\src\Illuminate\Database\Console\Migrations\MigrateCommand.php[39;22m:[39;1m88[39;22m
  [90m    Illuminate\Database\Migrations\Migrator::run([])[39m

  [33m13  [39m[39;1mC:\xampp\htdocs\drivelink\vendor\laravel\framework\src\Illuminate\Database\Migrations\Migrator.php[39;22m:[39;1m636[39;22m
  [90m    Illuminate\Database\Console\Migrations\MigrateCommand::Illuminate\Database\Console\Migrations\{closure}()[39m

  [33m14  [39m[39;1mC:\xampp\htdocs\drivelink\vendor\laravel\framework\src\Illuminate\Database\Console\Migrations\MigrateCommand.php[39;22m:[39;1m81[39;22m
  [90m    Illuminate\Database\Migrations\Migrator::usingConnection(Object(Closure))[39m

  [33m15  [39m[39;1mC:\xampp\htdocs\drivelink\vendor\laravel\framework\src\Illuminate\Container\BoundMethod.php[39;22m:[39;1m36[39;22m
  [90m    Illuminate\Database\Console\Migrations\MigrateCommand::handle()[39m

  [33m16  [39m[39;1mC:\xampp\htdocs\drivelink\vendor\laravel\framework\src\Illuminate\Container\Util.php[39;22m:[39;1m41[39;22m
  [90m    Illuminate\Container\BoundMethod::Illuminate\Container\{closure}()[39m

  [33m17  [39m[39;1mC:\xampp\htdocs\drivelink\vendor\laravel\framework\src\Illuminate\Container\BoundMethod.php[39;22m:[39;1m93[39;22m
  [90m    Illuminate\Container\Util::unwrapIfClosure(Object(Closure))[39m

  [33m18  [39m[39;1mC:\xampp\htdocs\drivelink\vendor\laravel\framework\src\Illuminate\Container\BoundMethod.php[39;22m:[39;1m35[39;22m
  [90m    Illuminate\Container\BoundMethod::callBoundMethod(Object(Illuminate\Foundation\Application), Object(Closure))[39m

  [33m19  [39m[39;1mC:\xampp\htdocs\drivelink\vendor\laravel\framework\src\Illuminate\Container\Container.php[39;22m:[39;1m661[39;22m
  [90m    Illuminate\Container\BoundMethod::call(Object(Illuminate\Foundation\Application), [])[39m

  [33m20  [39m[39;1mC:\xampp\htdocs\drivelink\vendor\laravel\framework\src\Illuminate\Console\Command.php[39;22m:[39;1m183[39;22m
  [90m    Illuminate\Container\Container::call()[39m

  [33m21  [39m[39;1mC:\xampp\htdocs\drivelink\vendor\symfony\console\Command\Command.php[39;22m:[39;1m291[39;22m
  [90m    Illuminate\Console\Command::execute(Object(Symfony\Component\Console\Input\ArrayInput), Object(Mockery_1_Illuminate_Console_OutputStyle))[39m

  [33m22  [39m[39;1mC:\xampp\htdocs\drivelink\vendor\laravel\framework\src\Illuminate\Console\Command.php[39;22m:[39;1m152[39;22m
  [90m    Symfony\Component\Console\Command\Command::run(Object(Symfony\Component\Console\Input\ArrayInput), Object(Mockery_1_Illuminate_Console_OutputStyle))[39m

  [33m23  [39m[39;1mC:\xampp\htdocs\drivelink\vendor\laravel\framework\src\Illuminate\Console\Concerns\CallsCommands.php[39;22m:[39;1m67[39;22m
  [90m    Illuminate\Console\Command::run(Object(Symfony\Component\Console\Input\ArrayInput), Object(Mockery_1_Illuminate_Console_OutputStyle))[39m

  [33m24  [39m[39;1mC:\xampp\htdocs\drivelink\vendor\laravel\framework\src\Illuminate\Console\Concerns\CallsCommands.php[39;22m:[39;1m28[39;22m
  [90m    Illuminate\Console\Command::runCommand("migrate", ["migrate"], Object(Mockery_1_Illuminate_Console_OutputStyle))[39m

  [33m25  [39m[39;1mC:\xampp\htdocs\drivelink\vendor\laravel\framework\src\Illuminate\Database\Console\Migrations\FreshCommand.php[39;22m:[39;1m53[39;22m
  [90m    Illuminate\Console\Command::call("migrate", [])[39m

  [33m26  [39m[39;1mC:\xampp\htdocs\drivelink\vendor\laravel\framework\src\Illuminate\Container\BoundMethod.php[39;22m:[39;1m36[39;22m
  [90m    Illuminate\Database\Console\Migrations\FreshCommand::handle()[39m

  [33m27  [39m[39;1mC:\xampp\htdocs\drivelink\vendor\laravel\framework\src\Illuminate\Container\Util.php[39;22m:[39;1m41[39;22m
  [90m    Illuminate\Container\BoundMethod::Illuminate\Container\{closure}()[39m

  [33m28  [39m[39;1mC:\xampp\htdocs\drivelink\vendor\laravel\framework\src\Illuminate\Container\BoundMethod.php[39;22m:[39;1m93[39;22m
  [90m    Illuminate\Container\Util::unwrapIfClosure(Object(Closure))[39m

  [33m29  [39m[39;1mC:\xampp\htdocs\drivelink\vendor\laravel\framework\src\Illuminate\Container\BoundMethod.php[39;22m:[39;1m35[39;22m
  [90m    Illuminate\Container\BoundMethod::callBoundMethod(Object(Illuminate\Foundation\Application), Object(Closure))[39m

  [33m30  [39m[39;1mC:\xampp\htdocs\drivelink\vendor\laravel\framework\src\Illuminate\Container\Container.php[39;22m:[39;1m661[39;22m
  [90m    Illuminate\Container\BoundMethod::call(Object(Illuminate\Foundation\Application), [])[39m

  [33m31  [39m[39;1mC:\xampp\htdocs\drivelink\vendor\laravel\framework\src\Illuminate\Console\Command.php[39;22m:[39;1m183[39;22m
  [90m    Illuminate\Container\Container::call()[39m

  [33m32  [39m[39;1mC:\xampp\htdocs\drivelink\vendor\symfony\console\Command\Command.php[39;22m:[39;1m291[39;22m
  [90m    Illuminate\Console\Command::execute(Object(Symfony\Component\Console\Input\ArrayInput), Object(Mockery_1_Illuminate_Console_OutputStyle))[39m

  [33m33  [39m[39;1mC:\xampp\htdocs\drivelink\vendor\laravel\framework\src\Illuminate\Console\Command.php[39;22m:[39;1m152[39;22m
  [90m    Symfony\Component\Console\Command\Command::run(Object(Symfony\Component\Console\Input\ArrayInput), Object(Mockery_1_Illuminate_Console_OutputStyle))[39m

  [33m34  [39m[39;1mC:\xampp\htdocs\drivelink\vendor\symfony\console\Application.php[39;22m:[39;1m1014[39;22m
  [90m    Illuminate\Console\Command::run(Object(Symfony\Component\Console\Input\ArrayInput), Object(Mockery_1_Illuminate_Console_OutputStyle))[39m

  [33m35  [39m[39;1mC:\xampp\htdocs\drivelink\vendor\symfony\console\Application.php[39;22m:[39;1m301[39;22m
  [90m    Symfony\Component\Console\Application::doRunCommand(Object(Illuminate\Database\Console\Migrations\FreshCommand), Object(Symfony\Component\Console\Input\ArrayInput), Object(Mockery_1_Illuminate_Console_OutputStyle))[39m

  [33m36  [39m[39;1mC:\xampp\htdocs\drivelink\vendor\symfony\console\Application.php[39;22m:[39;1m171[39;22m
  [90m    Symfony\Component\Console\Application::doRun(Object(Symfony\Component\Console\Input\ArrayInput), Object(Mockery_1_Illuminate_Console_OutputStyle))[39m

  [33m37  [39m[39;1mC:\xampp\htdocs\drivelink\vendor\laravel\framework\src\Illuminate\Console\Application.php[39;22m:[39;1m102[39;22m
  [90m    Symfony\Component\Console\Application::run(Object(Symfony\Component\Console\Input\ArrayInput), Object(Mockery_1_Illuminate_Console_OutputStyle))[39m

  [33m38  [39m[39;1mC:\xampp\htdocs\drivelink\vendor\laravel\framework\src\Illuminate\Console\Application.php[39;22m:[39;1m193[39;22m
  [90m    Illuminate\Console\Application::run(Object(Symfony\Component\Console\Input\ArrayInput), Object(Mockery_1_Illuminate_Console_OutputStyle))[39m

  [33m39  [39m[39;1mC:\xampp\htdocs\drivelink\vendor\laravel\framework\src\Illuminate\Foundation\Console\Kernel.php[39;22m:[39;1m336[39;22m
  [90m    Illuminate\Console\Application::call("migrate:fresh", [], Object(Mockery_1_Illuminate_Console_OutputStyle))[39m

  [33m40  [39m[39;1mC:\xampp\htdocs\drivelink\vendor\laravel\framework\src\Illuminate\Testing\PendingCommand.php[39;22m:[39;1m296[39;22m
  [90m    Illuminate\Foundation\Console\Kernel::call("migrate:fresh", [], Object(Mockery_1_Illuminate_Console_OutputStyle))[39m

  [33m41  [39m[39;1mC:\xampp\htdocs\drivelink\vendor\laravel\framework\src\Illuminate\Testing\PendingCommand.php[39;22m:[39;1m481[39;22m
  [90m    Illuminate\Testing\PendingCommand::run()[39m

  [33m42  [39m[39;1mC:\xampp\htdocs\drivelink\vendor\laravel\framework\src\Illuminate\Foundation\Testing\Concerns\InteractsWithConsole.php[39;22m:[39;1m80[39;22m
  [90m    Illuminate\Testing\PendingCommand::__destruct()[39m

  [33m43  [39m[39;1mC:\xampp\htdocs\drivelink\vendor\laravel\framework\src\Illuminate\Foundation\Testing\RefreshDatabase.php[39;22m:[39;1m73[39;22m
  [90m    Illuminate\Foundation\Testing\TestCase::artisan("migrate:fresh", [])[39m

  [33m44  [39m[39;1mC:\xampp\htdocs\drivelink\vendor\laravel\framework\src\Illuminate\Foundation\Testing\RefreshDatabase.php[39;22m:[39;1m23[39;22m
  [90m    Tests\Unit\ModelRelationshipsTest::refreshTestDatabase()[39m

  [33m45  [39m[39;1mC:\xampp\htdocs\drivelink\vendor\laravel\framework\src\Illuminate\Foundation\Testing\TestCase.php[39;22m:[39;1m127[39;22m
  [90m    Tests\Unit\ModelRelationshipsTest::refreshDatabase()[39m

  [33m46  [39m[39;1mC:\xampp\htdocs\drivelink\vendor\laravel\framework\src\Illuminate\Foundation\Testing\TestCase.php[39;22m:[39;1m96[39;22m
  [90m    Illuminate\Foundation\Testing\TestCase::setUpTraits()[39m

  [33m47  [39m[39;1mC:\xampp\htdocs\drivelink\tests\TestCase.php[39;22m:[39;1m29[39;22m
  [90m    Illuminate\Foundation\Testing\TestCase::setUp()[39m

  [33m48  [39m[39;1mC:\xampp\htdocs\drivelink\vendor\phpunit\phpunit\src\Framework\TestCase.php[39;22m:[39;1m1216[39;22m
  [90m    Tests\TestCase::setUp()[39m

  [33m49  [39m[39;1mC:\xampp\htdocs\drivelink\vendor\phpunit\phpunit\src\Framework\TestResult.php[39;22m:[39;1m729[39;22m
  [90m    PHPUnit\Framework\TestCase::runBare()[39m

  [33m50  [39m[39;1mC:\xampp\htdocs\drivelink\vendor\phpunit\phpunit\src\Framework\TestCase.php[39;22m:[39;1m973[39;22m
  [90m    PHPUnit\Framework\TestResult::run(Object(Tests\Unit\ModelRelationshipsTest))[39m

  [33m51  [39m[39;1mC:\xampp\htdocs\drivelink\vendor\phpunit\phpunit\src\Framework\TestSuite.php[39;22m:[39;1m685[39;22m
  [90m    PHPUnit\Framework\TestCase::run(Object(PHPUnit\Framework\TestResult))[39m

  [33m52  [39m[39;1mC:\xampp\htdocs\drivelink\vendor\phpunit\phpunit\src\Framework\TestSuite.php[39;22m:[39;1m685[39;22m
  [90m    PHPUnit\Framework\TestSuite::run(Object(PHPUnit\Framework\TestResult))[39m

  [33m53  [39m[39;1mC:\xampp\htdocs\drivelink\vendor\phpunit\phpunit\src\Framework\TestSuite.php[39;22m:[39;1m685[39;22m
  [90m    PHPUnit\Framework\TestSuite::run(Object(PHPUnit\Framework\TestResult))[39m

  [33m54  [39m[39;1mC:\xampp\htdocs\drivelink\vendor\phpunit\phpunit\src\TextUI\TestRunner.php[39;22m:[39;1m651[39;22m
  [90m    PHPUnit\Framework\TestSuite::run(Object(PHPUnit\Framework\TestResult))[39m

  [33m55  [39m[39;1mC:\xampp\htdocs\drivelink\vendor\phpunit\phpunit\src\TextUI\Command.php[39;22m:[39;1m146[39;22m
  [90m    PHPUnit\TextUI\TestRunner::run(Object(PHPUnit\Framework\TestSuite), [])[39m

  [33m56  [39m[39;1mC:\xampp\htdocs\drivelink\vendor\phpunit\phpunit\src\TextUI\Command.php[39;22m:[39;1m99[39;22m
  [90m    PHPUnit\TextUI\Command::run()[39m

  [33m57  [39m[39;1mC:\xampp\htdocs\drivelink\vendor\phpunit\phpunit\phpunit[39;22m:[39;1m107[39;22m
  [90m    PHPUnit\TextUI\Command::main()[39m

  [31;1m• Tests\Unit\ModelRelationshipsTest [39;22m> [31;1mdriver has category requirements relationship[39;22m
  [41;1m Illuminate\Database\QueryException [49;22m

[39;1m  SQLSTATE[42S01]: Base table or view already exists: 1050 Table 'permissions' already exists (SQL: create table `permissions` (`id` bigint unsigned not null auto_increment primary key, `name` varchar(255) not null, `guard_name` varchar(255) not null, `created_at` timestamp null, `updated_at` timestamp null) default character set utf8mb4 collate 'utf8mb4_unicode_ci')[39;22m

  at [32mC:\xampp\htdocs\drivelink\vendor\laravel\framework\src\Illuminate\Database\Connection.php[39m:[32m760[39m
    756▕         // If an exception occurs when attempting to run a query, we'll format the error
    757▕         // message to include the bindings with SQL, which will make this exception a
    758▕         // lot more helpful to the developer instead of just the database's errors.
    759▕         catch (Exception $e) {
  ➜ 760▕             throw new QueryException(
    761▕                 $query, $this->prepareBindings($bindings), $e
    762▕             );
    763▕         }
    764▕     }

  [33m1   [39m[39;1mC:\xampp\htdocs\drivelink\vendor\laravel\framework\src\Illuminate\Database\Connection.php[39;22m:[39;1m545[39;22m
  [90m    PDOException::("SQLSTATE[42S01]: Base table or view already exists: 1050 Table 'permissions' already exists")[39m

  [33m2   [39m[39;1mC:\xampp\htdocs\drivelink\vendor\laravel\framework\src\Illuminate\Database\Connection.php[39;22m:[39;1m545[39;22m
  [90m    PDOStatement::execute()[39m

  [33m3   [39m[39;1mC:\xampp\htdocs\drivelink\vendor\laravel\framework\src\Illuminate\Database\Connection.php[39;22m:[39;1m753[39;22m
  [90m    Illuminate\Database\Connection::Illuminate\Database\{closure}("create table `permissions` (`id` bigint unsigned not null auto_increment primary key, `name` varchar(255) not null, `guard_name` varchar(255) not null, `created_at` timestamp null, `updated_at` timestamp null) default character set utf8mb4 collate 'utf8mb4_unicode_ci'", [])[39m

  [33m4   [39m[39;1mC:\xampp\htdocs\drivelink\vendor\laravel\framework\src\Illuminate\Database\Connection.php[39;22m:[39;1m720[39;22m
  [90m    Illuminate\Database\Connection::runQueryCallback("create table `permissions` (`id` bigint unsigned not null auto_increment primary key, `name` varchar(255) not null, `guard_name` varchar(255) not null, `created_at` timestamp null, `updated_at` timestamp null) default character set utf8mb4 collate 'utf8mb4_unicode_ci'", [], Object(Closure))[39m

  [33m5   [39m[39;1mC:\xampp\htdocs\drivelink\vendor\laravel\framework\src\Illuminate\Database\Connection.php[39;22m:[39;1m534[39;22m
  [90m    Illuminate\Database\Connection::run("create table `permissions` (`id` bigint unsigned not null auto_increment primary key, `name` varchar(255) not null, `guard_name` varchar(255) not null, `created_at` timestamp null, `updated_at` timestamp null) default character set utf8mb4 collate 'utf8mb4_unicode_ci'", [], Object(Closure))[39m

  [33m6   [39m[39;1mC:\xampp\htdocs\drivelink\vendor\laravel\framework\src\Illuminate\Database\Schema\Blueprint.php[39;22m:[39;1m109[39;22m
  [90m    Illuminate\Database\Connection::statement("create table `permissions` (`id` bigint unsigned not null auto_increment primary key, `name` varchar(255) not null, `guard_name` varchar(255) not null, `created_at` timestamp null, `updated_at` timestamp null) default character set utf8mb4 collate 'utf8mb4_unicode_ci'")[39m

  [33m7   [39m[39;1mC:\xampp\htdocs\drivelink\vendor\laravel\framework\src\Illuminate\Database\Schema\Builder.php[39;22m:[39;1m439[39;22m
  [90m    Illuminate\Database\Schema\Blueprint::build(Object(Illuminate\Database\MySqlConnection), Object(Illuminate\Database\Schema\Grammars\MySqlGrammar))[39m

  [33m8   [39m[39;1mC:\xampp\htdocs\drivelink\vendor\laravel\framework\src\Illuminate\Database\Schema\Builder.php[39;22m:[39;1m281[39;22m
  [90m    Illuminate\Database\Schema\Builder::build(Object(Illuminate\Database\Schema\Blueprint))[39m

  [33m9   [39m[39;1mC:\xampp\htdocs\drivelink\vendor\laravel\framework\src\Illuminate\Support\Facades\Facade.php[39;22m:[39;1m338[39;22m
  [90m    Illuminate\Database\Schema\Builder::create("permissions", Object(Closure))[39m

  [33m10  [39m[39;1mC:\xampp\htdocs\drivelink\database\migrations\2025_10_16_113821_create_permission_tables.php[39;22m:[39;1m23[39;22m
  [90m    Illuminate\Support\Facades\Facade::__callStatic("create")[39m

  [33m11  [39m[39;1mC:\xampp\htdocs\drivelink\vendor\laravel\framework\src\Illuminate\Database\Migrations\Migrator.php[39;22m:[39;1m496[39;22m
  [90m    Illuminate\Database\Migrations\Migration@anonymous\C:\xampp\htdocs\drivelink\database\migrations\2025_10_16_113821_create_permission_tables.php:7$1bc::up()[39m

  [33m12  [39m[39;1mC:\xampp\htdocs\drivelink\vendor\laravel\framework\src\Illuminate\Database\Migrations\Migrator.php[39;22m:[39;1m414[39;22m
  [90m    Illuminate\Database\Migrations\Migrator::runMethod(Object(Illuminate\Database\MySqlConnection), Object(Illuminate\Database\Migrations\Migration@anonymous\C:\xampp\htdocs\drivelink\database\migrations\2025_10_16_113821_create_permission_tables.php:7$1bc), "up")[39m

  [33m13  [39m[39;1mC:\xampp\htdocs\drivelink\vendor\laravel\framework\src\Illuminate\Database\Migrations\Migrator.php[39;22m:[39;1m423[39;22m
  [90m    Illuminate\Database\Migrations\Migrator::Illuminate\Database\Migrations\{closure}()[39m

  [33m14  [39m[39;1mC:\xampp\htdocs\drivelink\vendor\laravel\framework\src\Illuminate\Database\Migrations\Migrator.php[39;22m:[39;1m224[39;22m
  [90m    Illuminate\Database\Migrations\Migrator::runMigration(Object(Illuminate\Database\Migrations\Migration@anonymous\C:\xampp\htdocs\drivelink\database\migrations\2025_10_16_113821_create_permission_tables.php:7$1bc), "up")[39m

  [33m15  [39m[39;1mC:\xampp\htdocs\drivelink\vendor\laravel\framework\src\Illuminate\Console\View\Components\Task.php[39;22m:[39;1m37[39;22m
  [90m    Illuminate\Database\Migrations\Migrator::Illuminate\Database\Migrations\{closure}()[39m

  [33m16  [39m[39;1mC:\xampp\htdocs\drivelink\vendor\laravel\framework\src\Illuminate\Database\Migrations\Migrator.php[39;22m:[39;1m778[39;22m
  [90m    Illuminate\Console\View\Components\Task::render("2025_10_16_113821_create_permission_tables", Object(Closure))[39m

  [33m17  [39m[39;1mC:\xampp\htdocs\drivelink\vendor\laravel\framework\src\Illuminate\Database\Migrations\Migrator.php[39;22m:[39;1m224[39;22m
  [90m    Illuminate\Database\Migrations\Migrator::write("Illuminate\Console\View\Components\Task", "2025_10_16_113821_create_permission_tables", Object(Closure))[39m

  [33m18  [39m[39;1mC:\xampp\htdocs\drivelink\vendor\laravel\framework\src\Illuminate\Database\Migrations\Migrator.php[39;22m:[39;1m189[39;22m
  [90m    Illuminate\Database\Migrations\Migrator::runUp("C:\xampp\htdocs\drivelink\database\migrations/2025_10_16_113821_create_permission_tables.php")[39m

  [33m19  [39m[39;1mC:\xampp\htdocs\drivelink\vendor\laravel\framework\src\Illuminate\Database\Migrations\Migrator.php[39;22m:[39;1m132[39;22m
  [90m    Illuminate\Database\Migrations\Migrator::runPending([])[39m

  [33m20  [39m[39;1mC:\xampp\htdocs\drivelink\vendor\laravel\framework\src\Illuminate\Database\Console\Migrations\MigrateCommand.php[39;22m:[39;1m88[39;22m
  [90m    Illuminate\Database\Migrations\Migrator::run([])[39m

  [33m21  [39m[39;1mC:\xampp\htdocs\drivelink\vendor\laravel\framework\src\Illuminate\Database\Migrations\Migrator.php[39;22m:[39;1m636[39;22m
  [90m    Illuminate\Database\Console\Migrations\MigrateCommand::Illuminate\Database\Console\Migrations\{closure}()[39m

  [33m22  [39m[39;1mC:\xampp\htdocs\drivelink\vendor\laravel\framework\src\Illuminate\Database\Console\Migrations\MigrateCommand.php[39;22m:[39;1m81[39;22m
  [90m    Illuminate\Database\Migrations\Migrator::usingConnection(Object(Closure))[39m

  [33m23  [39m[39;1mC:\xampp\htdocs\drivelink\vendor\laravel\framework\src\Illuminate\Container\BoundMethod.php[39;22m:[39;1m36[39;22m
  [90m    Illuminate\Database\Console\Migrations\MigrateCommand::handle()[39m

  [33m24  [39m[39;1mC:\xampp\htdocs\drivelink\vendor\laravel\framework\src\Illuminate\Container\Util.php[39;22m:[39;1m41[39;22m
  [90m    Illuminate\Container\BoundMethod::Illuminate\Container\{closure}()[39m

  [33m25  [39m[39;1mC:\xampp\htdocs\drivelink\vendor\laravel\framework\src\Illuminate\Container\BoundMethod.php[39;22m:[39;1m93[39;22m
  [90m    Illuminate\Container\Util::unwrapIfClosure(Object(Closure))[39m

  [33m26  [39m[39;1mC:\xampp\htdocs\drivelink\vendor\laravel\framework\src\Illuminate\Container\BoundMethod.php[39;22m:[39;1m35[39;22m
  [90m    Illuminate\Container\BoundMethod::callBoundMethod(Object(Illuminate\Foundation\Application), Object(Closure))[39m

  [33m27  [39m[39;1mC:\xampp\htdocs\drivelink\vendor\laravel\framework\src\Illuminate\Container\Container.php[39;22m:[39;1m661[39;22m
  [90m    Illuminate\Container\BoundMethod::call(Object(Illuminate\Foundation\Application), [])[39m

  [33m28  [39m[39;1mC:\xampp\htdocs\drivelink\vendor\laravel\framework\src\Illuminate\Console\Command.php[39;22m:[39;1m183[39;22m
  [90m    Illuminate\Container\Container::call()[39m

  [33m29  [39m[39;1mC:\xampp\htdocs\drivelink\vendor\symfony\console\Command\Command.php[39;22m:[39;1m291[39;22m
  [90m    Illuminate\Console\Command::execute(Object(Symfony\Component\Console\Input\ArrayInput), Object(Mockery_1_Illuminate_Console_OutputStyle))[39m

  [33m30  [39m[39;1mC:\xampp\htdocs\drivelink\vendor\laravel\framework\src\Illuminate\Console\Command.php[39;22m:[39;1m152[39;22m
  [90m    Symfony\Component\Console\Command\Command::run(Object(Symfony\Component\Console\Input\ArrayInput), Object(Mockery_1_Illuminate_Console_OutputStyle))[39m

  [33m31  [39m[39;1mC:\xampp\htdocs\drivelink\vendor\laravel\framework\src\Illuminate\Console\Concerns\CallsCommands.php[39;22m:[39;1m67[39;22m
  [90m    Illuminate\Console\Command::run(Object(Symfony\Component\Console\Input\ArrayInput), Object(Mockery_1_Illuminate_Console_OutputStyle))[39m

  [33m32  [39m[39;1mC:\xampp\htdocs\drivelink\vendor\laravel\framework\src\Illuminate\Console\Concerns\CallsCommands.php[39;22m:[39;1m28[39;22m
  [90m    Illuminate\Console\Command::runCommand("migrate", ["migrate"], Object(Mockery_1_Illuminate_Console_OutputStyle))[39m

  [33m33  [39m[39;1mC:\xampp\htdocs\drivelink\vendor\laravel\framework\src\Illuminate\Database\Console\Migrations\FreshCommand.php[39;22m:[39;1m53[39;22m
  [90m    Illuminate\Console\Command::call("migrate", [])[39m

  [33m34  [39m[39;1mC:\xampp\htdocs\drivelink\vendor\laravel\framework\src\Illuminate\Container\BoundMethod.php[39;22m:[39;1m36[39;22m
  [90m    Illuminate\Database\Console\Migrations\FreshCommand::handle()[39m

  [33m35  [39m[39;1mC:\xampp\htdocs\drivelink\vendor\laravel\framework\src\Illuminate\Container\Util.php[39;22m:[39;1m41[39;22m
  [90m    Illuminate\Container\BoundMethod::Illuminate\Container\{closure}()[39m

  [33m36  [39m[39;1mC:\xampp\htdocs\drivelink\vendor\laravel\framework\src\Illuminate\Container\BoundMethod.php[39;22m:[39;1m93[39;22m
  [90m    Illuminate\Container\Util::unwrapIfClosure(Object(Closure))[39m

  [33m37  [39m[39;1mC:\xampp\htdocs\drivelink\vendor\laravel\framework\src\Illuminate\Container\BoundMethod.php[39;22m:[39;1m35[39;22m
  [90m    Illuminate\Container\BoundMethod::callBoundMethod(Object(Illuminate\Foundation\Application), Object(Closure))[39m

  [33m38  [39m[39;1mC:\xampp\htdocs\drivelink\vendor\laravel\framework\src\Illuminate\Container\Container.php[39;22m:[39;1m661[39;22m
  [90m    Illuminate\Container\BoundMethod::call(Object(Illuminate\Foundation\Application), [])[39m

  [33m39  [39m[39;1mC:\xampp\htdocs\drivelink\vendor\laravel\framework\src\Illuminate\Console\Command.php[39;22m:[39;1m183[39;22m
  [90m    Illuminate\Container\Container::call()[39m

  [33m40  [39m[39;1mC:\xampp\htdocs\drivelink\vendor\symfony\console\Command\Command.php[39;22m:[39;1m291[39;22m
  [90m    Illuminate\Console\Command::execute(Object(Symfony\Component\Console\Input\ArrayInput), Object(Mockery_1_Illuminate_Console_OutputStyle))[39m

  [33m41  [39m[39;1mC:\xampp\htdocs\drivelink\vendor\laravel\framework\src\Illuminate\Console\Command.php[39;22m:[39;1m152[39;22m
  [90m    Symfony\Component\Console\Command\Command::run(Object(Symfony\Component\Console\Input\ArrayInput), Object(Mockery_1_Illuminate_Console_OutputStyle))[39m

  [33m42  [39m[39;1mC:\xampp\htdocs\drivelink\vendor\symfony\console\Application.php[39;22m:[39;1m1014[39;22m
  [90m    Illuminate\Console\Command::run(Object(Symfony\Component\Console\Input\ArrayInput), Object(Mockery_1_Illuminate_Console_OutputStyle))[39m

  [33m43  [39m[39;1mC:\xampp\htdocs\drivelink\vendor\symfony\console\Application.php[39;22m:[39;1m301[39;22m
  [90m    Symfony\Component\Console\Application::doRunCommand(Object(Illuminate\Database\Console\Migrations\FreshCommand), Object(Symfony\Component\Console\Input\ArrayInput), Object(Mockery_1_Illuminate_Console_OutputStyle))[39m

  [33m44  [39m[39;1mC:\xampp\htdocs\drivelink\vendor\symfony\console\Application.php[39;22m:[39;1m171[39;22m
  [90m    Symfony\Component\Console\Application::doRun(Object(Symfony\Component\Console\Input\ArrayInput), Object(Mockery_1_Illuminate_Console_OutputStyle))[39m

  [33m45  [39m[39;1mC:\xampp\htdocs\drivelink\vendor\laravel\framework\src\Illuminate\Console\Application.php[39;22m:[39;1m102[39;22m
  [90m    Symfony\Component\Console\Application::run(Object(Symfony\Component\Console\Input\ArrayInput), Object(Mockery_1_Illuminate_Console_OutputStyle))[39m

  [33m46  [39m[39;1mC:\xampp\htdocs\drivelink\vendor\laravel\framework\src\Illuminate\Console\Application.php[39;22m:[39;1m193[39;22m
  [90m    Illuminate\Console\Application::run(Object(Symfony\Component\Console\Input\ArrayInput), Object(Mockery_1_Illuminate_Console_OutputStyle))[39m

  [33m47  [39m[39;1mC:\xampp\htdocs\drivelink\vendor\laravel\framework\src\Illuminate\Foundation\Console\Kernel.php[39;22m:[39;1m336[39;22m
  [90m    Illuminate\Console\Application::call("migrate:fresh", [], Object(Mockery_1_Illuminate_Console_OutputStyle))[39m

  [33m48  [39m[39;1mC:\xampp\htdocs\drivelink\vendor\laravel\framework\src\Illuminate\Testing\PendingCommand.php[39;22m:[39;1m296[39;22m
  [90m    Illuminate\Foundation\Console\Kernel::call("migrate:fresh", [], Object(Mockery_1_Illuminate_Console_OutputStyle))[39m

  [33m49  [39m[39;1mC:\xampp\htdocs\drivelink\vendor\laravel\framework\src\Illuminate\Testing\PendingCommand.php[39;22m:[39;1m481[39;22m
  [90m    Illuminate\Testing\PendingCommand::run()[39m

  [33m50  [39m[39;1mC:\xampp\htdocs\drivelink\vendor\laravel\framework\src\Illuminate\Foundation\Testing\Concerns\InteractsWithConsole.php[39;22m:[39;1m80[39;22m
  [90m    Illuminate\Testing\PendingCommand::__destruct()[39m

  [33m51  [39m[39;1mC:\xampp\htdocs\drivelink\vendor\laravel\framework\src\Illuminate\Foundation\Testing\RefreshDatabase.php[39;22m:[39;1m73[39;22m
  [90m    Illuminate\Foundation\Testing\TestCase::artisan("migrate:fresh", [])[39m

  [33m52  [39m[39;1mC:\xampp\htdocs\drivelink\vendor\laravel\framework\src\Illuminate\Foundation\Testing\RefreshDatabase.php[39;22m:[39;1m23[39;22m
  [90m    Tests\Unit\ModelRelationshipsTest::refreshTestDatabase()[39m

  [33m53  [39m[39;1mC:\xampp\htdocs\drivelink\vendor\laravel\framework\src\Illuminate\Foundation\Testing\TestCase.php[39;22m:[39;1m127[39;22m
  [90m    Tests\Unit\ModelRelationshipsTest::refreshDatabase()[39m

  [33m54  [39m[39;1mC:\xampp\htdocs\drivelink\vendor\laravel\framework\src\Illuminate\Foundation\Testing\TestCase.php[39;22m:[39;1m96[39;22m
  [90m    Illuminate\Foundation\Testing\TestCase::setUpTraits()[39m

  [33m55  [39m[39;1mC:\xampp\htdocs\drivelink\tests\TestCase.php[39;22m:[39;1m29[39;22m
  [90m    Illuminate\Foundation\Testing\TestCase::setUp()[39m

  [33m56  [39m[39;1mC:\xampp\htdocs\drivelink\vendor\phpunit\phpunit\src\Framework\TestCase.php[39;22m:[39;1m1216[39;22m
  [90m    Tests\TestCase::setUp()[39m

  [33m57  [39m[39;1mC:\xampp\htdocs\drivelink\vendor\phpunit\phpunit\src\Framework\TestResult.php[39;22m:[39;1m729[39;22m
  [90m    PHPUnit\Framework\TestCase::runBare()[39m

  [33m58  [39m[39;1mC:\xampp\htdocs\drivelink\vendor\phpunit\phpunit\src\Framework\TestCase.php[39;22m:[39;1m973[39;22m
  [90m    PHPUnit\Framework\TestResult::run(Object(Tests\Unit\ModelRelationshipsTest))[39m

  [33m59  [39m[39;1mC:\xampp\htdocs\drivelink\vendor\phpunit\phpunit\src\Framework\TestSuite.php[39;22m:[39;1m685[39;22m
  [90m    PHPUnit\Framework\TestCase::run(Object(PHPUnit\Framework\TestResult))[39m

  [33m60  [39m[39;1mC:\xampp\htdocs\drivelink\vendor\phpunit\phpunit\src\Framework\TestSuite.php[39;22m:[39;1m685[39;22m
  [90m    PHPUnit\Framework\TestSuite::run(Object(PHPUnit\Framework\TestResult))[39m

  [33m61  [39m[39;1mC:\xampp\htdocs\drivelink\vendor\phpunit\phpunit\src\Framework\TestSuite.php[39;22m:[39;1m685[39;22m
  [90m    PHPUnit\Framework\TestSuite::run(Object(PHPUnit\Framework\TestResult))[39m

  [33m62  [39m[39;1mC:\xampp\htdocs\drivelink\vendor\phpunit\phpunit\src\TextUI\TestRunner.php[39;22m:[39;1m651[39;22m
  [90m    PHPUnit\Framework\TestSuite::run(Object(PHPUnit\Framework\TestResult))[39m

  [33m63  [39m[39;1mC:\xampp\htdocs\drivelink\vendor\phpunit\phpunit\src\TextUI\Command.php[39;22m:[39;1m146[39;22m
  [90m    PHPUnit\TextUI\TestRunner::run(Object(PHPUnit\Framework\TestSuite), [])[39m

  [33m64  [39m[39;1mC:\xampp\htdocs\drivelink\vendor\phpunit\phpunit\src\TextUI\Command.php[39;22m:[39;1m99[39;22m
  [90m    PHPUnit\TextUI\Command::run()[39m

  [33m65  [39m[39;1mC:\xampp\htdocs\drivelink\vendor\phpunit\phpunit\phpunit[39;22m:[39;1m107[39;22m
  [90m    PHPUnit\TextUI\Command::main()[39m

  [31;1m• Tests\Unit\ModelRelationshipsTest [39;22m> [31;1mdriver banking detail belongs to driver[39;22m
  [41;1m Illuminate\Database\QueryException [49;22m

[39;1m  SQLSTATE[42S01]: Base table or view already exists: 1050 Table 'permissions' already exists (SQL: create table `permissions` (`id` bigint unsigned not null auto_increment primary key, `name` varchar(255) not null, `guard_name` varchar(255) not null, `created_at` timestamp null, `updated_at` timestamp null) default character set utf8mb4 collate 'utf8mb4_unicode_ci')[39;22m

  at [32mC:\xampp\htdocs\drivelink\vendor\laravel\framework\src\Illuminate\Database\Connection.php[39m:[32m760[39m
    756▕         // If an exception occurs when attempting to run a query, we'll format the error
    757▕         // message to include the bindings with SQL, which will make this exception a
    758▕         // lot more helpful to the developer instead of just the database's errors.
    759▕         catch (Exception $e) {
  ➜ 760▕             throw new QueryException(
    761▕                 $query, $this->prepareBindings($bindings), $e
    762▕             );
    763▕         }
    764▕     }

  [33m1   [39m[39;1mC:\xampp\htdocs\drivelink\vendor\laravel\framework\src\Illuminate\Database\Connection.php[39;22m:[39;1m545[39;22m
  [90m    PDOException::("SQLSTATE[42S01]: Base table or view already exists: 1050 Table 'permissions' already exists")[39m

  [33m2   [39m[39;1mC:\xampp\htdocs\drivelink\vendor\laravel\framework\src\Illuminate\Database\Connection.php[39;22m:[39;1m545[39;22m
  [90m    PDOStatement::execute()[39m

  [33m3   [39m[39;1mC:\xampp\htdocs\drivelink\vendor\laravel\framework\src\Illuminate\Database\Connection.php[39;22m:[39;1m753[39;22m
  [90m    Illuminate\Database\Connection::Illuminate\Database\{closure}("create table `permissions` (`id` bigint unsigned not null auto_increment primary key, `name` varchar(255) not null, `guard_name` varchar(255) not null, `created_at` timestamp null, `updated_at` timestamp null) default character set utf8mb4 collate 'utf8mb4_unicode_ci'", [])[39m

  [33m4   [39m[39;1mC:\xampp\htdocs\drivelink\vendor\laravel\framework\src\Illuminate\Database\Connection.php[39;22m:[39;1m720[39;22m
  [90m    Illuminate\Database\Connection::runQueryCallback("create table `permissions` (`id` bigint unsigned not null auto_increment primary key, `name` varchar(255) not null, `guard_name` varchar(255) not null, `created_at` timestamp null, `updated_at` timestamp null) default character set utf8mb4 collate 'utf8mb4_unicode_ci'", [], Object(Closure))[39m

  [33m5   [39m[39;1mC:\xampp\htdocs\drivelink\vendor\laravel\framework\src\Illuminate\Database\Connection.php[39;22m:[39;1m534[39;22m
  [90m    Illuminate\Database\Connection::run("create table `permissions` (`id` bigint unsigned not null auto_increment primary key, `name` varchar(255) not null, `guard_name` varchar(255) not null, `created_at` timestamp null, `updated_at` timestamp null) default character set utf8mb4 collate 'utf8mb4_unicode_ci'", [], Object(Closure))[39m

  [33m6   [39m[39;1mC:\xampp\htdocs\drivelink\vendor\laravel\framework\src\Illuminate\Database\Schema\Blueprint.php[39;22m:[39;1m109[39;22m
  [90m    Illuminate\Database\Connection::statement("create table `permissions` (`id` bigint unsigned not null auto_increment primary key, `name` varchar(255) not null, `guard_name` varchar(255) not null, `created_at` timestamp null, `updated_at` timestamp null) default character set utf8mb4 collate 'utf8mb4_unicode_ci'")[39m

  [33m7   [39m[39;1mC:\xampp\htdocs\drivelink\vendor\laravel\framework\src\Illuminate\Database\Schema\Builder.php[39;22m:[39;1m439[39;22m
  [90m    Illuminate\Database\Schema\Blueprint::build(Object(Illuminate\Database\MySqlConnection), Object(Illuminate\Database\Schema\Grammars\MySqlGrammar))[39m

  [33m8   [39m[39;1mC:\xampp\htdocs\drivelink\vendor\laravel\framework\src\Illuminate\Database\Schema\Builder.php[39;22m:[39;1m281[39;22m
  [90m    Illuminate\Database\Schema\Builder::build(Object(Illuminate\Database\Schema\Blueprint))[39m

  [33m9   [39m[39;1mC:\xampp\htdocs\drivelink\vendor\laravel\framework\src\Illuminate\Support\Facades\Facade.php[39;22m:[39;1m338[39;22m
  [90m    Illuminate\Database\Schema\Builder::create("permissions", Object(Closure))[39m

  [33m10  [39m[39;1mC:\xampp\htdocs\drivelink\database\migrations\2025_10_16_113821_create_permission_tables.php[39;22m:[39;1m23[39;22m
  [90m    Illuminate\Support\Facades\Facade::__callStatic("create")[39m

  [33m11  [39m[39;1mC:\xampp\htdocs\drivelink\vendor\laravel\framework\src\Illuminate\Database\Migrations\Migrator.php[39;22m:[39;1m496[39;22m
  [90m    Illuminate\Database\Migrations\Migration@anonymous\C:\xampp\htdocs\drivelink\database\migrations\2025_10_16_113821_create_permission_tables.php:7$1bc::up()[39m

  [33m12  [39m[39;1mC:\xampp\htdocs\drivelink\vendor\laravel\framework\src\Illuminate\Database\Migrations\Migrator.php[39;22m:[39;1m414[39;22m
  [90m    Illuminate\Database\Migrations\Migrator::runMethod(Object(Illuminate\Database\MySqlConnection), Object(Illuminate\Database\Migrations\Migration@anonymous\C:\xampp\htdocs\drivelink\database\migrations\2025_10_16_113821_create_permission_tables.php:7$1bc), "up")[39m

  [33m13  [39m[39;1mC:\xampp\htdocs\drivelink\vendor\laravel\framework\src\Illuminate\Database\Migrations\Migrator.php[39;22m:[39;1m423[39;22m
  [90m    Illuminate\Database\Migrations\Migrator::Illuminate\Database\Migrations\{closure}()[39m

  [33m14  [39m[39;1mC:\xampp\htdocs\drivelink\vendor\laravel\framework\src\Illuminate\Database\Migrations\Migrator.php[39;22m:[39;1m224[39;22m
  [90m    Illuminate\Database\Migrations\Migrator::runMigration(Object(Illuminate\Database\Migrations\Migration@anonymous\C:\xampp\htdocs\drivelink\database\migrations\2025_10_16_113821_create_permission_tables.php:7$1bc), "up")[39m

  [33m15  [39m[39;1mC:\xampp\htdocs\drivelink\vendor\laravel\framework\src\Illuminate\Console\View\Components\Task.php[39;22m:[39;1m37[39;22m
  [90m    Illuminate\Database\Migrations\Migrator::Illuminate\Database\Migrations\{closure}()[39m

  [33m16  [39m[39;1mC:\xampp\htdocs\drivelink\vendor\laravel\framework\src\Illuminate\Database\Migrations\Migrator.php[39;22m:[39;1m778[39;22m
  [90m    Illuminate\Console\View\Components\Task::render("2025_10_16_113821_create_permission_tables", Object(Closure))[39m

  [33m17  [39m[39;1mC:\xampp\htdocs\drivelink\vendor\laravel\framework\src\Illuminate\Database\Migrations\Migrator.php[39;22m:[39;1m224[39;22m
  [90m    Illuminate\Database\Migrations\Migrator::write("Illuminate\Console\View\Components\Task", "2025_10_16_113821_create_permission_tables", Object(Closure))[39m

  [33m18  [39m[39;1mC:\xampp\htdocs\drivelink\vendor\laravel\framework\src\Illuminate\Database\Migrations\Migrator.php[39;22m:[39;1m189[39;22m
  [90m    Illuminate\Database\Migrations\Migrator::runUp("C:\xampp\htdocs\drivelink\database\migrations/2025_10_16_113821_create_permission_tables.php")[39m

  [33m19  [39m[39;1mC:\xampp\htdocs\drivelink\vendor\laravel\framework\src\Illuminate\Database\Migrations\Migrator.php[39;22m:[39;1m132[39;22m
  [90m    Illuminate\Database\Migrations\Migrator::runPending([])[39m

  [33m20  [39m[39;1mC:\xampp\htdocs\drivelink\vendor\laravel\framework\src\Illuminate\Database\Console\Migrations\MigrateCommand.php[39;22m:[39;1m88[39;22m
  [90m    Illuminate\Database\Migrations\Migrator::run([])[39m

  [33m21  [39m[39;1mC:\xampp\htdocs\drivelink\vendor\laravel\framework\src\Illuminate\Database\Migrations\Migrator.php[39;22m:[39;1m636[39;22m
  [90m    Illuminate\Database\Console\Migrations\MigrateCommand::Illuminate\Database\Console\Migrations\{closure}()[39m

  [33m22  [39m[39;1mC:\xampp\htdocs\drivelink\vendor\laravel\framework\src\Illuminate\Database\Console\Migrations\MigrateCommand.php[39;22m:[39;1m81[39;22m
  [90m    Illuminate\Database\Migrations\Migrator::usingConnection(Object(Closure))[39m

  [33m23  [39m[39;1mC:\xampp\htdocs\drivelink\vendor\laravel\framework\src\Illuminate\Container\BoundMethod.php[39;22m:[39;1m36[39;22m
  [90m    Illuminate\Database\Console\Migrations\MigrateCommand::handle()[39m

  [33m24  [39m[39;1mC:\xampp\htdocs\drivelink\vendor\laravel\framework\src\Illuminate\Container\Util.php[39;22m:[39;1m41[39;22m
  [90m    Illuminate\Container\BoundMethod::Illuminate\Container\{closure}()[39m

  [33m25  [39m[39;1mC:\xampp\htdocs\drivelink\vendor\laravel\framework\src\Illuminate\Container\BoundMethod.php[39;22m:[39;1m93[39;22m
  [90m    Illuminate\Container\Util::unwrapIfClosure(Object(Closure))[39m

  [33m26  [39m[39;1mC:\xampp\htdocs\drivelink\vendor\laravel\framework\src\Illuminate\Container\BoundMethod.php[39;22m:[39;1m35[39;22m
  [90m    Illuminate\Container\BoundMethod::callBoundMethod(Object(Illuminate\Foundation\Application), Object(Closure))[39m

  [33m27  [39m[39;1mC:\xampp\htdocs\drivelink\vendor\laravel\framework\src\Illuminate\Container\Container.php[39;22m:[39;1m661[39;22m
  [90m    Illuminate\Container\BoundMethod::call(Object(Illuminate\Foundation\Application), [])[39m

  [33m28  [39m[39;1mC:\xampp\htdocs\drivelink\vendor\laravel\framework\src\Illuminate\Console\Command.php[39;22m:[39;1m183[39;22m
  [90m    Illuminate\Container\Container::call()[39m

  [33m29  [39m[39;1mC:\xampp\htdocs\drivelink\vendor\symfony\console\Command\Command.php[39;22m:[39;1m291[39;22m
  [90m    Illuminate\Console\Command::execute(Object(Symfony\Component\Console\Input\ArrayInput), Object(Mockery_1_Illuminate_Console_OutputStyle))[39m

  [33m30  [39m[39;1mC:\xampp\htdocs\drivelink\vendor\laravel\framework\src\Illuminate\Console\Command.php[39;22m:[39;1m152[39;22m
  [90m    Symfony\Component\Console\Command\Command::run(Object(Symfony\Component\Console\Input\ArrayInput), Object(Mockery_1_Illuminate_Console_OutputStyle))[39m

  [33m31  [39m[39;1mC:\xampp\htdocs\drivelink\vendor\laravel\framework\src\Illuminate\Console\Concerns\CallsCommands.php[39;22m:[39;1m67[39;22m
  [90m    Illuminate\Console\Command::run(Object(Symfony\Component\Console\Input\ArrayInput), Object(Mockery_1_Illuminate_Console_OutputStyle))[39m

  [33m32  [39m[39;1mC:\xampp\htdocs\drivelink\vendor\laravel\framework\src\Illuminate\Console\Concerns\CallsCommands.php[39;22m:[39;1m28[39;22m
  [90m    Illuminate\Console\Command::runCommand("migrate", ["migrate"], Object(Mockery_1_Illuminate_Console_OutputStyle))[39m

  [33m33  [39m[39;1mC:\xampp\htdocs\drivelink\vendor\laravel\framework\src\Illuminate\Database\Console\Migrations\FreshCommand.php[39;22m:[39;1m53[39;22m
  [90m    Illuminate\Console\Command::call("migrate", [])[39m

  [33m34  [39m[39;1mC:\xampp\htdocs\drivelink\vendor\laravel\framework\src\Illuminate\Container\BoundMethod.php[39;22m:[39;1m36[39;22m
  [90m    Illuminate\Database\Console\Migrations\FreshCommand::handle()[39m

  [33m35  [39m[39;1mC:\xampp\htdocs\drivelink\vendor\laravel\framework\src\Illuminate\Container\Util.php[39;22m:[39;1m41[39;22m
  [90m    Illuminate\Container\BoundMethod::Illuminate\Container\{closure}()[39m

  [33m36  [39m[39;1mC:\xampp\htdocs\drivelink\vendor\laravel\framework\src\Illuminate\Container\BoundMethod.php[39;22m:[39;1m93[39;22m
  [90m    Illuminate\Container\Util::unwrapIfClosure(Object(Closure))[39m

  [33m37  [39m[39;1mC:\xampp\htdocs\drivelink\vendor\laravel\framework\src\Illuminate\Container\BoundMethod.php[39;22m:[39;1m35[39;22m
  [90m    Illuminate\Container\BoundMethod::callBoundMethod(Object(Illuminate\Foundation\Application), Object(Closure))[39m

  [33m38  [39m[39;1mC:\xampp\htdocs\drivelink\vendor\laravel\framework\src\Illuminate\Container\Container.php[39;22m:[39;1m661[39;22m
  [90m    Illuminate\Container\BoundMethod::call(Object(Illuminate\Foundation\Application), [])[39m

  [33m39  [39m[39;1mC:\xampp\htdocs\drivelink\vendor\laravel\framework\src\Illuminate\Console\Command.php[39;22m:[39;1m183[39;22m
  [90m    Illuminate\Container\Container::call()[39m

  [33m40  [39m[39;1mC:\xampp\htdocs\drivelink\vendor\symfony\console\Command\Command.php[39;22m:[39;1m291[39;22m
  [90m    Illuminate\Console\Command::execute(Object(Symfony\Component\Console\Input\ArrayInput), Object(Mockery_1_Illuminate_Console_OutputStyle))[39m

  [33m41  [39m[39;1mC:\xampp\htdocs\drivelink\vendor\laravel\framework\src\Illuminate\Console\Command.php[39;22m:[39;1m152[39;22m
  [90m    Symfony\Component\Console\Command\Command::run(Object(Symfony\Component\Console\Input\ArrayInput), Object(Mockery_1_Illuminate_Console_OutputStyle))[39m

  [33m42  [39m[39;1mC:\xampp\htdocs\drivelink\vendor\symfony\console\Application.php[39;22m:[39;1m1014[39;22m
  [90m    Illuminate\Console\Command::run(Object(Symfony\Component\Console\Input\ArrayInput), Object(Mockery_1_Illuminate_Console_OutputStyle))[39m

  [33m43  [39m[39;1mC:\xampp\htdocs\drivelink\vendor\symfony\console\Application.php[39;22m:[39;1m301[39;22m
  [90m    Symfony\Component\Console\Application::doRunCommand(Object(Illuminate\Database\Console\Migrations\FreshCommand), Object(Symfony\Component\Console\Input\ArrayInput), Object(Mockery_1_Illuminate_Console_OutputStyle))[39m

  [33m44  [39m[39;1mC:\xampp\htdocs\drivelink\vendor\symfony\console\Application.php[39;22m:[39;1m171[39;22m
  [90m    Symfony\Component\Console\Application::doRun(Object(Symfony\Component\Console\Input\ArrayInput), Object(Mockery_1_Illuminate_Console_OutputStyle))[39m

  [33m45  [39m[39;1mC:\xampp\htdocs\drivelink\vendor\laravel\framework\src\Illuminate\Console\Application.php[39;22m:[39;1m102[39;22m
  [90m    Symfony\Component\Console\Application::run(Object(Symfony\Component\Console\Input\ArrayInput), Object(Mockery_1_Illuminate_Console_OutputStyle))[39m

  [33m46  [39m[39;1mC:\xampp\htdocs\drivelink\vendor\laravel\framework\src\Illuminate\Console\Application.php[39;22m:[39;1m193[39;22m
  [90m    Illuminate\Console\Application::run(Object(Symfony\Component\Console\Input\ArrayInput), Object(Mockery_1_Illuminate_Console_OutputStyle))[39m

  [33m47  [39m[39;1mC:\xampp\htdocs\drivelink\vendor\laravel\framework\src\Illuminate\Foundation\Console\Kernel.php[39;22m:[39;1m336[39;22m
  [90m    Illuminate\Console\Application::call("migrate:fresh", [], Object(Mockery_1_Illuminate_Console_OutputStyle))[39m

  [33m48  [39m[39;1mC:\xampp\htdocs\drivelink\vendor\laravel\framework\src\Illuminate\Testing\PendingCommand.php[39;22m:[39;1m296[39;22m
  [90m    Illuminate\Foundation\Console\Kernel::call("migrate:fresh", [], Object(Mockery_1_Illuminate_Console_OutputStyle))[39m

  [33m49  [39m[39;1mC:\xampp\htdocs\drivelink\vendor\laravel\framework\src\Illuminate\Testing\PendingCommand.php[39;22m:[39;1m481[39;22m
  [90m    Illuminate\Testing\PendingCommand::run()[39m

  [33m50  [39m[39;1mC:\xampp\htdocs\drivelink\vendor\laravel\framework\src\Illuminate\Foundation\Testing\Concerns\InteractsWithConsole.php[39;22m:[39;1m80[39;22m
  [90m    Illuminate\Testing\PendingCommand::__destruct()[39m

  [33m51  [39m[39;1mC:\xampp\htdocs\drivelink\vendor\laravel\framework\src\Illuminate\Foundation\Testing\RefreshDatabase.php[39;22m:[39;1m73[39;22m
  [90m    Illuminate\Foundation\Testing\TestCase::artisan("migrate:fresh", [])[39m

  [33m52  [39m[39;1mC:\xampp\htdocs\drivelink\vendor\laravel\framework\src\Illuminate\Foundation\Testing\RefreshDatabase.php[39;22m:[39;1m23[39;22m
  [90m    Tests\Unit\ModelRelationshipsTest::refreshTestDatabase()[39m

  [33m53  [39m[39;1mC:\xampp\htdocs\drivelink\vendor\laravel\framework\src\Illuminate\Foundation\Testing\TestCase.php[39;22m:[39;1m127[39;22m
  [90m    Tests\Unit\ModelRelationshipsTest::refreshDatabase()[39m

  [33m54  [39m[39;1mC:\xampp\htdocs\drivelink\vendor\laravel\framework\src\Illuminate\Foundation\Testing\TestCase.php[39;22m:[39;1m96[39;22m
  [90m    Illuminate\Foundation\Testing\TestCase::setUpTraits()[39m

  [33m55  [39m[39;1mC:\xampp\htdocs\drivelink\tests\TestCase.php[39;22m:[39;1m29[39;22m
  [90m    Illuminate\Foundation\Testing\TestCase::setUp()[39m

  [33m56  [39m[39;1mC:\xampp\htdocs\drivelink\vendor\phpunit\phpunit\src\Framework\TestCase.php[39;22m:[39;1m1216[39;22m
  [90m    Tests\TestCase::setUp()[39m

  [33m57  [39m[39;1mC:\xampp\htdocs\drivelink\vendor\phpunit\phpunit\src\Framework\TestResult.php[39;22m:[39;1m729[39;22m
  [90m    PHPUnit\Framework\TestCase::runBare()[39m

  [33m58  [39m[39;1mC:\xampp\htdocs\drivelink\vendor\phpunit\phpunit\src\Framework\TestCase.php[39;22m:[39;1m973[39;22m
  [90m    PHPUnit\Framework\TestResult::run(Object(Tests\Unit\ModelRelationshipsTest))[39m

  [33m59  [39m[39;1mC:\xampp\htdocs\drivelink\vendor\phpunit\phpunit\src\Framework\TestSuite.php[39;22m:[39;1m685[39;22m
  [90m    PHPUnit\Framework\TestCase::run(Object(PHPUnit\Framework\TestResult))[39m

  [33m60  [39m[39;1mC:\xampp\htdocs\drivelink\vendor\phpunit\phpunit\src\Framework\TestSuite.php[39;22m:[39;1m685[39;22m
  [90m    PHPUnit\Framework\TestSuite::run(Object(PHPUnit\Framework\TestResult))[39m

  [33m61  [39m[39;1mC:\xampp\htdocs\drivelink\vendor\phpunit\phpunit\src\Framework\TestSuite.php[39;22m:[39;1m685[39;22m
  [90m    PHPUnit\Framework\TestSuite::run(Object(PHPUnit\Framework\TestResult))[39m

  [33m62  [39m[39;1mC:\xampp\htdocs\drivelink\vendor\phpunit\phpunit\src\TextUI\TestRunner.php[39;22m:[39;1m651[39;22m
  [90m    PHPUnit\Framework\TestSuite::run(Object(PHPUnit\Framework\TestResult))[39m

  [33m63  [39m[39;1mC:\xampp\htdocs\drivelink\vendor\phpunit\phpunit\src\TextUI\Command.php[39;22m:[39;1m146[39;22m
  [90m    PHPUnit\TextUI\TestRunner::run(Object(PHPUnit\Framework\TestSuite), [])[39m

  [33m64  [39m[39;1mC:\xampp\htdocs\drivelink\vendor\phpunit\phpunit\src\TextUI\Command.php[39;22m:[39;1m99[39;22m
  [90m    PHPUnit\TextUI\Command::run()[39m

  [33m65  [39m[39;1mC:\xampp\htdocs\drivelink\vendor\phpunit\phpunit\phpunit[39;22m:[39;1m107[39;22m
  [90m    PHPUnit\TextUI\Command::main()[39m

  [31;1m• Tests\Unit\ModelRelationshipsTest [39;22m> [31;1mdriver document belongs to driver[39;22m
  [41;1m Illuminate\Database\QueryException [49;22m

[39;1m  SQLSTATE[42S01]: Base table or view already exists: 1050 Table 'permissions' already exists (SQL: create table `permissions` (`id` bigint unsigned not null auto_increment primary key, `name` varchar(255) not null, `guard_name` varchar(255) not null, `created_at` timestamp null, `updated_at` timestamp null) default character set utf8mb4 collate 'utf8mb4_unicode_ci')[39;22m

  at [32mC:\xampp\htdocs\drivelink\vendor\laravel\framework\src\Illuminate\Database\Connection.php[39m:[32m760[39m
    756▕         // If an exception occurs when attempting to run a query, we'll format the error
    757▕         // message to include the bindings with SQL, which will make this exception a
    758▕         // lot more helpful to the developer instead of just the database's errors.
    759▕         catch (Exception $e) {
  ➜ 760▕             throw new QueryException(
    761▕                 $query, $this->prepareBindings($bindings), $e
    762▕             );
    763▕         }
    764▕     }

  [33m1   [39m[39;1mC:\xampp\htdocs\drivelink\vendor\laravel\framework\src\Illuminate\Database\Connection.php[39;22m:[39;1m545[39;22m
  [90m    PDOException::("SQLSTATE[42S01]: Base table or view already exists: 1050 Table 'permissions' already exists")[39m

  [33m2   [39m[39;1mC:\xampp\htdocs\drivelink\vendor\laravel\framework\src\Illuminate\Database\Connection.php[39;22m:[39;1m545[39;22m
  [90m    PDOStatement::execute()[39m

  [33m3   [39m[39;1mC:\xampp\htdocs\drivelink\vendor\laravel\framework\src\Illuminate\Database\Connection.php[39;22m:[39;1m753[39;22m
  [90m    Illuminate\Database\Connection::Illuminate\Database\{closure}("create table `permissions` (`id` bigint unsigned not null auto_increment primary key, `name` varchar(255) not null, `guard_name` varchar(255) not null, `created_at` timestamp null, `updated_at` timestamp null) default character set utf8mb4 collate 'utf8mb4_unicode_ci'", [])[39m

  [33m4   [39m[39;1mC:\xampp\htdocs\drivelink\vendor\laravel\framework\src\Illuminate\Database\Connection.php[39;22m:[39;1m720[39;22m
  [90m    Illuminate\Database\Connection::runQueryCallback("create table `permissions` (`id` bigint unsigned not null auto_increment primary key, `name` varchar(255) not null, `guard_name` varchar(255) not null, `created_at` timestamp null, `updated_at` timestamp null) default character set utf8mb4 collate 'utf8mb4_unicode_ci'", [], Object(Closure))[39m

  [33m5   [39m[39;1mC:\xampp\htdocs\drivelink\vendor\laravel\framework\src\Illuminate\Database\Connection.php[39;22m:[39;1m534[39;22m
  [90m    Illuminate\Database\Connection::run("create table `permissions` (`id` bigint unsigned not null auto_increment primary key, `name` varchar(255) not null, `guard_name` varchar(255) not null, `created_at` timestamp null, `updated_at` timestamp null) default character set utf8mb4 collate 'utf8mb4_unicode_ci'", [], Object(Closure))[39m

  [33m6   [39m[39;1mC:\xampp\htdocs\drivelink\vendor\laravel\framework\src\Illuminate\Database\Schema\Blueprint.php[39;22m:[39;1m109[39;22m
  [90m    Illuminate\Database\Connection::statement("create table `permissions` (`id` bigint unsigned not null auto_increment primary key, `name` varchar(255) not null, `guard_name` varchar(255) not null, `created_at` timestamp null, `updated_at` timestamp null) default character set utf8mb4 collate 'utf8mb4_unicode_ci'")[39m

  [33m7   [39m[39;1mC:\xampp\htdocs\drivelink\vendor\laravel\framework\src\Illuminate\Database\Schema\Builder.php[39;22m:[39;1m439[39;22m
  [90m    Illuminate\Database\Schema\Blueprint::build(Object(Illuminate\Database\MySqlConnection), Object(Illuminate\Database\Schema\Grammars\MySqlGrammar))[39m

  [33m8   [39m[39;1mC:\xampp\htdocs\drivelink\vendor\laravel\framework\src\Illuminate\Database\Schema\Builder.php[39;22m:[39;1m281[39;22m
  [90m    Illuminate\Database\Schema\Builder::build(Object(Illuminate\Database\Schema\Blueprint))[39m

  [33m9   [39m[39;1mC:\xampp\htdocs\drivelink\vendor\laravel\framework\src\Illuminate\Support\Facades\Facade.php[39;22m:[39;1m338[39;22m
  [90m    Illuminate\Database\Schema\Builder::create("permissions", Object(Closure))[39m

  [33m10  [39m[39;1mC:\xampp\htdocs\drivelink\database\migrations\2025_10_16_113821_create_permission_tables.php[39;22m:[39;1m23[39;22m
  [90m    Illuminate\Support\Facades\Facade::__callStatic("create")[39m

  [33m11  [39m[39;1mC:\xampp\htdocs\drivelink\vendor\laravel\framework\src\Illuminate\Database\Migrations\Migrator.php[39;22m:[39;1m496[39;22m
  [90m    Illuminate\Database\Migrations\Migration@anonymous\C:\xampp\htdocs\drivelink\database\migrations\2025_10_16_113821_create_permission_tables.php:7$1bc::up()[39m

  [33m12  [39m[39;1mC:\xampp\htdocs\drivelink\vendor\laravel\framework\src\Illuminate\Database\Migrations\Migrator.php[39;22m:[39;1m414[39;22m
  [90m    Illuminate\Database\Migrations\Migrator::runMethod(Object(Illuminate\Database\MySqlConnection), Object(Illuminate\Database\Migrations\Migration@anonymous\C:\xampp\htdocs\drivelink\database\migrations\2025_10_16_113821_create_permission_tables.php:7$1bc), "up")[39m

  [33m13  [39m[39;1mC:\xampp\htdocs\drivelink\vendor\laravel\framework\src\Illuminate\Database\Migrations\Migrator.php[39;22m:[39;1m423[39;22m
  [90m    Illuminate\Database\Migrations\Migrator::Illuminate\Database\Migrations\{closure}()[39m

  [33m14  [39m[39;1mC:\xampp\htdocs\drivelink\vendor\laravel\framework\src\Illuminate\Database\Migrations\Migrator.php[39;22m:[39;1m224[39;22m
  [90m    Illuminate\Database\Migrations\Migrator::runMigration(Object(Illuminate\Database\Migrations\Migration@anonymous\C:\xampp\htdocs\drivelink\database\migrations\2025_10_16_113821_create_permission_tables.php:7$1bc), "up")[39m

  [33m15  [39m[39;1mC:\xampp\htdocs\drivelink\vendor\laravel\framework\src\Illuminate\Console\View\Components\Task.php[39;22m:[39;1m37[39;22m
  [90m    Illuminate\Database\Migrations\Migrator::Illuminate\Database\Migrations\{closure}()[39m

  [33m16  [39m[39;1mC:\xampp\htdocs\drivelink\vendor\laravel\framework\src\Illuminate\Database\Migrations\Migrator.php[39;22m:[39;1m778[39;22m
  [90m    Illuminate\Console\View\Components\Task::render("2025_10_16_113821_create_permission_tables", Object(Closure))[39m

  [33m17  [39m[39;1mC:\xampp\htdocs\drivelink\vendor\laravel\framework\src\Illuminate\Database\Migrations\Migrator.php[39;22m:[39;1m224[39;22m
  [90m    Illuminate\Database\Migrations\Migrator::write("Illuminate\Console\View\Components\Task", "2025_10_16_113821_create_permission_tables", Object(Closure))[39m

  [33m18  [39m[39;1mC:\xampp\htdocs\drivelink\vendor\laravel\framework\src\Illuminate\Database\Migrations\Migrator.php[39;22m:[39;1m189[39;22m
  [90m    Illuminate\Database\Migrations\Migrator::runUp("C:\xampp\htdocs\drivelink\database\migrations/2025_10_16_113821_create_permission_tables.php")[39m

  [33m19  [39m[39;1mC:\xampp\htdocs\drivelink\vendor\laravel\framework\src\Illuminate\Database\Migrations\Migrator.php[39;22m:[39;1m132[39;22m
  [90m    Illuminate\Database\Migrations\Migrator::runPending([])[39m

  [33m20  [39m[39;1mC:\xampp\htdocs\drivelink\vendor\laravel\framework\src\Illuminate\Database\Console\Migrations\MigrateCommand.php[39;22m:[39;1m88[39;22m
  [90m    Illuminate\Database\Migrations\Migrator::run([])[39m

  [33m21  [39m[39;1mC:\xampp\htdocs\drivelink\vendor\laravel\framework\src\Illuminate\Database\Migrations\Migrator.php[39;22m:[39;1m636[39;22m
  [90m    Illuminate\Database\Console\Migrations\MigrateCommand::Illuminate\Database\Console\Migrations\{closure}()[39m

  [33m22  [39m[39;1mC:\xampp\htdocs\drivelink\vendor\laravel\framework\src\Illuminate\Database\Console\Migrations\MigrateCommand.php[39;22m:[39;1m81[39;22m
  [90m    Illuminate\Database\Migrations\Migrator::usingConnection(Object(Closure))[39m

  [33m23  [39m[39;1mC:\xampp\htdocs\drivelink\vendor\laravel\framework\src\Illuminate\Container\BoundMethod.php[39;22m:[39;1m36[39;22m
  [90m    Illuminate\Database\Console\Migrations\MigrateCommand::handle()[39m

  [33m24  [39m[39;1mC:\xampp\htdocs\drivelink\vendor\laravel\framework\src\Illuminate\Container\Util.php[39;22m:[39;1m41[39;22m
  [90m    Illuminate\Container\BoundMethod::Illuminate\Container\{closure}()[39m

  [33m25  [39m[39;1mC:\xampp\htdocs\drivelink\vendor\laravel\framework\src\Illuminate\Container\BoundMethod.php[39;22m:[39;1m93[39;22m
  [90m    Illuminate\Container\Util::unwrapIfClosure(Object(Closure))[39m

  [33m26  [39m[39;1mC:\xampp\htdocs\drivelink\vendor\laravel\framework\src\Illuminate\Container\BoundMethod.php[39;22m:[39;1m35[39;22m
  [90m    Illuminate\Container\BoundMethod::callBoundMethod(Object(Illuminate\Foundation\Application), Object(Closure))[39m

  [33m27  [39m[39;1mC:\xampp\htdocs\drivelink\vendor\laravel\framework\src\Illuminate\Container\Container.php[39;22m:[39;1m661[39;22m
  [90m    Illuminate\Container\BoundMethod::call(Object(Illuminate\Foundation\Application), [])[39m

  [33m28  [39m[39;1mC:\xampp\htdocs\drivelink\vendor\laravel\framework\src\Illuminate\Console\Command.php[39;22m:[39;1m183[39;22m
  [90m    Illuminate\Container\Container::call()[39m

  [33m29  [39m[39;1mC:\xampp\htdocs\drivelink\vendor\symfony\console\Command\Command.php[39;22m:[39;1m291[39;22m
  [90m    Illuminate\Console\Command::execute(Object(Symfony\Component\Console\Input\ArrayInput), Object(Mockery_1_Illuminate_Console_OutputStyle))[39m

  [33m30  [39m[39;1mC:\xampp\htdocs\drivelink\vendor\laravel\framework\src\Illuminate\Console\Command.php[39;22m:[39;1m152[39;22m
  [90m    Symfony\Component\Console\Command\Command::run(Object(Symfony\Component\Console\Input\ArrayInput), Object(Mockery_1_Illuminate_Console_OutputStyle))[39m

  [33m31  [39m[39;1mC:\xampp\htdocs\drivelink\vendor\laravel\framework\src\Illuminate\Console\Concerns\CallsCommands.php[39;22m:[39;1m67[39;22m
  [90m    Illuminate\Console\Command::run(Object(Symfony\Component\Console\Input\ArrayInput), Object(Mockery_1_Illuminate_Console_OutputStyle))[39m

  [33m32  [39m[39;1mC:\xampp\htdocs\drivelink\vendor\laravel\framework\src\Illuminate\Console\Concerns\CallsCommands.php[39;22m:[39;1m28[39;22m
  [90m    Illuminate\Console\Command::runCommand("migrate", ["migrate"], Object(Mockery_1_Illuminate_Console_OutputStyle))[39m

  [33m33  [39m[39;1mC:\xampp\htdocs\drivelink\vendor\laravel\framework\src\Illuminate\Database\Console\Migrations\FreshCommand.php[39;22m:[39;1m53[39;22m
  [90m    Illuminate\Console\Command::call("migrate", [])[39m

  [33m34  [39m[39;1mC:\xampp\htdocs\drivelink\vendor\laravel\framework\src\Illuminate\Container\BoundMethod.php[39;22m:[39;1m36[39;22m
  [90m    Illuminate\Database\Console\Migrations\FreshCommand::handle()[39m

  [33m35  [39m[39;1mC:\xampp\htdocs\drivelink\vendor\laravel\framework\src\Illuminate\Container\Util.php[39;22m:[39;1m41[39;22m
  [90m    Illuminate\Container\BoundMethod::Illuminate\Container\{closure}()[39m

  [33m36  [39m[39;1mC:\xampp\htdocs\drivelink\vendor\laravel\framework\src\Illuminate\Container\BoundMethod.php[39;22m:[39;1m93[39;22m
  [90m    Illuminate\Container\Util::unwrapIfClosure(Object(Closure))[39m

  [33m37  [39m[39;1mC:\xampp\htdocs\drivelink\vendor\laravel\framework\src\Illuminate\Container\BoundMethod.php[39;22m:[39;1m35[39;22m
  [90m    Illuminate\Container\BoundMethod::callBoundMethod(Object(Illuminate\Foundation\Application), Object(Closure))[39m

  [33m38  [39m[39;1mC:\xampp\htdocs\drivelink\vendor\laravel\framework\src\Illuminate\Container\Container.php[39;22m:[39;1m661[39;22m
  [90m    Illuminate\Container\BoundMethod::call(Object(Illuminate\Foundation\Application), [])[39m

  [33m39  [39m[39;1mC:\xampp\htdocs\drivelink\vendor\laravel\framework\src\Illuminate\Console\Command.php[39;22m:[39;1m183[39;22m
  [90m    Illuminate\Container\Container::call()[39m

  [33m40  [39m[39;1mC:\xampp\htdocs\drivelink\vendor\symfony\console\Command\Command.php[39;22m:[39;1m291[39;22m
  [90m    Illuminate\Console\Command::execute(Object(Symfony\Component\Console\Input\ArrayInput), Object(Mockery_1_Illuminate_Console_OutputStyle))[39m

  [33m41  [39m[39;1mC:\xampp\htdocs\drivelink\vendor\laravel\framework\src\Illuminate\Console\Command.php[39;22m:[39;1m152[39;22m
  [90m    Symfony\Component\Console\Command\Command::run(Object(Symfony\Component\Console\Input\ArrayInput), Object(Mockery_1_Illuminate_Console_OutputStyle))[39m

  [33m42  [39m[39;1mC:\xampp\htdocs\drivelink\vendor\symfony\console\Application.php[39;22m:[39;1m1014[39;22m
  [90m    Illuminate\Console\Command::run(Object(Symfony\Component\Console\Input\ArrayInput), Object(Mockery_1_Illuminate_Console_OutputStyle))[39m

  [33m43  [39m[39;1mC:\xampp\htdocs\drivelink\vendor\symfony\console\Application.php[39;22m:[39;1m301[39;22m
  [90m    Symfony\Component\Console\Application::doRunCommand(Object(Illuminate\Database\Console\Migrations\FreshCommand), Object(Symfony\Component\Console\Input\ArrayInput), Object(Mockery_1_Illuminate_Console_OutputStyle))[39m

  [33m44  [39m[39;1mC:\xampp\htdocs\drivelink\vendor\symfony\console\Application.php[39;22m:[39;1m171[39;22m
  [90m    Symfony\Component\Console\Application::doRun(Object(Symfony\Component\Console\Input\ArrayInput), Object(Mockery_1_Illuminate_Console_OutputStyle))[39m

  [33m45  [39m[39;1mC:\xampp\htdocs\drivelink\vendor\laravel\framework\src\Illuminate\Console\Application.php[39;22m:[39;1m102[39;22m
  [90m    Symfony\Component\Console\Application::run(Object(Symfony\Component\Console\Input\ArrayInput), Object(Mockery_1_Illuminate_Console_OutputStyle))[39m

  [33m46  [39m[39;1mC:\xampp\htdocs\drivelink\vendor\laravel\framework\src\Illuminate\Console\Application.php[39;22m:[39;1m193[39;22m
  [90m    Illuminate\Console\Application::run(Object(Symfony\Component\Console\Input\ArrayInput), Object(Mockery_1_Illuminate_Console_OutputStyle))[39m

  [33m47  [39m[39;1mC:\xampp\htdocs\drivelink\vendor\laravel\framework\src\Illuminate\Foundation\Console\Kernel.php[39;22m:[39;1m336[39;22m
  [90m    Illuminate\Console\Application::call("migrate:fresh", [], Object(Mockery_1_Illuminate_Console_OutputStyle))[39m

  [33m48  [39m[39;1mC:\xampp\htdocs\drivelink\vendor\laravel\framework\src\Illuminate\Testing\PendingCommand.php[39;22m:[39;1m296[39;22m
  [90m    Illuminate\Foundation\Console\Kernel::call("migrate:fresh", [], Object(Mockery_1_Illuminate_Console_OutputStyle))[39m

  [33m49  [39m[39;1mC:\xampp\htdocs\drivelink\vendor\laravel\framework\src\Illuminate\Testing\PendingCommand.php[39;22m:[39;1m481[39;22m
  [90m    Illuminate\Testing\PendingCommand::run()[39m

  [33m50  [39m[39;1mC:\xampp\htdocs\drivelink\vendor\laravel\framework\src\Illuminate\Foundation\Testing\Concerns\InteractsWithConsole.php[39;22m:[39;1m80[39;22m
  [90m    Illuminate\Testing\PendingCommand::__destruct()[39m

  [33m51  [39m[39;1mC:\xampp\htdocs\drivelink\vendor\laravel\framework\src\Illuminate\Foundation\Testing\RefreshDatabase.php[39;22m:[39;1m73[39;22m
  [90m    Illuminate\Foundation\Testing\TestCase::artisan("migrate:fresh", [])[39m

  [33m52  [39m[39;1mC:\xampp\htdocs\drivelink\vendor\laravel\framework\src\Illuminate\Foundation\Testing\RefreshDatabase.php[39;22m:[39;1m23[39;22m
  [90m    Tests\Unit\ModelRelationshipsTest::refreshTestDatabase()[39m

  [33m53  [39m[39;1mC:\xampp\htdocs\drivelink\vendor\laravel\framework\src\Illuminate\Foundation\Testing\TestCase.php[39;22m:[39;1m127[39;22m
  [90m    Tests\Unit\ModelRelationshipsTest::refreshDatabase()[39m

  [33m54  [39m[39;1mC:\xampp\htdocs\drivelink\vendor\laravel\framework\src\Illuminate\Foundation\Testing\TestCase.php[39;22m:[39;1m96[39;22m
  [90m    Illuminate\Foundation\Testing\TestCase::setUpTraits()[39m

  [33m55  [39m[39;1mC:\xampp\htdocs\drivelink\tests\TestCase.php[39;22m:[39;1m29[39;22m
  [90m    Illuminate\Foundation\Testing\TestCase::setUp()[39m

  [33m56  [39m[39;1mC:\xampp\htdocs\drivelink\vendor\phpunit\phpunit\src\Framework\TestCase.php[39;22m:[39;1m1216[39;22m
  [90m    Tests\TestCase::setUp()[39m

  [33m57  [39m[39;1mC:\xampp\htdocs\drivelink\vendor\phpunit\phpunit\src\Framework\TestResult.php[39;22m:[39;1m729[39;22m
  [90m    PHPUnit\Framework\TestCase::runBare()[39m

  [33m58  [39m[39;1mC:\xampp\htdocs\drivelink\vendor\phpunit\phpunit\src\Framework\TestCase.php[39;22m:[39;1m973[39;22m
  [90m    PHPUnit\Framework\TestResult::run(Object(Tests\Unit\ModelRelationshipsTest))[39m

  [33m59  [39m[39;1mC:\xampp\htdocs\drivelink\vendor\phpunit\phpunit\src\Framework\TestSuite.php[39;22m:[39;1m685[39;22m
  [90m    PHPUnit\Framework\TestCase::run(Object(PHPUnit\Framework\TestResult))[39m

  [33m60  [39m[39;1mC:\xampp\htdocs\drivelink\vendor\phpunit\phpunit\src\Framework\TestSuite.php[39;22m:[39;1m685[39;22m
  [90m    PHPUnit\Framework\TestSuite::run(Object(PHPUnit\Framework\TestResult))[39m

  [33m61  [39m[39;1mC:\xampp\htdocs\drivelink\vendor\phpunit\phpunit\src\Framework\TestSuite.php[39;22m:[39;1m685[39;22m
  [90m    PHPUnit\Framework\TestSuite::run(Object(PHPUnit\Framework\TestResult))[39m

  [33m62  [39m[39;1mC:\xampp\htdocs\drivelink\vendor\phpunit\phpunit\src\TextUI\TestRunner.php[39;22m:[39;1m651[39;22m
  [90m    PHPUnit\Framework\TestSuite::run(Object(PHPUnit\Framework\TestResult))[39m

  [33m63  [39m[39;1mC:\xampp\htdocs\drivelink\vendor\phpunit\phpunit\src\TextUI\Command.php[39;22m:[39;1m146[39;22m
  [90m    PHPUnit\TextUI\TestRunner::run(Object(PHPUnit\Framework\TestSuite), [])[39m

  [33m64  [39m[39;1mC:\xampp\htdocs\drivelink\vendor\phpunit\phpunit\src\TextUI\Command.php[39;22m:[39;1m99[39;22m
  [90m    PHPUnit\TextUI\Command::run()[39m

  [33m65  [39m[39;1mC:\xampp\htdocs\drivelink\vendor\phpunit\phpunit\phpunit[39;22m:[39;1m107[39;22m
  [90m    PHPUnit\TextUI\Command::main()[39m

  [31;1m• Tests\Unit\ModelRelationshipsTest [39;22m> [31;1mdriver next of kin belongs to driver[39;22m
  [41;1m Illuminate\Database\QueryException [49;22m

[39;1m  SQLSTATE[42S01]: Base table or view already exists: 1050 Table 'permissions' already exists (SQL: create table `permissions` (`id` bigint unsigned not null auto_increment primary key, `name` varchar(255) not null, `guard_name` varchar(255) not null, `created_at` timestamp null, `updated_at` timestamp null) default character set utf8mb4 collate 'utf8mb4_unicode_ci')[39;22m

  at [32mC:\xampp\htdocs\drivelink\vendor\laravel\framework\src\Illuminate\Database\Connection.php[39m:[32m760[39m
    756▕         // If an exception occurs when attempting to run a query, we'll format the error
    757▕         // message to include the bindings with SQL, which will make this exception a
    758▕         // lot more helpful to the developer instead of just the database's errors.
    759▕         catch (Exception $e) {
  ➜ 760▕             throw new QueryException(
    761▕                 $query, $this->prepareBindings($bindings), $e
    762▕             );
    763▕         }
    764▕     }

  [33m1   [39m[39;1mC:\xampp\htdocs\drivelink\vendor\laravel\framework\src\Illuminate\Database\Connection.php[39;22m:[39;1m545[39;22m
  [90m    PDOException::("SQLSTATE[42S01]: Base table or view already exists: 1050 Table 'permissions' already exists")[39m

  [33m2   [39m[39;1mC:\xampp\htdocs\drivelink\vendor\laravel\framework\src\Illuminate\Database\Connection.php[39;22m:[39;1m545[39;22m
  [90m    PDOStatement::execute()[39m

  [33m3   [39m[39;1mC:\xampp\htdocs\drivelink\vendor\laravel\framework\src\Illuminate\Database\Connection.php[39;22m:[39;1m753[39;22m
  [90m    Illuminate\Database\Connection::Illuminate\Database\{closure}("create table `permissions` (`id` bigint unsigned not null auto_increment primary key, `name` varchar(255) not null, `guard_name` varchar(255) not null, `created_at` timestamp null, `updated_at` timestamp null) default character set utf8mb4 collate 'utf8mb4_unicode_ci'", [])[39m

  [33m4   [39m[39;1mC:\xampp\htdocs\drivelink\vendor\laravel\framework\src\Illuminate\Database\Connection.php[39;22m:[39;1m720[39;22m
  [90m    Illuminate\Database\Connection::runQueryCallback("create table `permissions` (`id` bigint unsigned not null auto_increment primary key, `name` varchar(255) not null, `guard_name` varchar(255) not null, `created_at` timestamp null, `updated_at` timestamp null) default character set utf8mb4 collate 'utf8mb4_unicode_ci'", [], Object(Closure))[39m

  [33m5   [39m[39;1mC:\xampp\htdocs\drivelink\vendor\laravel\framework\src\Illuminate\Database\Connection.php[39;22m:[39;1m534[39;22m
  [90m    Illuminate\Database\Connection::run("create table `permissions` (`id` bigint unsigned not null auto_increment primary key, `name` varchar(255) not null, `guard_name` varchar(255) not null, `created_at` timestamp null, `updated_at` timestamp null) default character set utf8mb4 collate 'utf8mb4_unicode_ci'", [], Object(Closure))[39m

  [33m6   [39m[39;1mC:\xampp\htdocs\drivelink\vendor\laravel\framework\src\Illuminate\Database\Schema\Blueprint.php[39;22m:[39;1m109[39;22m
  [90m    Illuminate\Database\Connection::statement("create table `permissions` (`id` bigint unsigned not null auto_increment primary key, `name` varchar(255) not null, `guard_name` varchar(255) not null, `created_at` timestamp null, `updated_at` timestamp null) default character set utf8mb4 collate 'utf8mb4_unicode_ci'")[39m

  [33m7   [39m[39;1mC:\xampp\htdocs\drivelink\vendor\laravel\framework\src\Illuminate\Database\Schema\Builder.php[39;22m:[39;1m439[39;22m
  [90m    Illuminate\Database\Schema\Blueprint::build(Object(Illuminate\Database\MySqlConnection), Object(Illuminate\Database\Schema\Grammars\MySqlGrammar))[39m

  [33m8   [39m[39;1mC:\xampp\htdocs\drivelink\vendor\laravel\framework\src\Illuminate\Database\Schema\Builder.php[39;22m:[39;1m281[39;22m
  [90m    Illuminate\Database\Schema\Builder::build(Object(Illuminate\Database\Schema\Blueprint))[39m

  [33m9   [39m[39;1mC:\xampp\htdocs\drivelink\vendor\laravel\framework\src\Illuminate\Support\Facades\Facade.php[39;22m:[39;1m338[39;22m
  [90m    Illuminate\Database\Schema\Builder::create("permissions", Object(Closure))[39m

  [33m10  [39m[39;1mC:\xampp\htdocs\drivelink\database\migrations\2025_10_16_113821_create_permission_tables.php[39;22m:[39;1m23[39;22m
  [90m    Illuminate\Support\Facades\Facade::__callStatic("create")[39m

  [33m11  [39m[39;1mC:\xampp\htdocs\drivelink\vendor\laravel\framework\src\Illuminate\Database\Migrations\Migrator.php[39;22m:[39;1m496[39;22m
  [90m    Illuminate\Database\Migrations\Migration@anonymous\C:\xampp\htdocs\drivelink\database\migrations\2025_10_16_113821_create_permission_tables.php:7$1bc::up()[39m

  [33m12  [39m[39;1mC:\xampp\htdocs\drivelink\vendor\laravel\framework\src\Illuminate\Database\Migrations\Migrator.php[39;22m:[39;1m414[39;22m
  [90m    Illuminate\Database\Migrations\Migrator::runMethod(Object(Illuminate\Database\MySqlConnection), Object(Illuminate\Database\Migrations\Migration@anonymous\C:\xampp\htdocs\drivelink\database\migrations\2025_10_16_113821_create_permission_tables.php:7$1bc), "up")[39m

  [33m13  [39m[39;1mC:\xampp\htdocs\drivelink\vendor\laravel\framework\src\Illuminate\Database\Migrations\Migrator.php[39;22m:[39;1m423[39;22m
  [90m    Illuminate\Database\Migrations\Migrator::Illuminate\Database\Migrations\{closure}()[39m

  [33m14  [39m[39;1mC:\xampp\htdocs\drivelink\vendor\laravel\framework\src\Illuminate\Database\Migrations\Migrator.php[39;22m:[39;1m224[39;22m
  [90m    Illuminate\Database\Migrations\Migrator::runMigration(Object(Illuminate\Database\Migrations\Migration@anonymous\C:\xampp\htdocs\drivelink\database\migrations\2025_10_16_113821_create_permission_tables.php:7$1bc), "up")[39m

  [33m15  [39m[39;1mC:\xampp\htdocs\drivelink\vendor\laravel\framework\src\Illuminate\Console\View\Components\Task.php[39;22m:[39;1m37[39;22m
  [90m    Illuminate\Database\Migrations\Migrator::Illuminate\Database\Migrations\{closure}()[39m

  [33m16  [39m[39;1mC:\xampp\htdocs\drivelink\vendor\laravel\framework\src\Illuminate\Database\Migrations\Migrator.php[39;22m:[39;1m778[39;22m
  [90m    Illuminate\Console\View\Components\Task::render("2025_10_16_113821_create_permission_tables", Object(Closure))[39m

  [33m17  [39m[39;1mC:\xampp\htdocs\drivelink\vendor\laravel\framework\src\Illuminate\Database\Migrations\Migrator.php[39;22m:[39;1m224[39;22m
  [90m    Illuminate\Database\Migrations\Migrator::write("Illuminate\Console\View\Components\Task", "2025_10_16_113821_create_permission_tables", Object(Closure))[39m

  [33m18  [39m[39;1mC:\xampp\htdocs\drivelink\vendor\laravel\framework\src\Illuminate\Database\Migrations\Migrator.php[39;22m:[39;1m189[39;22m
  [90m    Illuminate\Database\Migrations\Migrator::runUp("C:\xampp\htdocs\drivelink\database\migrations/2025_10_16_113821_create_permission_tables.php")[39m

  [33m19  [39m[39;1mC:\xampp\htdocs\drivelink\vendor\laravel\framework\src\Illuminate\Database\Migrations\Migrator.php[39;22m:[39;1m132[39;22m
  [90m    Illuminate\Database\Migrations\Migrator::runPending([])[39m

  [33m20  [39m[39;1mC:\xampp\htdocs\drivelink\vendor\laravel\framework\src\Illuminate\Database\Console\Migrations\MigrateCommand.php[39;22m:[39;1m88[39;22m
  [90m    Illuminate\Database\Migrations\Migrator::run([])[39m

  [33m21  [39m[39;1mC:\xampp\htdocs\drivelink\vendor\laravel\framework\src\Illuminate\Database\Migrations\Migrator.php[39;22m:[39;1m636[39;22m
  [90m    Illuminate\Database\Console\Migrations\MigrateCommand::Illuminate\Database\Console\Migrations\{closure}()[39m

  [33m22  [39m[39;1mC:\xampp\htdocs\drivelink\vendor\laravel\framework\src\Illuminate\Database\Console\Migrations\MigrateCommand.php[39;22m:[39;1m81[39;22m
  [90m    Illuminate\Database\Migrations\Migrator::usingConnection(Object(Closure))[39m

  [33m23  [39m[39;1mC:\xampp\htdocs\drivelink\vendor\laravel\framework\src\Illuminate\Container\BoundMethod.php[39;22m:[39;1m36[39;22m
  [90m    Illuminate\Database\Console\Migrations\MigrateCommand::handle()[39m

  [33m24  [39m[39;1mC:\xampp\htdocs\drivelink\vendor\laravel\framework\src\Illuminate\Container\Util.php[39;22m:[39;1m41[39;22m
  [90m    Illuminate\Container\BoundMethod::Illuminate\Container\{closure}()[39m

  [33m25  [39m[39;1mC:\xampp\htdocs\drivelink\vendor\laravel\framework\src\Illuminate\Container\BoundMethod.php[39;22m:[39;1m93[39;22m
  [90m    Illuminate\Container\Util::unwrapIfClosure(Object(Closure))[39m

  [33m26  [39m[39;1mC:\xampp\htdocs\drivelink\vendor\laravel\framework\src\Illuminate\Container\BoundMethod.php[39;22m:[39;1m35[39;22m
  [90m    Illuminate\Container\BoundMethod::callBoundMethod(Object(Illuminate\Foundation\Application), Object(Closure))[39m

  [33m27  [39m[39;1mC:\xampp\htdocs\drivelink\vendor\laravel\framework\src\Illuminate\Container\Container.php[39;22m:[39;1m661[39;22m
  [90m    Illuminate\Container\BoundMethod::call(Object(Illuminate\Foundation\Application), [])[39m

  [33m28  [39m[39;1mC:\xampp\htdocs\drivelink\vendor\laravel\framework\src\Illuminate\Console\Command.php[39;22m:[39;1m183[39;22m
  [90m    Illuminate\Container\Container::call()[39m

  [33m29  [39m[39;1mC:\xampp\htdocs\drivelink\vendor\symfony\console\Command\Command.php[39;22m:[39;1m291[39;22m
  [90m    Illuminate\Console\Command::execute(Object(Symfony\Component\Console\Input\ArrayInput), Object(Mockery_1_Illuminate_Console_OutputStyle))[39m

  [33m30  [39m[39;1mC:\xampp\htdocs\drivelink\vendor\laravel\framework\src\Illuminate\Console\Command.php[39;22m:[39;1m152[39;22m
  [90m    Symfony\Component\Console\Command\Command::run(Object(Symfony\Component\Console\Input\ArrayInput), Object(Mockery_1_Illuminate_Console_OutputStyle))[39m

  [33m31  [39m[39;1mC:\xampp\htdocs\drivelink\vendor\laravel\framework\src\Illuminate\Console\Concerns\CallsCommands.php[39;22m:[39;1m67[39;22m
  [90m    Illuminate\Console\Command::run(Object(Symfony\Component\Console\Input\ArrayInput), Object(Mockery_1_Illuminate_Console_OutputStyle))[39m

  [33m32  [39m[39;1mC:\xampp\htdocs\drivelink\vendor\laravel\framework\src\Illuminate\Console\Concerns\CallsCommands.php[39;22m:[39;1m28[39;22m
  [90m    Illuminate\Console\Command::runCommand("migrate", ["migrate"], Object(Mockery_1_Illuminate_Console_OutputStyle))[39m

  [33m33  [39m[39;1mC:\xampp\htdocs\drivelink\vendor\laravel\framework\src\Illuminate\Database\Console\Migrations\FreshCommand.php[39;22m:[39;1m53[39;22m
  [90m    Illuminate\Console\Command::call("migrate", [])[39m

  [33m34  [39m[39;1mC:\xampp\htdocs\drivelink\vendor\laravel\framework\src\Illuminate\Container\BoundMethod.php[39;22m:[39;1m36[39;22m
  [90m    Illuminate\Database\Console\Migrations\FreshCommand::handle()[39m

  [33m35  [39m[39;1mC:\xampp\htdocs\drivelink\vendor\laravel\framework\src\Illuminate\Container\Util.php[39;22m:[39;1m41[39;22m
  [90m    Illuminate\Container\BoundMethod::Illuminate\Container\{closure}()[39m

  [33m36  [39m[39;1mC:\xampp\htdocs\drivelink\vendor\laravel\framework\src\Illuminate\Container\BoundMethod.php[39;22m:[39;1m93[39;22m
  [90m    Illuminate\Container\Util::unwrapIfClosure(Object(Closure))[39m

  [33m37  [39m[39;1mC:\xampp\htdocs\drivelink\vendor\laravel\framework\src\Illuminate\Container\BoundMethod.php[39;22m:[39;1m35[39;22m
  [90m    Illuminate\Container\BoundMethod::callBoundMethod(Object(Illuminate\Foundation\Application), Object(Closure))[39m

  [33m38  [39m[39;1mC:\xampp\htdocs\drivelink\vendor\laravel\framework\src\Illuminate\Container\Container.php[39;22m:[39;1m661[39;22m
  [90m    Illuminate\Container\BoundMethod::call(Object(Illuminate\Foundation\Application), [])[39m

  [33m39  [39m[39;1mC:\xampp\htdocs\drivelink\vendor\laravel\framework\src\Illuminate\Console\Command.php[39;22m:[39;1m183[39;22m
  [90m    Illuminate\Container\Container::call()[39m

  [33m40  [39m[39;1mC:\xampp\htdocs\drivelink\vendor\symfony\console\Command\Command.php[39;22m:[39;1m291[39;22m
  [90m    Illuminate\Console\Command::execute(Object(Symfony\Component\Console\Input\ArrayInput), Object(Mockery_1_Illuminate_Console_OutputStyle))[39m

  [33m41  [39m[39;1mC:\xampp\htdocs\drivelink\vendor\laravel\framework\src\Illuminate\Console\Command.php[39;22m:[39;1m152[39;22m
  [90m    Symfony\Component\Console\Command\Command::run(Object(Symfony\Component\Console\Input\ArrayInput), Object(Mockery_1_Illuminate_Console_OutputStyle))[39m

  [33m42  [39m[39;1mC:\xampp\htdocs\drivelink\vendor\symfony\console\Application.php[39;22m:[39;1m1014[39;22m
  [90m    Illuminate\Console\Command::run(Object(Symfony\Component\Console\Input\ArrayInput), Object(Mockery_1_Illuminate_Console_OutputStyle))[39m

  [33m43  [39m[39;1mC:\xampp\htdocs\drivelink\vendor\symfony\console\Application.php[39;22m:[39;1m301[39;22m
  [90m    Symfony\Component\Console\Application::doRunCommand(Object(Illuminate\Database\Console\Migrations\FreshCommand), Object(Symfony\Component\Console\Input\ArrayInput), Object(Mockery_1_Illuminate_Console_OutputStyle))[39m

  [33m44  [39m[39;1mC:\xampp\htdocs\drivelink\vendor\symfony\console\Application.php[39;22m:[39;1m171[39;22m
  [90m    Symfony\Component\Console\Application::doRun(Object(Symfony\Component\Console\Input\ArrayInput), Object(Mockery_1_Illuminate_Console_OutputStyle))[39m

  [33m45  [39m[39;1mC:\xampp\htdocs\drivelink\vendor\laravel\framework\src\Illuminate\Console\Application.php[39;22m:[39;1m102[39;22m
  [90m    Symfony\Component\Console\Application::run(Object(Symfony\Component\Console\Input\ArrayInput), Object(Mockery_1_Illuminate_Console_OutputStyle))[39m

  [33m46  [39m[39;1mC:\xampp\htdocs\drivelink\vendor\laravel\framework\src\Illuminate\Console\Application.php[39;22m:[39;1m193[39;22m
  [90m    Illuminate\Console\Application::run(Object(Symfony\Component\Console\Input\ArrayInput), Object(Mockery_1_Illuminate_Console_OutputStyle))[39m

  [33m47  [39m[39;1mC:\xampp\htdocs\drivelink\vendor\laravel\framework\src\Illuminate\Foundation\Console\Kernel.php[39;22m:[39;1m336[39;22m
  [90m    Illuminate\Console\Application::call("migrate:fresh", [], Object(Mockery_1_Illuminate_Console_OutputStyle))[39m

  [33m48  [39m[39;1mC:\xampp\htdocs\drivelink\vendor\laravel\framework\src\Illuminate\Testing\PendingCommand.php[39;22m:[39;1m296[39;22m
  [90m    Illuminate\Foundation\Console\Kernel::call("migrate:fresh", [], Object(Mockery_1_Illuminate_Console_OutputStyle))[39m

  [33m49  [39m[39;1mC:\xampp\htdocs\drivelink\vendor\laravel\framework\src\Illuminate\Testing\PendingCommand.php[39;22m:[39;1m481[39;22m
  [90m    Illuminate\Testing\PendingCommand::run()[39m

  [33m50  [39m[39;1mC:\xampp\htdocs\drivelink\vendor\laravel\framework\src\Illuminate\Foundation\Testing\Concerns\InteractsWithConsole.php[39;22m:[39;1m80[39;22m
  [90m    Illuminate\Testing\PendingCommand::__destruct()[39m

  [33m51  [39m[39;1mC:\xampp\htdocs\drivelink\vendor\laravel\framework\src\Illuminate\Foundation\Testing\RefreshDatabase.php[39;22m:[39;1m73[39;22m
  [90m    Illuminate\Foundation\Testing\TestCase::artisan("migrate:fresh", [])[39m

  [33m52  [39m[39;1mC:\xampp\htdocs\drivelink\vendor\laravel\framework\src\Illuminate\Foundation\Testing\RefreshDatabase.php[39;22m:[39;1m23[39;22m
  [90m    Tests\Unit\ModelRelationshipsTest::refreshTestDatabase()[39m

  [33m53  [39m[39;1mC:\xampp\htdocs\drivelink\vendor\laravel\framework\src\Illuminate\Foundation\Testing\TestCase.php[39;22m:[39;1m127[39;22m
  [90m    Tests\Unit\ModelRelationshipsTest::refreshDatabase()[39m

  [33m54  [39m[39;1mC:\xampp\htdocs\drivelink\vendor\laravel\framework\src\Illuminate\Foundation\Testing\TestCase.php[39;22m:[39;1m96[39;22m
  [90m    Illuminate\Foundation\Testing\TestCase::setUpTraits()[39m

  [33m55  [39m[39;1mC:\xampp\htdocs\drivelink\tests\TestCase.php[39;22m:[39;1m29[39;22m
  [90m    Illuminate\Foundation\Testing\TestCase::setUp()[39m

  [33m56  [39m[39;1mC:\xampp\htdocs\drivelink\vendor\phpunit\phpunit\src\Framework\TestCase.php[39;22m:[39;1m1216[39;22m
  [90m    Tests\TestCase::setUp()[39m

  [33m57  [39m[39;1mC:\xampp\htdocs\drivelink\vendor\phpunit\phpunit\src\Framework\TestResult.php[39;22m:[39;1m729[39;22m
  [90m    PHPUnit\Framework\TestCase::runBare()[39m

  [33m58  [39m[39;1mC:\xampp\htdocs\drivelink\vendor\phpunit\phpunit\src\Framework\TestCase.php[39;22m:[39;1m973[39;22m
  [90m    PHPUnit\Framework\TestResult::run(Object(Tests\Unit\ModelRelationshipsTest))[39m

  [33m59  [39m[39;1mC:\xampp\htdocs\drivelink\vendor\phpunit\phpunit\src\Framework\TestSuite.php[39;22m:[39;1m685[39;22m
  [90m    PHPUnit\Framework\TestCase::run(Object(PHPUnit\Framework\TestResult))[39m

  [33m60  [39m[39;1mC:\xampp\htdocs\drivelink\vendor\phpunit\phpunit\src\Framework\TestSuite.php[39;22m:[39;1m685[39;22m
  [90m    PHPUnit\Framework\TestSuite::run(Object(PHPUnit\Framework\TestResult))[39m

  [33m61  [39m[39;1mC:\xampp\htdocs\drivelink\vendor\phpunit\phpunit\src\Framework\TestSuite.php[39;22m:[39;1m685[39;22m
  [90m    PHPUnit\Framework\TestSuite::run(Object(PHPUnit\Framework\TestResult))[39m

  [33m62  [39m[39;1mC:\xampp\htdocs\drivelink\vendor\phpunit\phpunit\src\TextUI\TestRunner.php[39;22m:[39;1m651[39;22m
  [90m    PHPUnit\Framework\TestSuite::run(Object(PHPUnit\Framework\TestResult))[39m

  [33m63  [39m[39;1mC:\xampp\htdocs\drivelink\vendor\phpunit\phpunit\src\TextUI\Command.php[39;22m:[39;1m146[39;22m
  [90m    PHPUnit\TextUI\TestRunner::run(Object(PHPUnit\Framework\TestSuite), [])[39m

  [33m64  [39m[39;1mC:\xampp\htdocs\drivelink\vendor\phpunit\phpunit\src\TextUI\Command.php[39;22m:[39;1m99[39;22m
  [90m    PHPUnit\TextUI\Command::run()[39m

  [33m65  [39m[39;1mC:\xampp\htdocs\drivelink\vendor\phpunit\phpunit\phpunit[39;22m:[39;1m107[39;22m
  [90m    PHPUnit\TextUI\Command::main()[39m

  [31;1m• Tests\Unit\ModelRelationshipsTest [39;22m> [31;1mdriver performance belongs to driver[39;22m
  [41;1m Illuminate\Database\QueryException [49;22m

[39;1m  SQLSTATE[42S01]: Base table or view already exists: 1050 Table 'permissions' already exists (SQL: create table `permissions` (`id` bigint unsigned not null auto_increment primary key, `name` varchar(255) not null, `guard_name` varchar(255) not null, `created_at` timestamp null, `updated_at` timestamp null) default character set utf8mb4 collate 'utf8mb4_unicode_ci')[39;22m

  at [32mC:\xampp\htdocs\drivelink\vendor\laravel\framework\src\Illuminate\Database\Connection.php[39m:[32m760[39m
    756▕         // If an exception occurs when attempting to run a query, we'll format the error
    757▕         // message to include the bindings with SQL, which will make this exception a
    758▕         // lot more helpful to the developer instead of just the database's errors.
    759▕         catch (Exception $e) {
  ➜ 760▕             throw new QueryException(
    761▕                 $query, $this->prepareBindings($bindings), $e
    762▕             );
    763▕         }
    764▕     }

  [33m1   [39m[39;1mC:\xampp\htdocs\drivelink\vendor\laravel\framework\src\Illuminate\Database\Connection.php[39;22m:[39;1m545[39;22m
  [90m    PDOException::("SQLSTATE[42S01]: Base table or view already exists: 1050 Table 'permissions' already exists")[39m

  [33m2   [39m[39;1mC:\xampp\htdocs\drivelink\vendor\laravel\framework\src\Illuminate\Database\Connection.php[39;22m:[39;1m545[39;22m
  [90m    PDOStatement::execute()[39m

  [33m3   [39m[39;1mC:\xampp\htdocs\drivelink\vendor\laravel\framework\src\Illuminate\Database\Connection.php[39;22m:[39;1m753[39;22m
  [90m    Illuminate\Database\Connection::Illuminate\Database\{closure}("create table `permissions` (`id` bigint unsigned not null auto_increment primary key, `name` varchar(255) not null, `guard_name` varchar(255) not null, `created_at` timestamp null, `updated_at` timestamp null) default character set utf8mb4 collate 'utf8mb4_unicode_ci'", [])[39m

  [33m4   [39m[39;1mC:\xampp\htdocs\drivelink\vendor\laravel\framework\src\Illuminate\Database\Connection.php[39;22m:[39;1m720[39;22m
  [90m    Illuminate\Database\Connection::runQueryCallback("create table `permissions` (`id` bigint unsigned not null auto_increment primary key, `name` varchar(255) not null, `guard_name` varchar(255) not null, `created_at` timestamp null, `updated_at` timestamp null) default character set utf8mb4 collate 'utf8mb4_unicode_ci'", [], Object(Closure))[39m

  [33m5   [39m[39;1mC:\xampp\htdocs\drivelink\vendor\laravel\framework\src\Illuminate\Database\Connection.php[39;22m:[39;1m534[39;22m
  [90m    Illuminate\Database\Connection::run("create table `permissions` (`id` bigint unsigned not null auto_increment primary key, `name` varchar(255) not null, `guard_name` varchar(255) not null, `created_at` timestamp null, `updated_at` timestamp null) default character set utf8mb4 collate 'utf8mb4_unicode_ci'", [], Object(Closure))[39m

  [33m6   [39m[39;1mC:\xampp\htdocs\drivelink\vendor\laravel\framework\src\Illuminate\Database\Schema\Blueprint.php[39;22m:[39;1m109[39;22m
  [90m    Illuminate\Database\Connection::statement("create table `permissions` (`id` bigint unsigned not null auto_increment primary key, `name` varchar(255) not null, `guard_name` varchar(255) not null, `created_at` timestamp null, `updated_at` timestamp null) default character set utf8mb4 collate 'utf8mb4_unicode_ci'")[39m

  [33m7   [39m[39;1mC:\xampp\htdocs\drivelink\vendor\laravel\framework\src\Illuminate\Database\Schema\Builder.php[39;22m:[39;1m439[39;22m
  [90m    Illuminate\Database\Schema\Blueprint::build(Object(Illuminate\Database\MySqlConnection), Object(Illuminate\Database\Schema\Grammars\MySqlGrammar))[39m

  [33m8   [39m[39;1mC:\xampp\htdocs\drivelink\vendor\laravel\framework\src\Illuminate\Database\Schema\Builder.php[39;22m:[39;1m281[39;22m
  [90m    Illuminate\Database\Schema\Builder::build(Object(Illuminate\Database\Schema\Blueprint))[39m

  [33m9   [39m[39;1mC:\xampp\htdocs\drivelink\vendor\laravel\framework\src\Illuminate\Support\Facades\Facade.php[39;22m:[39;1m338[39;22m
  [90m    Illuminate\Database\Schema\Builder::create("permissions", Object(Closure))[39m

  [33m10  [39m[39;1mC:\xampp\htdocs\drivelink\database\migrations\2025_10_16_113821_create_permission_tables.php[39;22m:[39;1m23[39;22m
  [90m    Illuminate\Support\Facades\Facade::__callStatic("create")[39m

  [33m11  [39m[39;1mC:\xampp\htdocs\drivelink\vendor\laravel\framework\src\Illuminate\Database\Migrations\Migrator.php[39;22m:[39;1m496[39;22m
  [90m    Illuminate\Database\Migrations\Migration@anonymous\C:\xampp\htdocs\drivelink\database\migrations\2025_10_16_113821_create_permission_tables.php:7$1bc::up()[39m

  [33m12  [39m[39;1mC:\xampp\htdocs\drivelink\vendor\laravel\framework\src\Illuminate\Database\Migrations\Migrator.php[39;22m:[39;1m414[39;22m
  [90m    Illuminate\Database\Migrations\Migrator::runMethod(Object(Illuminate\Database\MySqlConnection), Object(Illuminate\Database\Migrations\Migration@anonymous\C:\xampp\htdocs\drivelink\database\migrations\2025_10_16_113821_create_permission_tables.php:7$1bc), "up")[39m

  [33m13  [39m[39;1mC:\xampp\htdocs\drivelink\vendor\laravel\framework\src\Illuminate\Database\Migrations\Migrator.php[39;22m:[39;1m423[39;22m
  [90m    Illuminate\Database\Migrations\Migrator::Illuminate\Database\Migrations\{closure}()[39m

  [33m14  [39m[39;1mC:\xampp\htdocs\drivelink\vendor\laravel\framework\src\Illuminate\Database\Migrations\Migrator.php[39;22m:[39;1m224[39;22m
  [90m    Illuminate\Database\Migrations\Migrator::runMigration(Object(Illuminate\Database\Migrations\Migration@anonymous\C:\xampp\htdocs\drivelink\database\migrations\2025_10_16_113821_create_permission_tables.php:7$1bc), "up")[39m

  [33m15  [39m[39;1mC:\xampp\htdocs\drivelink\vendor\laravel\framework\src\Illuminate\Console\View\Components\Task.php[39;22m:[39;1m37[39;22m
  [90m    Illuminate\Database\Migrations\Migrator::Illuminate\Database\Migrations\{closure}()[39m

  [33m16  [39m[39;1mC:\xampp\htdocs\drivelink\vendor\laravel\framework\src\Illuminate\Database\Migrations\Migrator.php[39;22m:[39;1m778[39;22m
  [90m    Illuminate\Console\View\Components\Task::render("2025_10_16_113821_create_permission_tables", Object(Closure))[39m

  [33m17  [39m[39;1mC:\xampp\htdocs\drivelink\vendor\laravel\framework\src\Illuminate\Database\Migrations\Migrator.php[39;22m:[39;1m224[39;22m
  [90m    Illuminate\Database\Migrations\Migrator::write("Illuminate\Console\View\Components\Task", "2025_10_16_113821_create_permission_tables", Object(Closure))[39m

  [33m18  [39m[39;1mC:\xampp\htdocs\drivelink\vendor\laravel\framework\src\Illuminate\Database\Migrations\Migrator.php[39;22m:[39;1m189[39;22m
  [90m    Illuminate\Database\Migrations\Migrator::runUp("C:\xampp\htdocs\drivelink\database\migrations/2025_10_16_113821_create_permission_tables.php")[39m

  [33m19  [39m[39;1mC:\xampp\htdocs\drivelink\vendor\laravel\framework\src\Illuminate\Database\Migrations\Migrator.php[39;22m:[39;1m132[39;22m
  [90m    Illuminate\Database\Migrations\Migrator::runPending([])[39m

  [33m20  [39m[39;1mC:\xampp\htdocs\drivelink\vendor\laravel\framework\src\Illuminate\Database\Console\Migrations\MigrateCommand.php[39;22m:[39;1m88[39;22m
  [90m    Illuminate\Database\Migrations\Migrator::run([])[39m

  [33m21  [39m[39;1mC:\xampp\htdocs\drivelink\vendor\laravel\framework\src\Illuminate\Database\Migrations\Migrator.php[39;22m:[39;1m636[39;22m
  [90m    Illuminate\Database\Console\Migrations\MigrateCommand::Illuminate\Database\Console\Migrations\{closure}()[39m

  [33m22  [39m[39;1mC:\xampp\htdocs\drivelink\vendor\laravel\framework\src\Illuminate\Database\Console\Migrations\MigrateCommand.php[39;22m:[39;1m81[39;22m
  [90m    Illuminate\Database\Migrations\Migrator::usingConnection(Object(Closure))[39m

  [33m23  [39m[39;1mC:\xampp\htdocs\drivelink\vendor\laravel\framework\src\Illuminate\Container\BoundMethod.php[39;22m:[39;1m36[39;22m
  [90m    Illuminate\Database\Console\Migrations\MigrateCommand::handle()[39m

  [33m24  [39m[39;1mC:\xampp\htdocs\drivelink\vendor\laravel\framework\src\Illuminate\Container\Util.php[39;22m:[39;1m41[39;22m
  [90m    Illuminate\Container\BoundMethod::Illuminate\Container\{closure}()[39m

  [33m25  [39m[39;1mC:\xampp\htdocs\drivelink\vendor\laravel\framework\src\Illuminate\Container\BoundMethod.php[39;22m:[39;1m93[39;22m
  [90m    Illuminate\Container\Util::unwrapIfClosure(Object(Closure))[39m

  [33m26  [39m[39;1mC:\xampp\htdocs\drivelink\vendor\laravel\framework\src\Illuminate\Container\BoundMethod.php[39;22m:[39;1m35[39;22m
  [90m    Illuminate\Container\BoundMethod::callBoundMethod(Object(Illuminate\Foundation\Application), Object(Closure))[39m

  [33m27  [39m[39;1mC:\xampp\htdocs\drivelink\vendor\laravel\framework\src\Illuminate\Container\Container.php[39;22m:[39;1m661[39;22m
  [90m    Illuminate\Container\BoundMethod::call(Object(Illuminate\Foundation\Application), [])[39m

  [33m28  [39m[39;1mC:\xampp\htdocs\drivelink\vendor\laravel\framework\src\Illuminate\Console\Command.php[39;22m:[39;1m183[39;22m
  [90m    Illuminate\Container\Container::call()[39m

  [33m29  [39m[39;1mC:\xampp\htdocs\drivelink\vendor\symfony\console\Command\Command.php[39;22m:[39;1m291[39;22m
  [90m    Illuminate\Console\Command::execute(Object(Symfony\Component\Console\Input\ArrayInput), Object(Mockery_1_Illuminate_Console_OutputStyle))[39m

  [33m30  [39m[39;1mC:\xampp\htdocs\drivelink\vendor\laravel\framework\src\Illuminate\Console\Command.php[39;22m:[39;1m152[39;22m
  [90m    Symfony\Component\Console\Command\Command::run(Object(Symfony\Component\Console\Input\ArrayInput), Object(Mockery_1_Illuminate_Console_OutputStyle))[39m

  [33m31  [39m[39;1mC:\xampp\htdocs\drivelink\vendor\laravel\framework\src\Illuminate\Console\Concerns\CallsCommands.php[39;22m:[39;1m67[39;22m
  [90m    Illuminate\Console\Command::run(Object(Symfony\Component\Console\Input\ArrayInput), Object(Mockery_1_Illuminate_Console_OutputStyle))[39m

  [33m32  [39m[39;1mC:\xampp\htdocs\drivelink\vendor\laravel\framework\src\Illuminate\Console\Concerns\CallsCommands.php[39;22m:[39;1m28[39;22m
  [90m    Illuminate\Console\Command::runCommand("migrate", ["migrate"], Object(Mockery_1_Illuminate_Console_OutputStyle))[39m

  [33m33  [39m[39;1mC:\xampp\htdocs\drivelink\vendor\laravel\framework\src\Illuminate\Database\Console\Migrations\FreshCommand.php[39;22m:[39;1m53[39;22m
  [90m    Illuminate\Console\Command::call("migrate", [])[39m

  [33m34  [39m[39;1mC:\xampp\htdocs\drivelink\vendor\laravel\framework\src\Illuminate\Container\BoundMethod.php[39;22m:[39;1m36[39;22m
  [90m    Illuminate\Database\Console\Migrations\FreshCommand::handle()[39m

  [33m35  [39m[39;1mC:\xampp\htdocs\drivelink\vendor\laravel\framework\src\Illuminate\Container\Util.php[39;22m:[39;1m41[39;22m
  [90m    Illuminate\Container\BoundMethod::Illuminate\Container\{closure}()[39m

  [33m36  [39m[39;1mC:\xampp\htdocs\drivelink\vendor\laravel\framework\src\Illuminate\Container\BoundMethod.php[39;22m:[39;1m93[39;22m
  [90m    Illuminate\Container\Util::unwrapIfClosure(Object(Closure))[39m

  [33m37  [39m[39;1mC:\xampp\htdocs\drivelink\vendor\laravel\framework\src\Illuminate\Container\BoundMethod.php[39;22m:[39;1m35[39;22m
  [90m    Illuminate\Container\BoundMethod::callBoundMethod(Object(Illuminate\Foundation\Application), Object(Closure))[39m

  [33m38  [39m[39;1mC:\xampp\htdocs\drivelink\vendor\laravel\framework\src\Illuminate\Container\Container.php[39;22m:[39;1m661[39;22m
  [90m    Illuminate\Container\BoundMethod::call(Object(Illuminate\Foundation\Application), [])[39m

  [33m39  [39m[39;1mC:\xampp\htdocs\drivelink\vendor\laravel\framework\src\Illuminate\Console\Command.php[39;22m:[39;1m183[39;22m
  [90m    Illuminate\Container\Container::call()[39m

  [33m40  [39m[39;1mC:\xampp\htdocs\drivelink\vendor\symfony\console\Command\Command.php[39;22m:[39;1m291[39;22m
  [90m    Illuminate\Console\Command::execute(Object(Symfony\Component\Console\Input\ArrayInput), Object(Mockery_1_Illuminate_Console_OutputStyle))[39m

  [33m41  [39m[39;1mC:\xampp\htdocs\drivelink\vendor\laravel\framework\src\Illuminate\Console\Command.php[39;22m:[39;1m152[39;22m
  [90m    Symfony\Component\Console\Command\Command::run(Object(Symfony\Component\Console\Input\ArrayInput), Object(Mockery_1_Illuminate_Console_OutputStyle))[39m

  [33m42  [39m[39;1mC:\xampp\htdocs\drivelink\vendor\symfony\console\Application.php[39;22m:[39;1m1014[39;22m
  [90m    Illuminate\Console\Command::run(Object(Symfony\Component\Console\Input\ArrayInput), Object(Mockery_1_Illuminate_Console_OutputStyle))[39m

  [33m43  [39m[39;1mC:\xampp\htdocs\drivelink\vendor\symfony\console\Application.php[39;22m:[39;1m301[39;22m
  [90m    Symfony\Component\Console\Application::doRunCommand(Object(Illuminate\Database\Console\Migrations\FreshCommand), Object(Symfony\Component\Console\Input\ArrayInput), Object(Mockery_1_Illuminate_Console_OutputStyle))[39m

  [33m44  [39m[39;1mC:\xampp\htdocs\drivelink\vendor\symfony\console\Application.php[39;22m:[39;1m171[39;22m
  [90m    Symfony\Component\Console\Application::doRun(Object(Symfony\Component\Console\Input\ArrayInput), Object(Mockery_1_Illuminate_Console_OutputStyle))[39m

  [33m45  [39m[39;1mC:\xampp\htdocs\drivelink\vendor\laravel\framework\src\Illuminate\Console\Application.php[39;22m:[39;1m102[39;22m
  [90m    Symfony\Component\Console\Application::run(Object(Symfony\Component\Console\Input\ArrayInput), Object(Mockery_1_Illuminate_Console_OutputStyle))[39m

  [33m46  [39m[39;1mC:\xampp\htdocs\drivelink\vendor\laravel\framework\src\Illuminate\Console\Application.php[39;22m:[39;1m193[39;22m
  [90m    Illuminate\Console\Application::run(Object(Symfony\Component\Console\Input\ArrayInput), Object(Mockery_1_Illuminate_Console_OutputStyle))[39m

  [33m47  [39m[39;1mC:\xampp\htdocs\drivelink\vendor\laravel\framework\src\Illuminate\Foundation\Console\Kernel.php[39;22m:[39;1m336[39;22m
  [90m    Illuminate\Console\Application::call("migrate:fresh", [], Object(Mockery_1_Illuminate_Console_OutputStyle))[39m

  [33m48  [39m[39;1mC:\xampp\htdocs\drivelink\vendor\laravel\framework\src\Illuminate\Testing\PendingCommand.php[39;22m:[39;1m296[39;22m
  [90m    Illuminate\Foundation\Console\Kernel::call("migrate:fresh", [], Object(Mockery_1_Illuminate_Console_OutputStyle))[39m

  [33m49  [39m[39;1mC:\xampp\htdocs\drivelink\vendor\laravel\framework\src\Illuminate\Testing\PendingCommand.php[39;22m:[39;1m481[39;22m
  [90m    Illuminate\Testing\PendingCommand::run()[39m

  [33m50  [39m[39;1mC:\xampp\htdocs\drivelink\vendor\laravel\framework\src\Illuminate\Foundation\Testing\Concerns\InteractsWithConsole.php[39;22m:[39;1m80[39;22m
  [90m    Illuminate\Testing\PendingCommand::__destruct()[39m

  [33m51  [39m[39;1mC:\xampp\htdocs\drivelink\vendor\laravel\framework\src\Illuminate\Foundation\Testing\RefreshDatabase.php[39;22m:[39;1m73[39;22m
  [90m    Illuminate\Foundation\Testing\TestCase::artisan("migrate:fresh", [])[39m

  [33m52  [39m[39;1mC:\xampp\htdocs\drivelink\vendor\laravel\framework\src\Illuminate\Foundation\Testing\RefreshDatabase.php[39;22m:[39;1m23[39;22m
  [90m    Tests\Unit\ModelRelationshipsTest::refreshTestDatabase()[39m

  [33m53  [39m[39;1mC:\xampp\htdocs\drivelink\vendor\laravel\framework\src\Illuminate\Foundation\Testing\TestCase.php[39;22m:[39;1m127[39;22m
  [90m    Tests\Unit\ModelRelationshipsTest::refreshDatabase()[39m

  [33m54  [39m[39;1mC:\xampp\htdocs\drivelink\vendor\laravel\framework\src\Illuminate\Foundation\Testing\TestCase.php[39;22m:[39;1m96[39;22m
  [90m    Illuminate\Foundation\Testing\TestCase::setUpTraits()[39m

  [33m55  [39m[39;1mC:\xampp\htdocs\drivelink\tests\TestCase.php[39;22m:[39;1m29[39;22m
  [90m    Illuminate\Foundation\Testing\TestCase::setUp()[39m

  [33m56  [39m[39;1mC:\xampp\htdocs\drivelink\vendor\phpunit\phpunit\src\Framework\TestCase.php[39;22m:[39;1m1216[39;22m
  [90m    Tests\TestCase::setUp()[39m

  [33m57  [39m[39;1mC:\xampp\htdocs\drivelink\vendor\phpunit\phpunit\src\Framework\TestResult.php[39;22m:[39;1m729[39;22m
  [90m    PHPUnit\Framework\TestCase::runBare()[39m

  [33m58  [39m[39;1mC:\xampp\htdocs\drivelink\vendor\phpunit\phpunit\src\Framework\TestCase.php[39;22m:[39;1m973[39;22m
  [90m    PHPUnit\Framework\TestResult::run(Object(Tests\Unit\ModelRelationshipsTest))[39m

  [33m59  [39m[39;1mC:\xampp\htdocs\drivelink\vendor\phpunit\phpunit\src\Framework\TestSuite.php[39;22m:[39;1m685[39;22m
  [90m    PHPUnit\Framework\TestCase::run(Object(PHPUnit\Framework\TestResult))[39m

  [33m60  [39m[39;1mC:\xampp\htdocs\drivelink\vendor\phpunit\phpunit\src\Framework\TestSuite.php[39;22m:[39;1m685[39;22m
  [90m    PHPUnit\Framework\TestSuite::run(Object(PHPUnit\Framework\TestResult))[39m

  [33m61  [39m[39;1mC:\xampp\htdocs\drivelink\vendor\phpunit\phpunit\src\Framework\TestSuite.php[39;22m:[39;1m685[39;22m
  [90m    PHPUnit\Framework\TestSuite::run(Object(PHPUnit\Framework\TestResult))[39m

  [33m62  [39m[39;1mC:\xampp\htdocs\drivelink\vendor\phpunit\phpunit\src\TextUI\TestRunner.php[39;22m:[39;1m651[39;22m
  [90m    PHPUnit\Framework\TestSuite::run(Object(PHPUnit\Framework\TestResult))[39m

  [33m63  [39m[39;1mC:\xampp\htdocs\drivelink\vendor\phpunit\phpunit\src\TextUI\Command.php[39;22m:[39;1m146[39;22m
  [90m    PHPUnit\TextUI\TestRunner::run(Object(PHPUnit\Framework\TestSuite), [])[39m

  [33m64  [39m[39;1mC:\xampp\htdocs\drivelink\vendor\phpunit\phpunit\src\TextUI\Command.php[39;22m:[39;1m99[39;22m
  [90m    PHPUnit\TextUI\Command::run()[39m

  [33m65  [39m[39;1mC:\xampp\htdocs\drivelink\vendor\phpunit\phpunit\phpunit[39;22m:[39;1m107[39;22m
  [90m    PHPUnit\TextUI\Command::main()[39m

  [31;1m• Tests\Unit\ModelRelationshipsTest [39;22m> [31;1mdriver match belongs to driver[39;22m
  [41;1m Illuminate\Database\QueryException [49;22m

[39;1m  SQLSTATE[42S01]: Base table or view already exists: 1050 Table 'permissions' already exists (SQL: create table `permissions` (`id` bigint unsigned not null auto_increment primary key, `name` varchar(255) not null, `guard_name` varchar(255) not null, `created_at` timestamp null, `updated_at` timestamp null) default character set utf8mb4 collate 'utf8mb4_unicode_ci')[39;22m

  at [32mC:\xampp\htdocs\drivelink\vendor\laravel\framework\src\Illuminate\Database\Connection.php[39m:[32m760[39m
    756▕         // If an exception occurs when attempting to run a query, we'll format the error
    757▕         // message to include the bindings with SQL, which will make this exception a
    758▕         // lot more helpful to the developer instead of just the database's errors.
    759▕         catch (Exception $e) {
  ➜ 760▕             throw new QueryException(
    761▕                 $query, $this->prepareBindings($bindings), $e
    762▕             );
    763▕         }
    764▕     }

  [33m1   [39m[39;1mC:\xampp\htdocs\drivelink\vendor\laravel\framework\src\Illuminate\Database\Connection.php[39;22m:[39;1m545[39;22m
  [90m    PDOException::("SQLSTATE[42S01]: Base table or view already exists: 1050 Table 'permissions' already exists")[39m

  [33m2   [39m[39;1mC:\xampp\htdocs\drivelink\vendor\laravel\framework\src\Illuminate\Database\Connection.php[39;22m:[39;1m545[39;22m
  [90m    PDOStatement::execute()[39m

  [33m3   [39m[39;1mC:\xampp\htdocs\drivelink\vendor\laravel\framework\src\Illuminate\Database\Connection.php[39;22m:[39;1m753[39;22m
  [90m    Illuminate\Database\Connection::Illuminate\Database\{closure}("create table `permissions` (`id` bigint unsigned not null auto_increment primary key, `name` varchar(255) not null, `guard_name` varchar(255) not null, `created_at` timestamp null, `updated_at` timestamp null) default character set utf8mb4 collate 'utf8mb4_unicode_ci'", [])[39m

  [33m4   [39m[39;1mC:\xampp\htdocs\drivelink\vendor\laravel\framework\src\Illuminate\Database\Connection.php[39;22m:[39;1m720[39;22m
  [90m    Illuminate\Database\Connection::runQueryCallback("create table `permissions` (`id` bigint unsigned not null auto_increment primary key, `name` varchar(255) not null, `guard_name` varchar(255) not null, `created_at` timestamp null, `updated_at` timestamp null) default character set utf8mb4 collate 'utf8mb4_unicode_ci'", [], Object(Closure))[39m

  [33m5   [39m[39;1mC:\xampp\htdocs\drivelink\vendor\laravel\framework\src\Illuminate\Database\Connection.php[39;22m:[39;1m534[39;22m
  [90m    Illuminate\Database\Connection::run("create table `permissions` (`id` bigint unsigned not null auto_increment primary key, `name` varchar(255) not null, `guard_name` varchar(255) not null, `created_at` timestamp null, `updated_at` timestamp null) default character set utf8mb4 collate 'utf8mb4_unicode_ci'", [], Object(Closure))[39m

  [33m6   [39m[39;1mC:\xampp\htdocs\drivelink\vendor\laravel\framework\src\Illuminate\Database\Schema\Blueprint.php[39;22m:[39;1m109[39;22m
  [90m    Illuminate\Database\Connection::statement("create table `permissions` (`id` bigint unsigned not null auto_increment primary key, `name` varchar(255) not null, `guard_name` varchar(255) not null, `created_at` timestamp null, `updated_at` timestamp null) default character set utf8mb4 collate 'utf8mb4_unicode_ci'")[39m

  [33m7   [39m[39;1mC:\xampp\htdocs\drivelink\vendor\laravel\framework\src\Illuminate\Database\Schema\Builder.php[39;22m:[39;1m439[39;22m
  [90m    Illuminate\Database\Schema\Blueprint::build(Object(Illuminate\Database\MySqlConnection), Object(Illuminate\Database\Schema\Grammars\MySqlGrammar))[39m

  [33m8   [39m[39;1mC:\xampp\htdocs\drivelink\vendor\laravel\framework\src\Illuminate\Database\Schema\Builder.php[39;22m:[39;1m281[39;22m
  [90m    Illuminate\Database\Schema\Builder::build(Object(Illuminate\Database\Schema\Blueprint))[39m

  [33m9   [39m[39;1mC:\xampp\htdocs\drivelink\vendor\laravel\framework\src\Illuminate\Support\Facades\Facade.php[39;22m:[39;1m338[39;22m
  [90m    Illuminate\Database\Schema\Builder::create("permissions", Object(Closure))[39m

  [33m10  [39m[39;1mC:\xampp\htdocs\drivelink\database\migrations\2025_10_16_113821_create_permission_tables.php[39;22m:[39;1m23[39;22m
  [90m    Illuminate\Support\Facades\Facade::__callStatic("create")[39m

  [33m11  [39m[39;1mC:\xampp\htdocs\drivelink\vendor\laravel\framework\src\Illuminate\Database\Migrations\Migrator.php[39;22m:[39;1m496[39;22m
  [90m    Illuminate\Database\Migrations\Migration@anonymous\C:\xampp\htdocs\drivelink\database\migrations\2025_10_16_113821_create_permission_tables.php:7$1bc::up()[39m

  [33m12  [39m[39;1mC:\xampp\htdocs\drivelink\vendor\laravel\framework\src\Illuminate\Database\Migrations\Migrator.php[39;22m:[39;1m414[39;22m
  [90m    Illuminate\Database\Migrations\Migrator::runMethod(Object(Illuminate\Database\MySqlConnection), Object(Illuminate\Database\Migrations\Migration@anonymous\C:\xampp\htdocs\drivelink\database\migrations\2025_10_16_113821_create_permission_tables.php:7$1bc), "up")[39m

  [33m13  [39m[39;1mC:\xampp\htdocs\drivelink\vendor\laravel\framework\src\Illuminate\Database\Migrations\Migrator.php[39;22m:[39;1m423[39;22m
  [90m    Illuminate\Database\Migrations\Migrator::Illuminate\Database\Migrations\{closure}()[39m

  [33m14  [39m[39;1mC:\xampp\htdocs\drivelink\vendor\laravel\framework\src\Illuminate\Database\Migrations\Migrator.php[39;22m:[39;1m224[39;22m
  [90m    Illuminate\Database\Migrations\Migrator::runMigration(Object(Illuminate\Database\Migrations\Migration@anonymous\C:\xampp\htdocs\drivelink\database\migrations\2025_10_16_113821_create_permission_tables.php:7$1bc), "up")[39m

  [33m15  [39m[39;1mC:\xampp\htdocs\drivelink\vendor\laravel\framework\src\Illuminate\Console\View\Components\Task.php[39;22m:[39;1m37[39;22m
  [90m    Illuminate\Database\Migrations\Migrator::Illuminate\Database\Migrations\{closure}()[39m

  [33m16  [39m[39;1mC:\xampp\htdocs\drivelink\vendor\laravel\framework\src\Illuminate\Database\Migrations\Migrator.php[39;22m:[39;1m778[39;22m
  [90m    Illuminate\Console\View\Components\Task::render("2025_10_16_113821_create_permission_tables", Object(Closure))[39m

  [33m17  [39m[39;1mC:\xampp\htdocs\drivelink\vendor\laravel\framework\src\Illuminate\Database\Migrations\Migrator.php[39;22m:[39;1m224[39;22m
  [90m    Illuminate\Database\Migrations\Migrator::write("Illuminate\Console\View\Components\Task", "2025_10_16_113821_create_permission_tables", Object(Closure))[39m

  [33m18  [39m[39;1mC:\xampp\htdocs\drivelink\vendor\laravel\framework\src\Illuminate\Database\Migrations\Migrator.php[39;22m:[39;1m189[39;22m
  [90m    Illuminate\Database\Migrations\Migrator::runUp("C:\xampp\htdocs\drivelink\database\migrations/2025_10_16_113821_create_permission_tables.php")[39m

  [33m19  [39m[39;1mC:\xampp\htdocs\drivelink\vendor\laravel\framework\src\Illuminate\Database\Migrations\Migrator.php[39;22m:[39;1m132[39;22m
  [90m    Illuminate\Database\Migrations\Migrator::runPending([])[39m

  [33m20  [39m[39;1mC:\xampp\htdocs\drivelink\vendor\laravel\framework\src\Illuminate\Database\Console\Migrations\MigrateCommand.php[39;22m:[39;1m88[39;22m
  [90m    Illuminate\Database\Migrations\Migrator::run([])[39m

  [33m21  [39m[39;1mC:\xampp\htdocs\drivelink\vendor\laravel\framework\src\Illuminate\Database\Migrations\Migrator.php[39;22m:[39;1m636[39;22m
  [90m    Illuminate\Database\Console\Migrations\MigrateCommand::Illuminate\Database\Console\Migrations\{closure}()[39m

  [33m22  [39m[39;1mC:\xampp\htdocs\drivelink\vendor\laravel\framework\src\Illuminate\Database\Console\Migrations\MigrateCommand.php[39;22m:[39;1m81[39;22m
  [90m    Illuminate\Database\Migrations\Migrator::usingConnection(Object(Closure))[39m

  [33m23  [39m[39;1mC:\xampp\htdocs\drivelink\vendor\laravel\framework\src\Illuminate\Container\BoundMethod.php[39;22m:[39;1m36[39;22m
  [90m    Illuminate\Database\Console\Migrations\MigrateCommand::handle()[39m

  [33m24  [39m[39;1mC:\xampp\htdocs\drivelink\vendor\laravel\framework\src\Illuminate\Container\Util.php[39;22m:[39;1m41[39;22m
  [90m    Illuminate\Container\BoundMethod::Illuminate\Container\{closure}()[39m

  [33m25  [39m[39;1mC:\xampp\htdocs\drivelink\vendor\laravel\framework\src\Illuminate\Container\BoundMethod.php[39;22m:[39;1m93[39;22m
  [90m    Illuminate\Container\Util::unwrapIfClosure(Object(Closure))[39m

  [33m26  [39m[39;1mC:\xampp\htdocs\drivelink\vendor\laravel\framework\src\Illuminate\Container\BoundMethod.php[39;22m:[39;1m35[39;22m
  [90m    Illuminate\Container\BoundMethod::callBoundMethod(Object(Illuminate\Foundation\Application), Object(Closure))[39m

  [33m27  [39m[39;1mC:\xampp\htdocs\drivelink\vendor\laravel\framework\src\Illuminate\Container\Container.php[39;22m:[39;1m661[39;22m
  [90m    Illuminate\Container\BoundMethod::call(Object(Illuminate\Foundation\Application), [])[39m

  [33m28  [39m[39;1mC:\xampp\htdocs\drivelink\vendor\laravel\framework\src\Illuminate\Console\Command.php[39;22m:[39;1m183[39;22m
  [90m    Illuminate\Container\Container::call()[39m

  [33m29  [39m[39;1mC:\xampp\htdocs\drivelink\vendor\symfony\console\Command\Command.php[39;22m:[39;1m291[39;22m
  [90m    Illuminate\Console\Command::execute(Object(Symfony\Component\Console\Input\ArrayInput), Object(Mockery_1_Illuminate_Console_OutputStyle))[39m

  [33m30  [39m[39;1mC:\xampp\htdocs\drivelink\vendor\laravel\framework\src\Illuminate\Console\Command.php[39;22m:[39;1m152[39;22m
  [90m    Symfony\Component\Console\Command\Command::run(Object(Symfony\Component\Console\Input\ArrayInput), Object(Mockery_1_Illuminate_Console_OutputStyle))[39m

  [33m31  [39m[39;1mC:\xampp\htdocs\drivelink\vendor\laravel\framework\src\Illuminate\Console\Concerns\CallsCommands.php[39;22m:[39;1m67[39;22m
  [90m    Illuminate\Console\Command::run(Object(Symfony\Component\Console\Input\ArrayInput), Object(Mockery_1_Illuminate_Console_OutputStyle))[39m

  [33m32  [39m[39;1mC:\xampp\htdocs\drivelink\vendor\laravel\framework\src\Illuminate\Console\Concerns\CallsCommands.php[39;22m:[39;1m28[39;22m
  [90m    Illuminate\Console\Command::runCommand("migrate", ["migrate"], Object(Mockery_1_Illuminate_Console_OutputStyle))[39m

  [33m33  [39m[39;1mC:\xampp\htdocs\drivelink\vendor\laravel\framework\src\Illuminate\Database\Console\Migrations\FreshCommand.php[39;22m:[39;1m53[39;22m
  [90m    Illuminate\Console\Command::call("migrate", [])[39m

  [33m34  [39m[39;1mC:\xampp\htdocs\drivelink\vendor\laravel\framework\src\Illuminate\Container\BoundMethod.php[39;22m:[39;1m36[39;22m
  [90m    Illuminate\Database\Console\Migrations\FreshCommand::handle()[39m

  [33m35  [39m[39;1mC:\xampp\htdocs\drivelink\vendor\laravel\framework\src\Illuminate\Container\Util.php[39;22m:[39;1m41[39;22m
  [90m    Illuminate\Container\BoundMethod::Illuminate\Container\{closure}()[39m

  [33m36  [39m[39;1mC:\xampp\htdocs\drivelink\vendor\laravel\framework\src\Illuminate\Container\BoundMethod.php[39;22m:[39;1m93[39;22m
  [90m    Illuminate\Container\Util::unwrapIfClosure(Object(Closure))[39m

  [33m37  [39m[39;1mC:\xampp\htdocs\drivelink\vendor\laravel\framework\src\Illuminate\Container\BoundMethod.php[39;22m:[39;1m35[39;22m
  [90m    Illuminate\Container\BoundMethod::callBoundMethod(Object(Illuminate\Foundation\Application), Object(Closure))[39m

  [33m38  [39m[39;1mC:\xampp\htdocs\drivelink\vendor\laravel\framework\src\Illuminate\Container\Container.php[39;22m:[39;1m661[39;22m
  [90m    Illuminate\Container\BoundMethod::call(Object(Illuminate\Foundation\Application), [])[39m

  [33m39  [39m[39;1mC:\xampp\htdocs\drivelink\vendor\laravel\framework\src\Illuminate\Console\Command.php[39;22m:[39;1m183[39;22m
  [90m    Illuminate\Container\Container::call()[39m

  [33m40  [39m[39;1mC:\xampp\htdocs\drivelink\vendor\symfony\console\Command\Command.php[39;22m:[39;1m291[39;22m
  [90m    Illuminate\Console\Command::execute(Object(Symfony\Component\Console\Input\ArrayInput), Object(Mockery_1_Illuminate_Console_OutputStyle))[39m

  [33m41  [39m[39;1mC:\xampp\htdocs\drivelink\vendor\laravel\framework\src\Illuminate\Console\Command.php[39;22m:[39;1m152[39;22m
  [90m    Symfony\Component\Console\Command\Command::run(Object(Symfony\Component\Console\Input\ArrayInput), Object(Mockery_1_Illuminate_Console_OutputStyle))[39m

  [33m42  [39m[39;1mC:\xampp\htdocs\drivelink\vendor\symfony\console\Application.php[39;22m:[39;1m1014[39;22m
  [90m    Illuminate\Console\Command::run(Object(Symfony\Component\Console\Input\ArrayInput), Object(Mockery_1_Illuminate_Console_OutputStyle))[39m

  [33m43  [39m[39;1mC:\xampp\htdocs\drivelink\vendor\symfony\console\Application.php[39;22m:[39;1m301[39;22m
  [90m    Symfony\Component\Console\Application::doRunCommand(Object(Illuminate\Database\Console\Migrations\FreshCommand), Object(Symfony\Component\Console\Input\ArrayInput), Object(Mockery_1_Illuminate_Console_OutputStyle))[39m

  [33m44  [39m[39;1mC:\xampp\htdocs\drivelink\vendor\symfony\console\Application.php[39;22m:[39;1m171[39;22m
  [90m    Symfony\Component\Console\Application::doRun(Object(Symfony\Component\Console\Input\ArrayInput), Object(Mockery_1_Illuminate_Console_OutputStyle))[39m

  [33m45  [39m[39;1mC:\xampp\htdocs\drivelink\vendor\laravel\framework\src\Illuminate\Console\Application.php[39;22m:[39;1m102[39;22m
  [90m    Symfony\Component\Console\Application::run(Object(Symfony\Component\Console\Input\ArrayInput), Object(Mockery_1_Illuminate_Console_OutputStyle))[39m

  [33m46  [39m[39;1mC:\xampp\htdocs\drivelink\vendor\laravel\framework\src\Illuminate\Console\Application.php[39;22m:[39;1m193[39;22m
  [90m    Illuminate\Console\Application::run(Object(Symfony\Component\Console\Input\ArrayInput), Object(Mockery_1_Illuminate_Console_OutputStyle))[39m

  [33m47  [39m[39;1mC:\xampp\htdocs\drivelink\vendor\laravel\framework\src\Illuminate\Foundation\Console\Kernel.php[39;22m:[39;1m336[39;22m
  [90m    Illuminate\Console\Application::call("migrate:fresh", [], Object(Mockery_1_Illuminate_Console_OutputStyle))[39m

  [33m48  [39m[39;1mC:\xampp\htdocs\drivelink\vendor\laravel\framework\src\Illuminate\Testing\PendingCommand.php[39;22m:[39;1m296[39;22m
  [90m    Illuminate\Foundation\Console\Kernel::call("migrate:fresh", [], Object(Mockery_1_Illuminate_Console_OutputStyle))[39m

  [33m49  [39m[39;1mC:\xampp\htdocs\drivelink\vendor\laravel\framework\src\Illuminate\Testing\PendingCommand.php[39;22m:[39;1m481[39;22m
  [90m    Illuminate\Testing\PendingCommand::run()[39m

  [33m50  [39m[39;1mC:\xampp\htdocs\drivelink\vendor\laravel\framework\src\Illuminate\Foundation\Testing\Concerns\InteractsWithConsole.php[39;22m:[39;1m80[39;22m
  [90m    Illuminate\Testing\PendingCommand::__destruct()[39m

  [33m51  [39m[39;1mC:\xampp\htdocs\drivelink\vendor\laravel\framework\src\Illuminate\Foundation\Testing\RefreshDatabase.php[39;22m:[39;1m73[39;22m
  [90m    Illuminate\Foundation\Testing\TestCase::artisan("migrate:fresh", [])[39m

  [33m52  [39m[39;1mC:\xampp\htdocs\drivelink\vendor\laravel\framework\src\Illuminate\Foundation\Testing\RefreshDatabase.php[39;22m:[39;1m23[39;22m
  [90m    Tests\Unit\ModelRelationshipsTest::refreshTestDatabase()[39m

  [33m53  [39m[39;1mC:\xampp\htdocs\drivelink\vendor\laravel\framework\src\Illuminate\Foundation\Testing\TestCase.php[39;22m:[39;1m127[39;22m
  [90m    Tests\Unit\ModelRelationshipsTest::refreshDatabase()[39m

  [33m54  [39m[39;1mC:\xampp\htdocs\drivelink\vendor\laravel\framework\src\Illuminate\Foundation\Testing\TestCase.php[39;22m:[39;1m96[39;22m
  [90m    Illuminate\Foundation\Testing\TestCase::setUpTraits()[39m

  [33m55  [39m[39;1mC:\xampp\htdocs\drivelink\tests\TestCase.php[39;22m:[39;1m29[39;22m
  [90m    Illuminate\Foundation\Testing\TestCase::setUp()[39m

  [33m56  [39m[39;1mC:\xampp\htdocs\drivelink\vendor\phpunit\phpunit\src\Framework\TestCase.php[39;22m:[39;1m1216[39;22m
  [90m    Tests\TestCase::setUp()[39m

  [33m57  [39m[39;1mC:\xampp\htdocs\drivelink\vendor\phpunit\phpunit\src\Framework\TestResult.php[39;22m:[39;1m729[39;22m
  [90m    PHPUnit\Framework\TestCase::runBare()[39m

  [33m58  [39m[39;1mC:\xampp\htdocs\drivelink\vendor\phpunit\phpunit\src\Framework\TestCase.php[39;22m:[39;1m973[39;22m
  [90m    PHPUnit\Framework\TestResult::run(Object(Tests\Unit\ModelRelationshipsTest))[39m

  [33m59  [39m[39;1mC:\xampp\htdocs\drivelink\vendor\phpunit\phpunit\src\Framework\TestSuite.php[39;22m:[39;1m685[39;22m
  [90m    PHPUnit\Framework\TestCase::run(Object(PHPUnit\Framework\TestResult))[39m

  [33m60  [39m[39;1mC:\xampp\htdocs\drivelink\vendor\phpunit\phpunit\src\Framework\TestSuite.php[39;22m:[39;1m685[39;22m
  [90m    PHPUnit\Framework\TestSuite::run(Object(PHPUnit\Framework\TestResult))[39m

  [33m61  [39m[39;1mC:\xampp\htdocs\drivelink\vendor\phpunit\phpunit\src\Framework\TestSuite.php[39;22m:[39;1m685[39;22m
  [90m    PHPUnit\Framework\TestSuite::run(Object(PHPUnit\Framework\TestResult))[39m

  [33m62  [39m[39;1mC:\xampp\htdocs\drivelink\vendor\phpunit\phpunit\src\TextUI\TestRunner.php[39;22m:[39;1m651[39;22m
  [90m    PHPUnit\Framework\TestSuite::run(Object(PHPUnit\Framework\TestResult))[39m

  [33m63  [39m[39;1mC:\xampp\htdocs\drivelink\vendor\phpunit\phpunit\src\TextUI\Command.php[39;22m:[39;1m146[39;22m
  [90m    PHPUnit\TextUI\TestRunner::run(Object(PHPUnit\Framework\TestSuite), [])[39m

  [33m64  [39m[39;1mC:\xampp\htdocs\drivelink\vendor\phpunit\phpunit\src\TextUI\Command.php[39;22m:[39;1m99[39;22m
  [90m    PHPUnit\TextUI\Command::run()[39m

  [33m65  [39m[39;1mC:\xampp\htdocs\drivelink\vendor\phpunit\phpunit\phpunit[39;22m:[39;1m107[39;22m
  [90m    PHPUnit\TextUI\Command::main()[39m

  [31;1m• Tests\Unit\ModelRelationshipsTest [39;22m> [31;1mdriver category requirement belongs to driver[39;22m
  [41;1m Illuminate\Database\QueryException [49;22m

[39;1m  SQLSTATE[42S01]: Base table or view already exists: 1050 Table 'permissions' already exists (SQL: create table `permissions` (`id` bigint unsigned not null auto_increment primary key, `name` varchar(255) not null, `guard_name` varchar(255) not null, `created_at` timestamp null, `updated_at` timestamp null) default character set utf8mb4 collate 'utf8mb4_unicode_ci')[39;22m

  at [32mC:\xampp\htdocs\drivelink\vendor\laravel\framework\src\Illuminate\Database\Connection.php[39m:[32m760[39m
    756▕         // If an exception occurs when attempting to run a query, we'll format the error
    757▕         // message to include the bindings with SQL, which will make this exception a
    758▕         // lot more helpful to the developer instead of just the database's errors.
    759▕         catch (Exception $e) {
  ➜ 760▕             throw new QueryException(
    761▕                 $query, $this->prepareBindings($bindings), $e
    762▕             );
    763▕         }
    764▕     }

  [33m1   [39m[39;1mC:\xampp\htdocs\drivelink\vendor\laravel\framework\src\Illuminate\Database\Connection.php[39;22m:[39;1m545[39;22m
  [90m    PDOException::("SQLSTATE[42S01]: Base table or view already exists: 1050 Table 'permissions' already exists")[39m

  [33m2   [39m[39;1mC:\xampp\htdocs\drivelink\vendor\laravel\framework\src\Illuminate\Database\Connection.php[39;22m:[39;1m545[39;22m
  [90m    PDOStatement::execute()[39m

  [33m3   [39m[39;1mC:\xampp\htdocs\drivelink\vendor\laravel\framework\src\Illuminate\Database\Connection.php[39;22m:[39;1m753[39;22m
  [90m    Illuminate\Database\Connection::Illuminate\Database\{closure}("create table `permissions` (`id` bigint unsigned not null auto_increment primary key, `name` varchar(255) not null, `guard_name` varchar(255) not null, `created_at` timestamp null, `updated_at` timestamp null) default character set utf8mb4 collate 'utf8mb4_unicode_ci'", [])[39m

  [33m4   [39m[39;1mC:\xampp\htdocs\drivelink\vendor\laravel\framework\src\Illuminate\Database\Connection.php[39;22m:[39;1m720[39;22m
  [90m    Illuminate\Database\Connection::runQueryCallback("create table `permissions` (`id` bigint unsigned not null auto_increment primary key, `name` varchar(255) not null, `guard_name` varchar(255) not null, `created_at` timestamp null, `updated_at` timestamp null) default character set utf8mb4 collate 'utf8mb4_unicode_ci'", [], Object(Closure))[39m

  [33m5   [39m[39;1mC:\xampp\htdocs\drivelink\vendor\laravel\framework\src\Illuminate\Database\Connection.php[39;22m:[39;1m534[39;22m
  [90m    Illuminate\Database\Connection::run("create table `permissions` (`id` bigint unsigned not null auto_increment primary key, `name` varchar(255) not null, `guard_name` varchar(255) not null, `created_at` timestamp null, `updated_at` timestamp null) default character set utf8mb4 collate 'utf8mb4_unicode_ci'", [], Object(Closure))[39m

  [33m6   [39m[39;1mC:\xampp\htdocs\drivelink\vendor\laravel\framework\src\Illuminate\Database\Schema\Blueprint.php[39;22m:[39;1m109[39;22m
  [90m    Illuminate\Database\Connection::statement("create table `permissions` (`id` bigint unsigned not null auto_increment primary key, `name` varchar(255) not null, `guard_name` varchar(255) not null, `created_at` timestamp null, `updated_at` timestamp null) default character set utf8mb4 collate 'utf8mb4_unicode_ci'")[39m

  [33m7   [39m[39;1mC:\xampp\htdocs\drivelink\vendor\laravel\framework\src\Illuminate\Database\Schema\Builder.php[39;22m:[39;1m439[39;22m
  [90m    Illuminate\Database\Schema\Blueprint::build(Object(Illuminate\Database\MySqlConnection), Object(Illuminate\Database\Schema\Grammars\MySqlGrammar))[39m

  [33m8   [39m[39;1mC:\xampp\htdocs\drivelink\vendor\laravel\framework\src\Illuminate\Database\Schema\Builder.php[39;22m:[39;1m281[39;22m
  [90m    Illuminate\Database\Schema\Builder::build(Object(Illuminate\Database\Schema\Blueprint))[39m

  [33m9   [39m[39;1mC:\xampp\htdocs\drivelink\vendor\laravel\framework\src\Illuminate\Support\Facades\Facade.php[39;22m:[39;1m338[39;22m
  [90m    Illuminate\Database\Schema\Builder::create("permissions", Object(Closure))[39m

  [33m10  [39m[39;1mC:\xampp\htdocs\drivelink\database\migrations\2025_10_16_113821_create_permission_tables.php[39;22m:[39;1m23[39;22m
  [90m    Illuminate\Support\Facades\Facade::__callStatic("create")[39m

  [33m11  [39m[39;1mC:\xampp\htdocs\drivelink\vendor\laravel\framework\src\Illuminate\Database\Migrations\Migrator.php[39;22m:[39;1m496[39;22m
  [90m    Illuminate\Database\Migrations\Migration@anonymous\C:\xampp\htdocs\drivelink\database\migrations\2025_10_16_113821_create_permission_tables.php:7$1bc::up()[39m

  [33m12  [39m[39;1mC:\xampp\htdocs\drivelink\vendor\laravel\framework\src\Illuminate\Database\Migrations\Migrator.php[39;22m:[39;1m414[39;22m
  [90m    Illuminate\Database\Migrations\Migrator::runMethod(Object(Illuminate\Database\MySqlConnection), Object(Illuminate\Database\Migrations\Migration@anonymous\C:\xampp\htdocs\drivelink\database\migrations\2025_10_16_113821_create_permission_tables.php:7$1bc), "up")[39m

  [33m13  [39m[39;1mC:\xampp\htdocs\drivelink\vendor\laravel\framework\src\Illuminate\Database\Migrations\Migrator.php[39;22m:[39;1m423[39;22m
  [90m    Illuminate\Database\Migrations\Migrator::Illuminate\Database\Migrations\{closure}()[39m

  [33m14  [39m[39;1mC:\xampp\htdocs\drivelink\vendor\laravel\framework\src\Illuminate\Database\Migrations\Migrator.php[39;22m:[39;1m224[39;22m
  [90m    Illuminate\Database\Migrations\Migrator::runMigration(Object(Illuminate\Database\Migrations\Migration@anonymous\C:\xampp\htdocs\drivelink\database\migrations\2025_10_16_113821_create_permission_tables.php:7$1bc), "up")[39m

  [33m15  [39m[39;1mC:\xampp\htdocs\drivelink\vendor\laravel\framework\src\Illuminate\Console\View\Components\Task.php[39;22m:[39;1m37[39;22m
  [90m    Illuminate\Database\Migrations\Migrator::Illuminate\Database\Migrations\{closure}()[39m

  [33m16  [39m[39;1mC:\xampp\htdocs\drivelink\vendor\laravel\framework\src\Illuminate\Database\Migrations\Migrator.php[39;22m:[39;1m778[39;22m
  [90m    Illuminate\Console\View\Components\Task::render("2025_10_16_113821_create_permission_tables", Object(Closure))[39m

  [33m17  [39m[39;1mC:\xampp\htdocs\drivelink\vendor\laravel\framework\src\Illuminate\Database\Migrations\Migrator.php[39;22m:[39;1m224[39;22m
  [90m    Illuminate\Database\Migrations\Migrator::write("Illuminate\Console\View\Components\Task", "2025_10_16_113821_create_permission_tables", Object(Closure))[39m

  [33m18  [39m[39;1mC:\xampp\htdocs\drivelink\vendor\laravel\framework\src\Illuminate\Database\Migrations\Migrator.php[39;22m:[39;1m189[39;22m
  [90m    Illuminate\Database\Migrations\Migrator::runUp("C:\xampp\htdocs\drivelink\database\migrations/2025_10_16_113821_create_permission_tables.php")[39m

  [33m19  [39m[39;1mC:\xampp\htdocs\drivelink\vendor\laravel\framework\src\Illuminate\Database\Migrations\Migrator.php[39;22m:[39;1m132[39;22m
  [90m    Illuminate\Database\Migrations\Migrator::runPending([])[39m

  [33m20  [39m[39;1mC:\xampp\htdocs\drivelink\vendor\laravel\framework\src\Illuminate\Database\Console\Migrations\MigrateCommand.php[39;22m:[39;1m88[39;22m
  [90m    Illuminate\Database\Migrations\Migrator::run([])[39m

  [33m21  [39m[39;1mC:\xampp\htdocs\drivelink\vendor\laravel\framework\src\Illuminate\Database\Migrations\Migrator.php[39;22m:[39;1m636[39;22m
  [90m    Illuminate\Database\Console\Migrations\MigrateCommand::Illuminate\Database\Console\Migrations\{closure}()[39m

  [33m22  [39m[39;1mC:\xampp\htdocs\drivelink\vendor\laravel\framework\src\Illuminate\Database\Console\Migrations\MigrateCommand.php[39;22m:[39;1m81[39;22m
  [90m    Illuminate\Database\Migrations\Migrator::usingConnection(Object(Closure))[39m

  [33m23  [39m[39;1mC:\xampp\htdocs\drivelink\vendor\laravel\framework\src\Illuminate\Container\BoundMethod.php[39;22m:[39;1m36[39;22m
  [90m    Illuminate\Database\Console\Migrations\MigrateCommand::handle()[39m

  [33m24  [39m[39;1mC:\xampp\htdocs\drivelink\vendor\laravel\framework\src\Illuminate\Container\Util.php[39;22m:[39;1m41[39;22m
  [90m    Illuminate\Container\BoundMethod::Illuminate\Container\{closure}()[39m

  [33m25  [39m[39;1mC:\xampp\htdocs\drivelink\vendor\laravel\framework\src\Illuminate\Container\BoundMethod.php[39;22m:[39;1m93[39;22m
  [90m    Illuminate\Container\Util::unwrapIfClosure(Object(Closure))[39m

  [33m26  [39m[39;1mC:\xampp\htdocs\drivelink\vendor\laravel\framework\src\Illuminate\Container\BoundMethod.php[39;22m:[39;1m35[39;22m
  [90m    Illuminate\Container\BoundMethod::callBoundMethod(Object(Illuminate\Foundation\Application), Object(Closure))[39m

  [33m27  [39m[39;1mC:\xampp\htdocs\drivelink\vendor\laravel\framework\src\Illuminate\Container\Container.php[39;22m:[39;1m661[39;22m
  [90m    Illuminate\Container\BoundMethod::call(Object(Illuminate\Foundation\Application), [])[39m

  [33m28  [39m[39;1mC:\xampp\htdocs\drivelink\vendor\laravel\framework\src\Illuminate\Console\Command.php[39;22m:[39;1m183[39;22m
  [90m    Illuminate\Container\Container::call()[39m

  [33m29  [39m[39;1mC:\xampp\htdocs\drivelink\vendor\symfony\console\Command\Command.php[39;22m:[39;1m291[39;22m
  [90m    Illuminate\Console\Command::execute(Object(Symfony\Component\Console\Input\ArrayInput), Object(Mockery_1_Illuminate_Console_OutputStyle))[39m

  [33m30  [39m[39;1mC:\xampp\htdocs\drivelink\vendor\laravel\framework\src\Illuminate\Console\Command.php[39;22m:[39;1m152[39;22m
  [90m    Symfony\Component\Console\Command\Command::run(Object(Symfony\Component\Console\Input\ArrayInput), Object(Mockery_1_Illuminate_Console_OutputStyle))[39m

  [33m31  [39m[39;1mC:\xampp\htdocs\drivelink\vendor\laravel\framework\src\Illuminate\Console\Concerns\CallsCommands.php[39;22m:[39;1m67[39;22m
  [90m    Illuminate\Console\Command::run(Object(Symfony\Component\Console\Input\ArrayInput), Object(Mockery_1_Illuminate_Console_OutputStyle))[39m

  [33m32  [39m[39;1mC:\xampp\htdocs\drivelink\vendor\laravel\framework\src\Illuminate\Console\Concerns\CallsCommands.php[39;22m:[39;1m28[39;22m
  [90m    Illuminate\Console\Command::runCommand("migrate", ["migrate"], Object(Mockery_1_Illuminate_Console_OutputStyle))[39m

  [33m33  [39m[39;1mC:\xampp\htdocs\drivelink\vendor\laravel\framework\src\Illuminate\Database\Console\Migrations\FreshCommand.php[39;22m:[39;1m53[39;22m
  [90m    Illuminate\Console\Command::call("migrate", [])[39m

  [33m34  [39m[39;1mC:\xampp\htdocs\drivelink\vendor\laravel\framework\src\Illuminate\Container\BoundMethod.php[39;22m:[39;1m36[39;22m
  [90m    Illuminate\Database\Console\Migrations\FreshCommand::handle()[39m

  [33m35  [39m[39;1mC:\xampp\htdocs\drivelink\vendor\laravel\framework\src\Illuminate\Container\Util.php[39;22m:[39;1m41[39;22m
  [90m    Illuminate\Container\BoundMethod::Illuminate\Container\{closure}()[39m

  [33m36  [39m[39;1mC:\xampp\htdocs\drivelink\vendor\laravel\framework\src\Illuminate\Container\BoundMethod.php[39;22m:[39;1m93[39;22m
  [90m    Illuminate\Container\Util::unwrapIfClosure(Object(Closure))[39m

  [33m37  [39m[39;1mC:\xampp\htdocs\drivelink\vendor\laravel\framework\src\Illuminate\Container\BoundMethod.php[39;22m:[39;1m35[39;22m
  [90m    Illuminate\Container\BoundMethod::callBoundMethod(Object(Illuminate\Foundation\Application), Object(Closure))[39m

  [33m38  [39m[39;1mC:\xampp\htdocs\drivelink\vendor\laravel\framework\src\Illuminate\Container\Container.php[39;22m:[39;1m661[39;22m
  [90m    Illuminate\Container\BoundMethod::call(Object(Illuminate\Foundation\Application), [])[39m

  [33m39  [39m[39;1mC:\xampp\htdocs\drivelink\vendor\laravel\framework\src\Illuminate\Console\Command.php[39;22m:[39;1m183[39;22m
  [90m    Illuminate\Container\Container::call()[39m

  [33m40  [39m[39;1mC:\xampp\htdocs\drivelink\vendor\symfony\console\Command\Command.php[39;22m:[39;1m291[39;22m
  [90m    Illuminate\Console\Command::execute(Object(Symfony\Component\Console\Input\ArrayInput), Object(Mockery_1_Illuminate_Console_OutputStyle))[39m

  [33m41  [39m[39;1mC:\xampp\htdocs\drivelink\vendor\laravel\framework\src\Illuminate\Console\Command.php[39;22m:[39;1m152[39;22m
  [90m    Symfony\Component\Console\Command\Command::run(Object(Symfony\Component\Console\Input\ArrayInput), Object(Mockery_1_Illuminate_Console_OutputStyle))[39m

  [33m42  [39m[39;1mC:\xampp\htdocs\drivelink\vendor\symfony\console\Application.php[39;22m:[39;1m1014[39;22m
  [90m    Illuminate\Console\Command::run(Object(Symfony\Component\Console\Input\ArrayInput), Object(Mockery_1_Illuminate_Console_OutputStyle))[39m

  [33m43  [39m[39;1mC:\xampp\htdocs\drivelink\vendor\symfony\console\Application.php[39;22m:[39;1m301[39;22m
  [90m    Symfony\Component\Console\Application::doRunCommand(Object(Illuminate\Database\Console\Migrations\FreshCommand), Object(Symfony\Component\Console\Input\ArrayInput), Object(Mockery_1_Illuminate_Console_OutputStyle))[39m

  [33m44  [39m[39;1mC:\xampp\htdocs\drivelink\vendor\symfony\console\Application.php[39;22m:[39;1m171[39;22m
  [90m    Symfony\Component\Console\Application::doRun(Object(Symfony\Component\Console\Input\ArrayInput), Object(Mockery_1_Illuminate_Console_OutputStyle))[39m

  [33m45  [39m[39;1mC:\xampp\htdocs\drivelink\vendor\laravel\framework\src\Illuminate\Console\Application.php[39;22m:[39;1m102[39;22m
  [90m    Symfony\Component\Console\Application::run(Object(Symfony\Component\Console\Input\ArrayInput), Object(Mockery_1_Illuminate_Console_OutputStyle))[39m

  [33m46  [39m[39;1mC:\xampp\htdocs\drivelink\vendor\laravel\framework\src\Illuminate\Console\Application.php[39;22m:[39;1m193[39;22m
  [90m    Illuminate\Console\Application::run(Object(Symfony\Component\Console\Input\ArrayInput), Object(Mockery_1_Illuminate_Console_OutputStyle))[39m

  [33m47  [39m[39;1mC:\xampp\htdocs\drivelink\vendor\laravel\framework\src\Illuminate\Foundation\Console\Kernel.php[39;22m:[39;1m336[39;22m
  [90m    Illuminate\Console\Application::call("migrate:fresh", [], Object(Mockery_1_Illuminate_Console_OutputStyle))[39m

  [33m48  [39m[39;1mC:\xampp\htdocs\drivelink\vendor\laravel\framework\src\Illuminate\Testing\PendingCommand.php[39;22m:[39;1m296[39;22m
  [90m    Illuminate\Foundation\Console\Kernel::call("migrate:fresh", [], Object(Mockery_1_Illuminate_Console_OutputStyle))[39m

  [33m49  [39m[39;1mC:\xampp\htdocs\drivelink\vendor\laravel\framework\src\Illuminate\Testing\PendingCommand.php[39;22m:[39;1m481[39;22m
  [90m    Illuminate\Testing\PendingCommand::run()[39m

  [33m50  [39m[39;1mC:\xampp\htdocs\drivelink\vendor\laravel\framework\src\Illuminate\Foundation\Testing\Concerns\InteractsWithConsole.php[39;22m:[39;1m80[39;22m
  [90m    Illuminate\Testing\PendingCommand::__destruct()[39m

  [33m51  [39m[39;1mC:\xampp\htdocs\drivelink\vendor\laravel\framework\src\Illuminate\Foundation\Testing\RefreshDatabase.php[39;22m:[39;1m73[39;22m
  [90m    Illuminate\Foundation\Testing\TestCase::artisan("migrate:fresh", [])[39m

  [33m52  [39m[39;1mC:\xampp\htdocs\drivelink\vendor\laravel\framework\src\Illuminate\Foundation\Testing\RefreshDatabase.php[39;22m:[39;1m23[39;22m
  [90m    Tests\Unit\ModelRelationshipsTest::refreshTestDatabase()[39m

  [33m53  [39m[39;1mC:\xampp\htdocs\drivelink\vendor\laravel\framework\src\Illuminate\Foundation\Testing\TestCase.php[39;22m:[39;1m127[39;22m
  [90m    Tests\Unit\ModelRelationshipsTest::refreshDatabase()[39m

  [33m54  [39m[39;1mC:\xampp\htdocs\drivelink\vendor\laravel\framework\src\Illuminate\Foundation\Testing\TestCase.php[39;22m:[39;1m96[39;22m
  [90m    Illuminate\Foundation\Testing\TestCase::setUpTraits()[39m

  [33m55  [39m[39;1mC:\xampp\htdocs\drivelink\tests\TestCase.php[39;22m:[39;1m29[39;22m
  [90m    Illuminate\Foundation\Testing\TestCase::setUp()[39m

  [33m56  [39m[39;1mC:\xampp\htdocs\drivelink\vendor\phpunit\phpunit\src\Framework\TestCase.php[39;22m:[39;1m1216[39;22m
  [90m    Tests\TestCase::setUp()[39m

  [33m57  [39m[39;1mC:\xampp\htdocs\drivelink\vendor\phpunit\phpunit\src\Framework\TestResult.php[39;22m:[39;1m729[39;22m
  [90m    PHPUnit\Framework\TestCase::runBare()[39m

  [33m58  [39m[39;1mC:\xampp\htdocs\drivelink\vendor\phpunit\phpunit\src\Framework\TestCase.php[39;22m:[39;1m973[39;22m
  [90m    PHPUnit\Framework\TestResult::run(Object(Tests\Unit\ModelRelationshipsTest))[39m

  [33m59  [39m[39;1mC:\xampp\htdocs\drivelink\vendor\phpunit\phpunit\src\Framework\TestSuite.php[39;22m:[39;1m685[39;22m
  [90m    PHPUnit\Framework\TestCase::run(Object(PHPUnit\Framework\TestResult))[39m

  [33m60  [39m[39;1mC:\xampp\htdocs\drivelink\vendor\phpunit\phpunit\src\Framework\TestSuite.php[39;22m:[39;1m685[39;22m
  [90m    PHPUnit\Framework\TestSuite::run(Object(PHPUnit\Framework\TestResult))[39m

  [33m61  [39m[39;1mC:\xampp\htdocs\drivelink\vendor\phpunit\phpunit\src\Framework\TestSuite.php[39;22m:[39;1m685[39;22m
  [90m    PHPUnit\Framework\TestSuite::run(Object(PHPUnit\Framework\TestResult))[39m

  [33m62  [39m[39;1mC:\xampp\htdocs\drivelink\vendor\phpunit\phpunit\src\TextUI\TestRunner.php[39;22m:[39;1m651[39;22m
  [90m    PHPUnit\Framework\TestSuite::run(Object(PHPUnit\Framework\TestResult))[39m

  [33m63  [39m[39;1mC:\xampp\htdocs\drivelink\vendor\phpunit\phpunit\src\TextUI\Command.php[39;22m:[39;1m146[39;22m
  [90m    PHPUnit\TextUI\TestRunner::run(Object(PHPUnit\Framework\TestSuite), [])[39m

  [33m64  [39m[39;1mC:\xampp\htdocs\drivelink\vendor\phpunit\phpunit\src\TextUI\Command.php[39;22m:[39;1m99[39;22m
  [90m    PHPUnit\TextUI\Command::run()[39m

  [33m65  [39m[39;1mC:\xampp\htdocs\drivelink\vendor\phpunit\phpunit\phpunit[39;22m:[39;1m107[39;22m
  [90m    PHPUnit\TextUI\Command::main()[39m

  [31;1m• Tests\Unit\ModelRelationshipsTest [39;22m> [31;1mdriver can create transactional data[39;22m
  [41;1m Illuminate\Database\QueryException [49;22m

[39;1m  SQLSTATE[42S01]: Base table or view already exists: 1050 Table 'permissions' already exists (SQL: create table `permissions` (`id` bigint unsigned not null auto_increment primary key, `name` varchar(255) not null, `guard_name` varchar(255) not null, `created_at` timestamp null, `updated_at` timestamp null) default character set utf8mb4 collate 'utf8mb4_unicode_ci')[39;22m

  at [32mC:\xampp\htdocs\drivelink\vendor\laravel\framework\src\Illuminate\Database\Connection.php[39m:[32m760[39m
    756▕         // If an exception occurs when attempting to run a query, we'll format the error
    757▕         // message to include the bindings with SQL, which will make this exception a
    758▕         // lot more helpful to the developer instead of just the database's errors.
    759▕         catch (Exception $e) {
  ➜ 760▕             throw new QueryException(
    761▕                 $query, $this->prepareBindings($bindings), $e
    762▕             );
    763▕         }
    764▕     }

  [33m1   [39m[39;1mC:\xampp\htdocs\drivelink\vendor\laravel\framework\src\Illuminate\Database\Connection.php[39;22m:[39;1m545[39;22m
  [90m    PDOException::("SQLSTATE[42S01]: Base table or view already exists: 1050 Table 'permissions' already exists")[39m

  [33m2   [39m[39;1mC:\xampp\htdocs\drivelink\vendor\laravel\framework\src\Illuminate\Database\Connection.php[39;22m:[39;1m545[39;22m
  [90m    PDOStatement::execute()[39m

  [33m3   [39m[39;1mC:\xampp\htdocs\drivelink\vendor\laravel\framework\src\Illuminate\Database\Connection.php[39;22m:[39;1m753[39;22m
  [90m    Illuminate\Database\Connection::Illuminate\Database\{closure}("create table `permissions` (`id` bigint unsigned not null auto_increment primary key, `name` varchar(255) not null, `guard_name` varchar(255) not null, `created_at` timestamp null, `updated_at` timestamp null) default character set utf8mb4 collate 'utf8mb4_unicode_ci'", [])[39m

  [33m4   [39m[39;1mC:\xampp\htdocs\drivelink\vendor\laravel\framework\src\Illuminate\Database\Connection.php[39;22m:[39;1m720[39;22m
  [90m    Illuminate\Database\Connection::runQueryCallback("create table `permissions` (`id` bigint unsigned not null auto_increment primary key, `name` varchar(255) not null, `guard_name` varchar(255) not null, `created_at` timestamp null, `updated_at` timestamp null) default character set utf8mb4 collate 'utf8mb4_unicode_ci'", [], Object(Closure))[39m

  [33m5   [39m[39;1mC:\xampp\htdocs\drivelink\vendor\laravel\framework\src\Illuminate\Database\Connection.php[39;22m:[39;1m534[39;22m
  [90m    Illuminate\Database\Connection::run("create table `permissions` (`id` bigint unsigned not null auto_increment primary key, `name` varchar(255) not null, `guard_name` varchar(255) not null, `created_at` timestamp null, `updated_at` timestamp null) default character set utf8mb4 collate 'utf8mb4_unicode_ci'", [], Object(Closure))[39m

  [33m6   [39m[39;1mC:\xampp\htdocs\drivelink\vendor\laravel\framework\src\Illuminate\Database\Schema\Blueprint.php[39;22m:[39;1m109[39;22m
  [90m    Illuminate\Database\Connection::statement("create table `permissions` (`id` bigint unsigned not null auto_increment primary key, `name` varchar(255) not null, `guard_name` varchar(255) not null, `created_at` timestamp null, `updated_at` timestamp null) default character set utf8mb4 collate 'utf8mb4_unicode_ci'")[39m

  [33m7   [39m[39;1mC:\xampp\htdocs\drivelink\vendor\laravel\framework\src\Illuminate\Database\Schema\Builder.php[39;22m:[39;1m439[39;22m
  [90m    Illuminate\Database\Schema\Blueprint::build(Object(Illuminate\Database\MySqlConnection), Object(Illuminate\Database\Schema\Grammars\MySqlGrammar))[39m

  [33m8   [39m[39;1mC:\xampp\htdocs\drivelink\vendor\laravel\framework\src\Illuminate\Database\Schema\Builder.php[39;22m:[39;1m281[39;22m
  [90m    Illuminate\Database\Schema\Builder::build(Object(Illuminate\Database\Schema\Blueprint))[39m

  [33m9   [39m[39;1mC:\xampp\htdocs\drivelink\vendor\laravel\framework\src\Illuminate\Support\Facades\Facade.php[39;22m:[39;1m338[39;22m
  [90m    Illuminate\Database\Schema\Builder::create("permissions", Object(Closure))[39m

  [33m10  [39m[39;1mC:\xampp\htdocs\drivelink\database\migrations\2025_10_16_113821_create_permission_tables.php[39;22m:[39;1m23[39;22m
  [90m    Illuminate\Support\Facades\Facade::__callStatic("create")[39m

  [33m11  [39m[39;1mC:\xampp\htdocs\drivelink\vendor\laravel\framework\src\Illuminate\Database\Migrations\Migrator.php[39;22m:[39;1m496[39;22m
  [90m    Illuminate\Database\Migrations\Migration@anonymous\C:\xampp\htdocs\drivelink\database\migrations\2025_10_16_113821_create_permission_tables.php:7$1bc::up()[39m

  [33m12  [39m[39;1mC:\xampp\htdocs\drivelink\vendor\laravel\framework\src\Illuminate\Database\Migrations\Migrator.php[39;22m:[39;1m414[39;22m
  [90m    Illuminate\Database\Migrations\Migrator::runMethod(Object(Illuminate\Database\MySqlConnection), Object(Illuminate\Database\Migrations\Migration@anonymous\C:\xampp\htdocs\drivelink\database\migrations\2025_10_16_113821_create_permission_tables.php:7$1bc), "up")[39m

  [33m13  [39m[39;1mC:\xampp\htdocs\drivelink\vendor\laravel\framework\src\Illuminate\Database\Migrations\Migrator.php[39;22m:[39;1m423[39;22m
  [90m    Illuminate\Database\Migrations\Migrator::Illuminate\Database\Migrations\{closure}()[39m

  [33m14  [39m[39;1mC:\xampp\htdocs\drivelink\vendor\laravel\framework\src\Illuminate\Database\Migrations\Migrator.php[39;22m:[39;1m224[39;22m
  [90m    Illuminate\Database\Migrations\Migrator::runMigration(Object(Illuminate\Database\Migrations\Migration@anonymous\C:\xampp\htdocs\drivelink\database\migrations\2025_10_16_113821_create_permission_tables.php:7$1bc), "up")[39m

  [33m15  [39m[39;1mC:\xampp\htdocs\drivelink\vendor\laravel\framework\src\Illuminate\Console\View\Components\Task.php[39;22m:[39;1m37[39;22m
  [90m    Illuminate\Database\Migrations\Migrator::Illuminate\Database\Migrations\{closure}()[39m

  [33m16  [39m[39;1mC:\xampp\htdocs\drivelink\vendor\laravel\framework\src\Illuminate\Database\Migrations\Migrator.php[39;22m:[39;1m778[39;22m
  [90m    Illuminate\Console\View\Components\Task::render("2025_10_16_113821_create_permission_tables", Object(Closure))[39m

  [33m17  [39m[39;1mC:\xampp\htdocs\drivelink\vendor\laravel\framework\src\Illuminate\Database\Migrations\Migrator.php[39;22m:[39;1m224[39;22m
  [90m    Illuminate\Database\Migrations\Migrator::write("Illuminate\Console\View\Components\Task", "2025_10_16_113821_create_permission_tables", Object(Closure))[39m

  [33m18  [39m[39;1mC:\xampp\htdocs\drivelink\vendor\laravel\framework\src\Illuminate\Database\Migrations\Migrator.php[39;22m:[39;1m189[39;22m
  [90m    Illuminate\Database\Migrations\Migrator::runUp("C:\xampp\htdocs\drivelink\database\migrations/2025_10_16_113821_create_permission_tables.php")[39m

  [33m19  [39m[39;1mC:\xampp\htdocs\drivelink\vendor\laravel\framework\src\Illuminate\Database\Migrations\Migrator.php[39;22m:[39;1m132[39;22m
  [90m    Illuminate\Database\Migrations\Migrator::runPending([])[39m

  [33m20  [39m[39;1mC:\xampp\htdocs\drivelink\vendor\laravel\framework\src\Illuminate\Database\Console\Migrations\MigrateCommand.php[39;22m:[39;1m88[39;22m
  [90m    Illuminate\Database\Migrations\Migrator::run([])[39m

  [33m21  [39m[39;1mC:\xampp\htdocs\drivelink\vendor\laravel\framework\src\Illuminate\Database\Migrations\Migrator.php[39;22m:[39;1m636[39;22m
  [90m    Illuminate\Database\Console\Migrations\MigrateCommand::Illuminate\Database\Console\Migrations\{closure}()[39m

  [33m22  [39m[39;1mC:\xampp\htdocs\drivelink\vendor\laravel\framework\src\Illuminate\Database\Console\Migrations\MigrateCommand.php[39;22m:[39;1m81[39;22m
  [90m    Illuminate\Database\Migrations\Migrator::usingConnection(Object(Closure))[39m

  [33m23  [39m[39;1mC:\xampp\htdocs\drivelink\vendor\laravel\framework\src\Illuminate\Container\BoundMethod.php[39;22m:[39;1m36[39;22m
  [90m    Illuminate\Database\Console\Migrations\MigrateCommand::handle()[39m

  [33m24  [39m[39;1mC:\xampp\htdocs\drivelink\vendor\laravel\framework\src\Illuminate\Container\Util.php[39;22m:[39;1m41[39;22m
  [90m    Illuminate\Container\BoundMethod::Illuminate\Container\{closure}()[39m

  [33m25  [39m[39;1mC:\xampp\htdocs\drivelink\vendor\laravel\framework\src\Illuminate\Container\BoundMethod.php[39;22m:[39;1m93[39;22m
  [90m    Illuminate\Container\Util::unwrapIfClosure(Object(Closure))[39m

  [33m26  [39m[39;1mC:\xampp\htdocs\drivelink\vendor\laravel\framework\src\Illuminate\Container\BoundMethod.php[39;22m:[39;1m35[39;22m
  [90m    Illuminate\Container\BoundMethod::callBoundMethod(Object(Illuminate\Foundation\Application), Object(Closure))[39m

  [33m27  [39m[39;1mC:\xampp\htdocs\drivelink\vendor\laravel\framework\src\Illuminate\Container\Container.php[39;22m:[39;1m661[39;22m
  [90m    Illuminate\Container\BoundMethod::call(Object(Illuminate\Foundation\Application), [])[39m

  [33m28  [39m[39;1mC:\xampp\htdocs\drivelink\vendor\laravel\framework\src\Illuminate\Console\Command.php[39;22m:[39;1m183[39;22m
  [90m    Illuminate\Container\Container::call()[39m

  [33m29  [39m[39;1mC:\xampp\htdocs\drivelink\vendor\symfony\console\Command\Command.php[39;22m:[39;1m291[39;22m
  [90m    Illuminate\Console\Command::execute(Object(Symfony\Component\Console\Input\ArrayInput), Object(Mockery_1_Illuminate_Console_OutputStyle))[39m

  [33m30  [39m[39;1mC:\xampp\htdocs\drivelink\vendor\laravel\framework\src\Illuminate\Console\Command.php[39;22m:[39;1m152[39;22m
  [90m    Symfony\Component\Console\Command\Command::run(Object(Symfony\Component\Console\Input\ArrayInput), Object(Mockery_1_Illuminate_Console_OutputStyle))[39m

  [33m31  [39m[39;1mC:\xampp\htdocs\drivelink\vendor\laravel\framework\src\Illuminate\Console\Concerns\CallsCommands.php[39;22m:[39;1m67[39;22m
  [90m    Illuminate\Console\Command::run(Object(Symfony\Component\Console\Input\ArrayInput), Object(Mockery_1_Illuminate_Console_OutputStyle))[39m

  [33m32  [39m[39;1mC:\xampp\htdocs\drivelink\vendor\laravel\framework\src\Illuminate\Console\Concerns\CallsCommands.php[39;22m:[39;1m28[39;22m
  [90m    Illuminate\Console\Command::runCommand("migrate", ["migrate"], Object(Mockery_1_Illuminate_Console_OutputStyle))[39m

  [33m33  [39m[39;1mC:\xampp\htdocs\drivelink\vendor\laravel\framework\src\Illuminate\Database\Console\Migrations\FreshCommand.php[39;22m:[39;1m53[39;22m
  [90m    Illuminate\Console\Command::call("migrate", [])[39m

  [33m34  [39m[39;1mC:\xampp\htdocs\drivelink\vendor\laravel\framework\src\Illuminate\Container\BoundMethod.php[39;22m:[39;1m36[39;22m
  [90m    Illuminate\Database\Console\Migrations\FreshCommand::handle()[39m

  [33m35  [39m[39;1mC:\xampp\htdocs\drivelink\vendor\laravel\framework\src\Illuminate\Container\Util.php[39;22m:[39;1m41[39;22m
  [90m    Illuminate\Container\BoundMethod::Illuminate\Container\{closure}()[39m

  [33m36  [39m[39;1mC:\xampp\htdocs\drivelink\vendor\laravel\framework\src\Illuminate\Container\BoundMethod.php[39;22m:[39;1m93[39;22m
  [90m    Illuminate\Container\Util::unwrapIfClosure(Object(Closure))[39m

  [33m37  [39m[39;1mC:\xampp\htdocs\drivelink\vendor\laravel\framework\src\Illuminate\Container\BoundMethod.php[39;22m:[39;1m35[39;22m
  [90m    Illuminate\Container\BoundMethod::callBoundMethod(Object(Illuminate\Foundation\Application), Object(Closure))[39m

  [33m38  [39m[39;1mC:\xampp\htdocs\drivelink\vendor\laravel\framework\src\Illuminate\Container\Container.php[39;22m:[39;1m661[39;22m
  [90m    Illuminate\Container\BoundMethod::call(Object(Illuminate\Foundation\Application), [])[39m

  [33m39  [39m[39;1mC:\xampp\htdocs\drivelink\vendor\laravel\framework\src\Illuminate\Console\Command.php[39;22m:[39;1m183[39;22m
  [90m    Illuminate\Container\Container::call()[39m

  [33m40  [39m[39;1mC:\xampp\htdocs\drivelink\vendor\symfony\console\Command\Command.php[39;22m:[39;1m291[39;22m
  [90m    Illuminate\Console\Command::execute(Object(Symfony\Component\Console\Input\ArrayInput), Object(Mockery_1_Illuminate_Console_OutputStyle))[39m

  [33m41  [39m[39;1mC:\xampp\htdocs\drivelink\vendor\laravel\framework\src\Illuminate\Console\Command.php[39;22m:[39;1m152[39;22m
  [90m    Symfony\Component\Console\Command\Command::run(Object(Symfony\Component\Console\Input\ArrayInput), Object(Mockery_1_Illuminate_Console_OutputStyle))[39m

  [33m42  [39m[39;1mC:\xampp\htdocs\drivelink\vendor\symfony\console\Application.php[39;22m:[39;1m1014[39;22m
  [90m    Illuminate\Console\Command::run(Object(Symfony\Component\Console\Input\ArrayInput), Object(Mockery_1_Illuminate_Console_OutputStyle))[39m

  [33m43  [39m[39;1mC:\xampp\htdocs\drivelink\vendor\symfony\console\Application.php[39;22m:[39;1m301[39;22m
  [90m    Symfony\Component\Console\Application::doRunCommand(Object(Illuminate\Database\Console\Migrations\FreshCommand), Object(Symfony\Component\Console\Input\ArrayInput), Object(Mockery_1_Illuminate_Console_OutputStyle))[39m

  [33m44  [39m[39;1mC:\xampp\htdocs\drivelink\vendor\symfony\console\Application.php[39;22m:[39;1m171[39;22m
  [90m    Symfony\Component\Console\Application::doRun(Object(Symfony\Component\Console\Input\ArrayInput), Object(Mockery_1_Illuminate_Console_OutputStyle))[39m

  [33m45  [39m[39;1mC:\xampp\htdocs\drivelink\vendor\laravel\framework\src\Illuminate\Console\Application.php[39;22m:[39;1m102[39;22m
  [90m    Symfony\Component\Console\Application::run(Object(Symfony\Component\Console\Input\ArrayInput), Object(Mockery_1_Illuminate_Console_OutputStyle))[39m

  [33m46  [39m[39;1mC:\xampp\htdocs\drivelink\vendor\laravel\framework\src\Illuminate\Console\Application.php[39;22m:[39;1m193[39;22m
  [90m    Illuminate\Console\Application::run(Object(Symfony\Component\Console\Input\ArrayInput), Object(Mockery_1_Illuminate_Console_OutputStyle))[39m

  [33m47  [39m[39;1mC:\xampp\htdocs\drivelink\vendor\laravel\framework\src\Illuminate\Foundation\Console\Kernel.php[39;22m:[39;1m336[39;22m
  [90m    Illuminate\Console\Application::call("migrate:fresh", [], Object(Mockery_1_Illuminate_Console_OutputStyle))[39m

  [33m48  [39m[39;1mC:\xampp\htdocs\drivelink\vendor\laravel\framework\src\Illuminate\Testing\PendingCommand.php[39;22m:[39;1m296[39;22m
  [90m    Illuminate\Foundation\Console\Kernel::call("migrate:fresh", [], Object(Mockery_1_Illuminate_Console_OutputStyle))[39m

  [33m49  [39m[39;1mC:\xampp\htdocs\drivelink\vendor\laravel\framework\src\Illuminate\Testing\PendingCommand.php[39;22m:[39;1m481[39;22m
  [90m    Illuminate\Testing\PendingCommand::run()[39m

  [33m50  [39m[39;1mC:\xampp\htdocs\drivelink\vendor\laravel\framework\src\Illuminate\Foundation\Testing\Concerns\InteractsWithConsole.php[39;22m:[39;1m80[39;22m
  [90m    Illuminate\Testing\PendingCommand::__destruct()[39m

  [33m51  [39m[39;1mC:\xampp\htdocs\drivelink\vendor\laravel\framework\src\Illuminate\Foundation\Testing\RefreshDatabase.php[39;22m:[39;1m73[39;22m
  [90m    Illuminate\Foundation\Testing\TestCase::artisan("migrate:fresh", [])[39m

  [33m52  [39m[39;1mC:\xampp\htdocs\drivelink\vendor\laravel\framework\src\Illuminate\Foundation\Testing\RefreshDatabase.php[39;22m:[39;1m23[39;22m
  [90m    Tests\Unit\ModelRelationshipsTest::refreshTestDatabase()[39m

  [33m53  [39m[39;1mC:\xampp\htdocs\drivelink\vendor\laravel\framework\src\Illuminate\Foundation\Testing\TestCase.php[39;22m:[39;1m127[39;22m
  [90m    Tests\Unit\ModelRelationshipsTest::refreshDatabase()[39m

  [33m54  [39m[39;1mC:\xampp\htdocs\drivelink\vendor\laravel\framework\src\Illuminate\Foundation\Testing\TestCase.php[39;22m:[39;1m96[39;22m
  [90m    Illuminate\Foundation\Testing\TestCase::setUpTraits()[39m

  [33m55  [39m[39;1mC:\xampp\htdocs\drivelink\tests\TestCase.php[39;22m:[39;1m29[39;22m
  [90m    Illuminate\Foundation\Testing\TestCase::setUp()[39m

  [33m56  [39m[39;1mC:\xampp\htdocs\drivelink\vendor\phpunit\phpunit\src\Framework\TestCase.php[39;22m:[39;1m1216[39;22m
  [90m    Tests\TestCase::setUp()[39m

  [33m57  [39m[39;1mC:\xampp\htdocs\drivelink\vendor\phpunit\phpunit\src\Framework\TestResult.php[39;22m:[39;1m729[39;22m
  [90m    PHPUnit\Framework\TestCase::runBare()[39m

  [33m58  [39m[39;1mC:\xampp\htdocs\drivelink\vendor\phpunit\phpunit\src\Framework\TestCase.php[39;22m:[39;1m973[39;22m
  [90m    PHPUnit\Framework\TestResult::run(Object(Tests\Unit\ModelRelationshipsTest))[39m

  [33m59  [39m[39;1mC:\xampp\htdocs\drivelink\vendor\phpunit\phpunit\src\Framework\TestSuite.php[39;22m:[39;1m685[39;22m
  [90m    PHPUnit\Framework\TestCase::run(Object(PHPUnit\Framework\TestResult))[39m

  [33m60  [39m[39;1mC:\xampp\htdocs\drivelink\vendor\phpunit\phpunit\src\Framework\TestSuite.php[39;22m:[39;1m685[39;22m
  [90m    PHPUnit\Framework\TestSuite::run(Object(PHPUnit\Framework\TestResult))[39m

  [33m61  [39m[39;1mC:\xampp\htdocs\drivelink\vendor\phpunit\phpunit\src\Framework\TestSuite.php[39;22m:[39;1m685[39;22m
  [90m    PHPUnit\Framework\TestSuite::run(Object(PHPUnit\Framework\TestResult))[39m

  [33m62  [39m[39;1mC:\xampp\htdocs\drivelink\vendor\phpunit\phpunit\src\TextUI\TestRunner.php[39;22m:[39;1m651[39;22m
  [90m    PHPUnit\Framework\TestSuite::run(Object(PHPUnit\Framework\TestResult))[39m

  [33m63  [39m[39;1mC:\xampp\htdocs\drivelink\vendor\phpunit\phpunit\src\TextUI\Command.php[39;22m:[39;1m146[39;22m
  [90m    PHPUnit\TextUI\TestRunner::run(Object(PHPUnit\Framework\TestSuite), [])[39m

  [33m64  [39m[39;1mC:\xampp\htdocs\drivelink\vendor\phpunit\phpunit\src\TextUI\Command.php[39;22m:[39;1m99[39;22m
  [90m    PHPUnit\TextUI\Command::run()[39m

  [33m65  [39m[39;1mC:\xampp\htdocs\drivelink\vendor\phpunit\phpunit\phpunit[39;22m:[39;1m107[39;22m
  [90m    PHPUnit\TextUI\Command::main()[39m

  [31;1m• Tests\Unit\ModelRelationshipsTest [39;22m> [31;1mdriver cascading delete works[39;22m
  [41;1m Illuminate\Database\QueryException [49;22m

[39;1m  SQLSTATE[42S01]: Base table or view already exists: 1050 Table 'permissions' already exists (SQL: create table `permissions` (`id` bigint unsigned not null auto_increment primary key, `name` varchar(255) not null, `guard_name` varchar(255) not null, `created_at` timestamp null, `updated_at` timestamp null) default character set utf8mb4 collate 'utf8mb4_unicode_ci')[39;22m

  at [32mC:\xampp\htdocs\drivelink\vendor\laravel\framework\src\Illuminate\Database\Connection.php[39m:[32m760[39m
    756▕         // If an exception occurs when attempting to run a query, we'll format the error
    757▕         // message to include the bindings with SQL, which will make this exception a
    758▕         // lot more helpful to the developer instead of just the database's errors.
    759▕         catch (Exception $e) {
  ➜ 760▕             throw new QueryException(
    761▕                 $query, $this->prepareBindings($bindings), $e
    762▕             );
    763▕         }
    764▕     }

  [33m1   [39m[39;1mC:\xampp\htdocs\drivelink\vendor\laravel\framework\src\Illuminate\Database\Connection.php[39;22m:[39;1m545[39;22m
  [90m    PDOException::("SQLSTATE[42S01]: Base table or view already exists: 1050 Table 'permissions' already exists")[39m

  [33m2   [39m[39;1mC:\xampp\htdocs\drivelink\vendor\laravel\framework\src\Illuminate\Database\Connection.php[39;22m:[39;1m545[39;22m
  [90m    PDOStatement::execute()[39m

  [33m3   [39m[39;1mC:\xampp\htdocs\drivelink\vendor\laravel\framework\src\Illuminate\Database\Connection.php[39;22m:[39;1m753[39;22m
  [90m    Illuminate\Database\Connection::Illuminate\Database\{closure}("create table `permissions` (`id` bigint unsigned not null auto_increment primary key, `name` varchar(255) not null, `guard_name` varchar(255) not null, `created_at` timestamp null, `updated_at` timestamp null) default character set utf8mb4 collate 'utf8mb4_unicode_ci'", [])[39m

  [33m4   [39m[39;1mC:\xampp\htdocs\drivelink\vendor\laravel\framework\src\Illuminate\Database\Connection.php[39;22m:[39;1m720[39;22m
  [90m    Illuminate\Database\Connection::runQueryCallback("create table `permissions` (`id` bigint unsigned not null auto_increment primary key, `name` varchar(255) not null, `guard_name` varchar(255) not null, `created_at` timestamp null, `updated_at` timestamp null) default character set utf8mb4 collate 'utf8mb4_unicode_ci'", [], Object(Closure))[39m

  [33m5   [39m[39;1mC:\xampp\htdocs\drivelink\vendor\laravel\framework\src\Illuminate\Database\Connection.php[39;22m:[39;1m534[39;22m
  [90m    Illuminate\Database\Connection::run("create table `permissions` (`id` bigint unsigned not null auto_increment primary key, `name` varchar(255) not null, `guard_name` varchar(255) not null, `created_at` timestamp null, `updated_at` timestamp null) default character set utf8mb4 collate 'utf8mb4_unicode_ci'", [], Object(Closure))[39m

  [33m6   [39m[39;1mC:\xampp\htdocs\drivelink\vendor\laravel\framework\src\Illuminate\Database\Schema\Blueprint.php[39;22m:[39;1m109[39;22m
  [90m    Illuminate\Database\Connection::statement("create table `permissions` (`id` bigint unsigned not null auto_increment primary key, `name` varchar(255) not null, `guard_name` varchar(255) not null, `created_at` timestamp null, `updated_at` timestamp null) default character set utf8mb4 collate 'utf8mb4_unicode_ci'")[39m

  [33m7   [39m[39;1mC:\xampp\htdocs\drivelink\vendor\laravel\framework\src\Illuminate\Database\Schema\Builder.php[39;22m:[39;1m439[39;22m
  [90m    Illuminate\Database\Schema\Blueprint::build(Object(Illuminate\Database\MySqlConnection), Object(Illuminate\Database\Schema\Grammars\MySqlGrammar))[39m

  [33m8   [39m[39;1mC:\xampp\htdocs\drivelink\vendor\laravel\framework\src\Illuminate\Database\Schema\Builder.php[39;22m:[39;1m281[39;22m
  [90m    Illuminate\Database\Schema\Builder::build(Object(Illuminate\Database\Schema\Blueprint))[39m

  [33m9   [39m[39;1mC:\xampp\htdocs\drivelink\vendor\laravel\framework\src\Illuminate\Support\Facades\Facade.php[39;22m:[39;1m338[39;22m
  [90m    Illuminate\Database\Schema\Builder::create("permissions", Object(Closure))[39m

  [33m10  [39m[39;1mC:\xampp\htdocs\drivelink\database\migrations\2025_10_16_113821_create_permission_tables.php[39;22m:[39;1m23[39;22m
  [90m    Illuminate\Support\Facades\Facade::__callStatic("create")[39m

  [33m11  [39m[39;1mC:\xampp\htdocs\drivelink\vendor\laravel\framework\src\Illuminate\Database\Migrations\Migrator.php[39;22m:[39;1m496[39;22m
  [90m    Illuminate\Database\Migrations\Migration@anonymous\C:\xampp\htdocs\drivelink\database\migrations\2025_10_16_113821_create_permission_tables.php:7$1bc::up()[39m

  [33m12  [39m[39;1mC:\xampp\htdocs\drivelink\vendor\laravel\framework\src\Illuminate\Database\Migrations\Migrator.php[39;22m:[39;1m414[39;22m
  [90m    Illuminate\Database\Migrations\Migrator::runMethod(Object(Illuminate\Database\MySqlConnection), Object(Illuminate\Database\Migrations\Migration@anonymous\C:\xampp\htdocs\drivelink\database\migrations\2025_10_16_113821_create_permission_tables.php:7$1bc), "up")[39m

  [33m13  [39m[39;1mC:\xampp\htdocs\drivelink\vendor\laravel\framework\src\Illuminate\Database\Migrations\Migrator.php[39;22m:[39;1m423[39;22m
  [90m    Illuminate\Database\Migrations\Migrator::Illuminate\Database\Migrations\{closure}()[39m

  [33m14  [39m[39;1mC:\xampp\htdocs\drivelink\vendor\laravel\framework\src\Illuminate\Database\Migrations\Migrator.php[39;22m:[39;1m224[39;22m
  [90m    Illuminate\Database\Migrations\Migrator::runMigration(Object(Illuminate\Database\Migrations\Migration@anonymous\C:\xampp\htdocs\drivelink\database\migrations\2025_10_16_113821_create_permission_tables.php:7$1bc), "up")[39m

  [33m15  [39m[39;1mC:\xampp\htdocs\drivelink\vendor\laravel\framework\src\Illuminate\Console\View\Components\Task.php[39;22m:[39;1m37[39;22m
  [90m    Illuminate\Database\Migrations\Migrator::Illuminate\Database\Migrations\{closure}()[39m

  [33m16  [39m[39;1mC:\xampp\htdocs\drivelink\vendor\laravel\framework\src\Illuminate\Database\Migrations\Migrator.php[39;22m:[39;1m778[39;22m
  [90m    Illuminate\Console\View\Components\Task::render("2025_10_16_113821_create_permission_tables", Object(Closure))[39m

  [33m17  [39m[39;1mC:\xampp\htdocs\drivelink\vendor\laravel\framework\src\Illuminate\Database\Migrations\Migrator.php[39;22m:[39;1m224[39;22m
  [90m    Illuminate\Database\Migrations\Migrator::write("Illuminate\Console\View\Components\Task", "2025_10_16_113821_create_permission_tables", Object(Closure))[39m

  [33m18  [39m[39;1mC:\xampp\htdocs\drivelink\vendor\laravel\framework\src\Illuminate\Database\Migrations\Migrator.php[39;22m:[39;1m189[39;22m
  [90m    Illuminate\Database\Migrations\Migrator::runUp("C:\xampp\htdocs\drivelink\database\migrations/2025_10_16_113821_create_permission_tables.php")[39m

  [33m19  [39m[39;1mC:\xampp\htdocs\drivelink\vendor\laravel\framework\src\Illuminate\Database\Migrations\Migrator.php[39;22m:[39;1m132[39;22m
  [90m    Illuminate\Database\Migrations\Migrator::runPending([])[39m

  [33m20  [39m[39;1mC:\xampp\htdocs\drivelink\vendor\laravel\framework\src\Illuminate\Database\Console\Migrations\MigrateCommand.php[39;22m:[39;1m88[39;22m
  [90m    Illuminate\Database\Migrations\Migrator::run([])[39m

  [33m21  [39m[39;1mC:\xampp\htdocs\drivelink\vendor\laravel\framework\src\Illuminate\Database\Migrations\Migrator.php[39;22m:[39;1m636[39;22m
  [90m    Illuminate\Database\Console\Migrations\MigrateCommand::Illuminate\Database\Console\Migrations\{closure}()[39m

  [33m22  [39m[39;1mC:\xampp\htdocs\drivelink\vendor\laravel\framework\src\Illuminate\Database\Console\Migrations\MigrateCommand.php[39;22m:[39;1m81[39;22m
  [90m    Illuminate\Database\Migrations\Migrator::usingConnection(Object(Closure))[39m

  [33m23  [39m[39;1mC:\xampp\htdocs\drivelink\vendor\laravel\framework\src\Illuminate\Container\BoundMethod.php[39;22m:[39;1m36[39;22m
  [90m    Illuminate\Database\Console\Migrations\MigrateCommand::handle()[39m

  [33m24  [39m[39;1mC:\xampp\htdocs\drivelink\vendor\laravel\framework\src\Illuminate\Container\Util.php[39;22m:[39;1m41[39;22m
  [90m    Illuminate\Container\BoundMethod::Illuminate\Container\{closure}()[39m

  [33m25  [39m[39;1mC:\xampp\htdocs\drivelink\vendor\laravel\framework\src\Illuminate\Container\BoundMethod.php[39;22m:[39;1m93[39;22m
  [90m    Illuminate\Container\Util::unwrapIfClosure(Object(Closure))[39m

  [33m26  [39m[39;1mC:\xampp\htdocs\drivelink\vendor\laravel\framework\src\Illuminate\Container\BoundMethod.php[39;22m:[39;1m35[39;22m
  [90m    Illuminate\Container\BoundMethod::callBoundMethod(Object(Illuminate\Foundation\Application), Object(Closure))[39m

  [33m27  [39m[39;1mC:\xampp\htdocs\drivelink\vendor\laravel\framework\src\Illuminate\Container\Container.php[39;22m:[39;1m661[39;22m
  [90m    Illuminate\Container\BoundMethod::call(Object(Illuminate\Foundation\Application), [])[39m

  [33m28  [39m[39;1mC:\xampp\htdocs\drivelink\vendor\laravel\framework\src\Illuminate\Console\Command.php[39;22m:[39;1m183[39;22m
  [90m    Illuminate\Container\Container::call()[39m

  [33m29  [39m[39;1mC:\xampp\htdocs\drivelink\vendor\symfony\console\Command\Command.php[39;22m:[39;1m291[39;22m
  [90m    Illuminate\Console\Command::execute(Object(Symfony\Component\Console\Input\ArrayInput), Object(Mockery_1_Illuminate_Console_OutputStyle))[39m

  [33m30  [39m[39;1mC:\xampp\htdocs\drivelink\vendor\laravel\framework\src\Illuminate\Console\Command.php[39;22m:[39;1m152[39;22m
  [90m    Symfony\Component\Console\Command\Command::run(Object(Symfony\Component\Console\Input\ArrayInput), Object(Mockery_1_Illuminate_Console_OutputStyle))[39m

  [33m31  [39m[39;1mC:\xampp\htdocs\drivelink\vendor\laravel\framework\src\Illuminate\Console\Concerns\CallsCommands.php[39;22m:[39;1m67[39;22m
  [90m    Illuminate\Console\Command::run(Object(Symfony\Component\Console\Input\ArrayInput), Object(Mockery_1_Illuminate_Console_OutputStyle))[39m

  [33m32  [39m[39;1mC:\xampp\htdocs\drivelink\vendor\laravel\framework\src\Illuminate\Console\Concerns\CallsCommands.php[39;22m:[39;1m28[39;22m
  [90m    Illuminate\Console\Command::runCommand("migrate", ["migrate"], Object(Mockery_1_Illuminate_Console_OutputStyle))[39m

  [33m33  [39m[39;1mC:\xampp\htdocs\drivelink\vendor\laravel\framework\src\Illuminate\Database\Console\Migrations\FreshCommand.php[39;22m:[39;1m53[39;22m
  [90m    Illuminate\Console\Command::call("migrate", [])[39m

  [33m34  [39m[39;1mC:\xampp\htdocs\drivelink\vendor\laravel\framework\src\Illuminate\Container\BoundMethod.php[39;22m:[39;1m36[39;22m
  [90m    Illuminate\Database\Console\Migrations\FreshCommand::handle()[39m

  [33m35  [39m[39;1mC:\xampp\htdocs\drivelink\vendor\laravel\framework\src\Illuminate\Container\Util.php[39;22m:[39;1m41[39;22m
  [90m    Illuminate\Container\BoundMethod::Illuminate\Container\{closure}()[39m

  [33m36  [39m[39;1mC:\xampp\htdocs\drivelink\vendor\laravel\framework\src\Illuminate\Container\BoundMethod.php[39;22m:[39;1m93[39;22m
  [90m    Illuminate\Container\Util::unwrapIfClosure(Object(Closure))[39m

  [33m37  [39m[39;1mC:\xampp\htdocs\drivelink\vendor\laravel\framework\src\Illuminate\Container\BoundMethod.php[39;22m:[39;1m35[39;22m
  [90m    Illuminate\Container\BoundMethod::callBoundMethod(Object(Illuminate\Foundation\Application), Object(Closure))[39m

  [33m38  [39m[39;1mC:\xampp\htdocs\drivelink\vendor\laravel\framework\src\Illuminate\Container\Container.php[39;22m:[39;1m661[39;22m
  [90m    Illuminate\Container\BoundMethod::call(Object(Illuminate\Foundation\Application), [])[39m

  [33m39  [39m[39;1mC:\xampp\htdocs\drivelink\vendor\laravel\framework\src\Illuminate\Console\Command.php[39;22m:[39;1m183[39;22m
  [90m    Illuminate\Container\Container::call()[39m

  [33m40  [39m[39;1mC:\xampp\htdocs\drivelink\vendor\symfony\console\Command\Command.php[39;22m:[39;1m291[39;22m
  [90m    Illuminate\Console\Command::execute(Object(Symfony\Component\Console\Input\ArrayInput), Object(Mockery_1_Illuminate_Console_OutputStyle))[39m

  [33m41  [39m[39;1mC:\xampp\htdocs\drivelink\vendor\laravel\framework\src\Illuminate\Console\Command.php[39;22m:[39;1m152[39;22m
  [90m    Symfony\Component\Console\Command\Command::run(Object(Symfony\Component\Console\Input\ArrayInput), Object(Mockery_1_Illuminate_Console_OutputStyle))[39m

  [33m42  [39m[39;1mC:\xampp\htdocs\drivelink\vendor\symfony\console\Application.php[39;22m:[39;1m1014[39;22m
  [90m    Illuminate\Console\Command::run(Object(Symfony\Component\Console\Input\ArrayInput), Object(Mockery_1_Illuminate_Console_OutputStyle))[39m

  [33m43  [39m[39;1mC:\xampp\htdocs\drivelink\vendor\symfony\console\Application.php[39;22m:[39;1m301[39;22m
  [90m    Symfony\Component\Console\Application::doRunCommand(Object(Illuminate\Database\Console\Migrations\FreshCommand), Object(Symfony\Component\Console\Input\ArrayInput), Object(Mockery_1_Illuminate_Console_OutputStyle))[39m

  [33m44  [39m[39;1mC:\xampp\htdocs\drivelink\vendor\symfony\console\Application.php[39;22m:[39;1m171[39;22m
  [90m    Symfony\Component\Console\Application::doRun(Object(Symfony\Component\Console\Input\ArrayInput), Object(Mockery_1_Illuminate_Console_OutputStyle))[39m

  [33m45  [39m[39;1mC:\xampp\htdocs\drivelink\vendor\laravel\framework\src\Illuminate\Console\Application.php[39;22m:[39;1m102[39;22m
  [90m    Symfony\Component\Console\Application::run(Object(Symfony\Component\Console\Input\ArrayInput), Object(Mockery_1_Illuminate_Console_OutputStyle))[39m

  [33m46  [39m[39;1mC:\xampp\htdocs\drivelink\vendor\laravel\framework\src\Illuminate\Console\Application.php[39;22m:[39;1m193[39;22m
  [90m    Illuminate\Console\Application::run(Object(Symfony\Component\Console\Input\ArrayInput), Object(Mockery_1_Illuminate_Console_OutputStyle))[39m

  [33m47  [39m[39;1mC:\xampp\htdocs\drivelink\vendor\laravel\framework\src\Illuminate\Foundation\Console\Kernel.php[39;22m:[39;1m336[39;22m
  [90m    Illuminate\Console\Application::call("migrate:fresh", [], Object(Mockery_1_Illuminate_Console_OutputStyle))[39m

  [33m48  [39m[39;1mC:\xampp\htdocs\drivelink\vendor\laravel\framework\src\Illuminate\Testing\PendingCommand.php[39;22m:[39;1m296[39;22m
  [90m    Illuminate\Foundation\Console\Kernel::call("migrate:fresh", [], Object(Mockery_1_Illuminate_Console_OutputStyle))[39m

  [33m49  [39m[39;1mC:\xampp\htdocs\drivelink\vendor\laravel\framework\src\Illuminate\Testing\PendingCommand.php[39;22m:[39;1m481[39;22m
  [90m    Illuminate\Testing\PendingCommand::run()[39m

  [33m50  [39m[39;1mC:\xampp\htdocs\drivelink\vendor\laravel\framework\src\Illuminate\Foundation\Testing\Concerns\InteractsWithConsole.php[39;22m:[39;1m80[39;22m
  [90m    Illuminate\Testing\PendingCommand::__destruct()[39m

  [33m51  [39m[39;1mC:\xampp\htdocs\drivelink\vendor\laravel\framework\src\Illuminate\Foundation\Testing\RefreshDatabase.php[39;22m:[39;1m73[39;22m
  [90m    Illuminate\Foundation\Testing\TestCase::artisan("migrate:fresh", [])[39m

  [33m52  [39m[39;1mC:\xampp\htdocs\drivelink\vendor\laravel\framework\src\Illuminate\Foundation\Testing\RefreshDatabase.php[39;22m:[39;1m23[39;22m
  [90m    Tests\Unit\ModelRelationshipsTest::refreshTestDatabase()[39m

  [33m53  [39m[39;1mC:\xampp\htdocs\drivelink\vendor\laravel\framework\src\Illuminate\Foundation\Testing\TestCase.php[39;22m:[39;1m127[39;22m
  [90m    Tests\Unit\ModelRelationshipsTest::refreshDatabase()[39m

  [33m54  [39m[39;1mC:\xampp\htdocs\drivelink\vendor\laravel\framework\src\Illuminate\Foundation\Testing\TestCase.php[39;22m:[39;1m96[39;22m
  [90m    Illuminate\Foundation\Testing\TestCase::setUpTraits()[39m

  [33m55  [39m[39;1mC:\xampp\htdocs\drivelink\tests\TestCase.php[39;22m:[39;1m29[39;22m
  [90m    Illuminate\Foundation\Testing\TestCase::setUp()[39m

  [33m56  [39m[39;1mC:\xampp\htdocs\drivelink\vendor\phpunit\phpunit\src\Framework\TestCase.php[39;22m:[39;1m1216[39;22m
  [90m    Tests\TestCase::setUp()[39m

  [33m57  [39m[39;1mC:\xampp\htdocs\drivelink\vendor\phpunit\phpunit\src\Framework\TestResult.php[39;22m:[39;1m729[39;22m
  [90m    PHPUnit\Framework\TestCase::runBare()[39m

  [33m58  [39m[39;1mC:\xampp\htdocs\drivelink\vendor\phpunit\phpunit\src\Framework\TestCase.php[39;22m:[39;1m973[39;22m
  [90m    PHPUnit\Framework\TestResult::run(Object(Tests\Unit\ModelRelationshipsTest))[39m

  [33m59  [39m[39;1mC:\xampp\htdocs\drivelink\vendor\phpunit\phpunit\src\Framework\TestSuite.php[39;22m:[39;1m685[39;22m
  [90m    PHPUnit\Framework\TestCase::run(Object(PHPUnit\Framework\TestResult))[39m

  [33m60  [39m[39;1mC:\xampp\htdocs\drivelink\vendor\phpunit\phpunit\src\Framework\TestSuite.php[39;22m:[39;1m685[39;22m
  [90m    PHPUnit\Framework\TestSuite::run(Object(PHPUnit\Framework\TestResult))[39m

  [33m61  [39m[39;1mC:\xampp\htdocs\drivelink\vendor\phpunit\phpunit\src\Framework\TestSuite.php[39;22m:[39;1m685[39;22m
  [90m    PHPUnit\Framework\TestSuite::run(Object(PHPUnit\Framework\TestResult))[39m

  [33m62  [39m[39;1mC:\xampp\htdocs\drivelink\vendor\phpunit\phpunit\src\TextUI\TestRunner.php[39;22m:[39;1m651[39;22m
  [90m    PHPUnit\Framework\TestSuite::run(Object(PHPUnit\Framework\TestResult))[39m

  [33m63  [39m[39;1mC:\xampp\htdocs\drivelink\vendor\phpunit\phpunit\src\TextUI\Command.php[39;22m:[39;1m146[39;22m
  [90m    PHPUnit\TextUI\TestRunner::run(Object(PHPUnit\Framework\TestSuite), [])[39m

  [33m64  [39m[39;1mC:\xampp\htdocs\drivelink\vendor\phpunit\phpunit\src\TextUI\Command.php[39;22m:[39;1m99[39;22m
  [90m    PHPUnit\TextUI\Command::run()[39m

  [33m65  [39m[39;1mC:\xampp\htdocs\drivelink\vendor\phpunit\phpunit\phpunit[39;22m:[39;1m107[39;22m
  [90m    PHPUnit\TextUI\Command::main()[39m


  [37;1mTests:  [39;22m[31;1m14 failed[39;22m
  [37;1mTime:   [39;22m[39m199.20s[39m


